Component: ARM Compiler 5.06 update 6 (build 750) Tool: armlink [4d35ed]

==============================================================================

Section Cross References

    startup_stm32h743xx.o(RESET) refers to startup_stm32h743xx.o(STACK) for __initial_sp
    startup_stm32h743xx.o(RESET) refers to startup_stm32h743xx.o(.text) for Reset_Handler
    startup_stm32h743xx.o(RESET) refers to stm32h7xx_it.o(i.NMI_Handler) for NMI_Handler
    startup_stm32h743xx.o(RESET) refers to stm32h7xx_it.o(i.HardFault_Handler) for HardFault_Handler
    startup_stm32h743xx.o(RESET) refers to stm32h7xx_it.o(i.MemManage_Handler) for MemManage_Handler
    startup_stm32h743xx.o(RESET) refers to stm32h7xx_it.o(i.BusFault_Handler) for BusFault_Handler
    startup_stm32h743xx.o(RESET) refers to stm32h7xx_it.o(i.UsageFault_Handler) for UsageFault_Handler
    startup_stm32h743xx.o(RESET) refers to port.o(.emb_text) for SVC_Handler
    startup_stm32h743xx.o(RESET) refers to stm32h7xx_it.o(i.DebugMon_Handler) for DebugMon_Handler
    startup_stm32h743xx.o(RESET) refers to port.o(i.SysTick_Handler) for SysTick_Handler
    startup_stm32h743xx.o(RESET) refers to stm32h7xx_it.o(i.DMA1_Stream0_IRQHandler) for DMA1_Stream0_IRQHandler
    startup_stm32h743xx.o(RESET) refers to stm32h7xx_it.o(i.DMA1_Stream1_IRQHandler) for DMA1_Stream1_IRQHandler
    startup_stm32h743xx.o(RESET) refers to stm32h7xx_it.o(i.DMA1_Stream3_IRQHandler) for DMA1_Stream3_IRQHandler
    startup_stm32h743xx.o(RESET) refers to stm32h7xx_it.o(i.DMA1_Stream4_IRQHandler) for DMA1_Stream4_IRQHandler
    startup_stm32h743xx.o(RESET) refers to stm32h7xx_it.o(i.DMA1_Stream5_IRQHandler) for DMA1_Stream5_IRQHandler
    startup_stm32h743xx.o(RESET) refers to stm32h7xx_it.o(i.EXTI9_5_IRQHandler) for EXTI9_5_IRQHandler
    startup_stm32h743xx.o(RESET) refers to stm32h7xx_it.o(i.TIM1_UP_IRQHandler) for TIM1_UP_IRQHandler
    startup_stm32h743xx.o(RESET) refers to stm32h7xx_it.o(i.I2C2_EV_IRQHandler) for I2C2_EV_IRQHandler
    startup_stm32h743xx.o(RESET) refers to stm32h7xx_it.o(i.I2C2_ER_IRQHandler) for I2C2_ER_IRQHandler
    startup_stm32h743xx.o(RESET) refers to stm32h7xx_it.o(i.SPI1_IRQHandler) for SPI1_IRQHandler
    startup_stm32h743xx.o(RESET) refers to stm32h7xx_it.o(i.USART1_IRQHandler) for USART1_IRQHandler
    startup_stm32h743xx.o(RESET) refers to stm32h7xx_it.o(i.USART2_IRQHandler) for USART2_IRQHandler
    startup_stm32h743xx.o(RESET) refers to stm32h7xx_it.o(i.TIM6_DAC_IRQHandler) for TIM6_DAC_IRQHandler
    startup_stm32h743xx.o(RESET) refers to stm32h7xx_it.o(i.TIM7_IRQHandler) for TIM7_IRQHandler
    startup_stm32h743xx.o(RESET) refers to stm32h7xx_it.o(i.DMA2_Stream0_IRQHandler) for DMA2_Stream0_IRQHandler
    startup_stm32h743xx.o(RESET) refers to stm32h7xx_it.o(i.DCMI_IRQHandler) for DCMI_IRQHandler
    startup_stm32h743xx.o(RESET) refers to stm32h7xx_it.o(i.MDMA_IRQHandler) for MDMA_IRQHandler
    startup_stm32h743xx.o(.text) refers to system_stm32h7xx.o(i.ExitRun0Mode) for ExitRun0Mode
    startup_stm32h743xx.o(.text) refers to system_stm32h7xx.o(i.SystemInit) for SystemInit
    startup_stm32h743xx.o(.text) refers to entry.o(.ARM.Collect$$$$00000000) for __main
    main.o(i.HAL_TIM_PeriodElapsedCallback) refers to stm32h7xx_hal.o(i.HAL_IncTick) for HAL_IncTick
    main.o(i.SystemClock_Config) refers to memseta.o(.text) for __aeabi_memclr4
    main.o(i.SystemClock_Config) refers to stm32h7xx_hal_pwr_ex.o(i.HAL_PWREx_ConfigSupply) for HAL_PWREx_ConfigSupply
    main.o(i.SystemClock_Config) refers to stm32h7xx_hal_rcc.o(i.HAL_RCC_OscConfig) for HAL_RCC_OscConfig
    main.o(i.SystemClock_Config) refers to stm32h7xx_hal_rcc.o(i.HAL_RCC_ClockConfig) for HAL_RCC_ClockConfig
    main.o(i.main) refers to stm32h7xx_hal_cortex.o(i.HAL_MPU_Disable) for HAL_MPU_Disable
    main.o(i.main) refers to stm32h7xx_hal_cortex.o(i.HAL_MPU_ConfigRegion) for HAL_MPU_ConfigRegion
    main.o(i.main) refers to stm32h7xx_hal_cortex.o(i.HAL_MPU_Enable) for HAL_MPU_Enable
    main.o(i.main) refers to stm32h7xx_hal.o(i.HAL_Init) for HAL_Init
    main.o(i.main) refers to main.o(i.SystemClock_Config) for SystemClock_Config
    main.o(i.main) refers to gpio.o(i.MX_GPIO_Init) for MX_GPIO_Init
    main.o(i.main) refers to dma.o(i.MX_DMA_Init) for MX_DMA_Init
    main.o(i.main) refers to mdma.o(i.MX_MDMA_Init) for MX_MDMA_Init
    main.o(i.main) refers to fmc.o(i.MX_FMC_Init) for MX_FMC_Init
    main.o(i.main) refers to usart.o(i.MX_USART1_UART_Init) for MX_USART1_UART_Init
    main.o(i.main) refers to dcmi.o(i.MX_DCMI_Init) for MX_DCMI_Init
    main.o(i.main) refers to dma2d.o(i.MX_DMA2D_Init) for MX_DMA2D_Init
    main.o(i.main) refers to jpeg.o(i.MX_JPEG_Init) for MX_JPEG_Init
    main.o(i.main) refers to spi.o(i.MX_SPI1_Init) for MX_SPI1_Init
    main.o(i.main) refers to tim.o(i.MX_TIM4_Init) for MX_TIM4_Init
    main.o(i.main) refers to adc.o(i.MX_ADC1_Init) for MX_ADC1_Init
    main.o(i.main) refers to usart.o(i.MX_USART2_UART_Init) for MX_USART2_UART_Init
[...]
    HAL_DCMI_ErrorCallback                   0x08002285   Thumb Code    36  stm32h7xx_it.o(i.HAL_DCMI_ErrorCallback)
    HAL_DCMI_FrameEventCallback              0x080022e5   Thumb Code    44  stm32h7xx_it.o(i.HAL_DCMI_FrameEventCallback)
    HAL_DCMI_GetError                        0x08002315   Thumb Code     4  stm32h7xx_hal_dcmi.o(i.HAL_DCMI_GetError)
    HAL_DCMI_IRQHandler                      0x08002319   Thumb Code   152  stm32h7xx_hal_dcmi.o(i.HAL_DCMI_IRQHandler)
    HAL_DCMI_Init                            0x080023b5   Thumb Code   152  stm32h7xx_hal_dcmi.o(i.HAL_DCMI_Init)
    HAL_DCMI_LineEventCallback               0x08002451   Thumb Code     2  stm32h7xx_hal_dcmi.o(i.HAL_DCMI_LineEventCallback)
    HAL_DCMI_MspInit                         0x08002455   Thumb Code   310  dcmi.o(i.HAL_DCMI_MspInit)
    HAL_DCMI_VsyncEventCallback              0x080025b1   Thumb Code     2  stm32h7xx_hal_dcmi.o(i.HAL_DCMI_VsyncEventCallback)
    HAL_DMA2D_ConfigLayer                    0x080025b5   Thumb Code   190  stm32h7xx_hal_dma2d.o(i.HAL_DMA2D_ConfigLayer)
    HAL_DMA2D_Init                           0x0800267d   Thumb Code   130  stm32h7xx_hal_dma2d.o(i.HAL_DMA2D_Init)
    HAL_DMA2D_MspInit                        0x08002705   Thumb Code    30  dma2d.o(i.HAL_DMA2D_MspInit)
    HAL_DMA_Abort                            0x0800272d   Thumb Code   836  stm32h7xx_hal_dma.o(i.HAL_DMA_Abort)
    HAL_DMA_Abort_IT                         0x08002a8d   Thumb Code   602  stm32h7xx_hal_dma.o(i.HAL_DMA_Abort_IT)
    HAL_DMA_GetState                         0x08002d11   Thumb Code     6  stm32h7xx_hal_dma.o(i.HAL_DMA_GetState)
    HAL_DMA_IRQHandler                       0x08002d19   Thumb Code  1756  stm32h7xx_hal_dma.o(i.HAL_DMA_IRQHandler)
    HAL_DMA_Init                             0x08003401   Thumb Code   926  stm32h7xx_hal_dma.o(i.HAL_DMA_Init)
    HAL_DMA_Start_IT                         0x080037c5   Thumb Code   628  stm32h7xx_hal_dma.o(i.HAL_DMA_Start_IT)
    HAL_Delay                                0x08003a61   Thumb Code    32  stm32h7xx_hal.o(i.HAL_Delay)
    HAL_GPIO_EXTI_Callback                   0x08003b55   Thumb Code     2  stm32h7xx_hal_gpio.o(i.HAL_GPIO_EXTI_Callback)
    HAL_GPIO_EXTI_IRQHandler                 0x08003b57   Thumb Code    24  stm32h7xx_hal_gpio.o(i.HAL_GPIO_EXTI_IRQHandler)
    HAL_GPIO_Init                            0x08003b71   Thumb Code   506  stm32h7xx_hal_gpio.o(i.HAL_GPIO_Init)
    HAL_GPIO_ReadPin                         0x08003d9d   Thumb Code    10  stm32h7xx_hal_gpio.o(i.HAL_GPIO_ReadPin)
    HAL_GPIO_WritePin                        0x08003da7   Thumb Code    10  stm32h7xx_hal_gpio.o(i.HAL_GPIO_WritePin)
    HAL_GetREVID                             0x08003db1   Thumb Code     8  stm32h7xx_hal.o(i.HAL_GetREVID)
    HAL_GetTick                              0x08003dbd   Thumb Code     6  stm32h7xx_hal.o(i.HAL_GetTick)
    HAL_I2CEx_ConfigAnalogFilter             0x08003dc9   Thumb Code    88  stm32h7xx_hal_i2c_ex.o(i.HAL_I2CEx_ConfigAnalogFilter)
    HAL_I2CEx_ConfigDigitalFilter            0x08003e21   Thumb Code    84  stm32h7xx_hal_i2c_ex.o(i.HAL_I2CEx_ConfigDigitalFilter)
    HAL_I2C_AbortCpltCallback                0x08003e75   Thumb Code     2  stm32h7xx_hal_i2c.o(i.HAL_I2C_AbortCpltCallback)
    HAL_I2C_AddrCallback                     0x08003e77   Thumb Code     2  stm32h7xx_hal_i2c.o(i.HAL_I2C_AddrCallback)
    HAL_I2C_ER_IRQHandler                    0x08003e79   Thumb Code   104  stm32h7xx_hal_i2c.o(i.HAL_I2C_ER_IRQHandler)
    HAL_I2C_EV_IRQHandler                    0x08003ee1   Thumb Code    16  stm32h7xx_hal_i2c.o(i.HAL_I2C_EV_IRQHandler)
    HAL_I2C_ErrorCallback                    0x08003ef1   Thumb Code     2  stm32h7xx_hal_i2c.o(i.HAL_I2C_ErrorCallback)
    HAL_I2C_Init                             0x08003ef5   Thumb Code   186  stm32h7xx_hal_i2c.o(i.HAL_I2C_Init)
    HAL_I2C_ListenCpltCallback               0x08003fb5   Thumb Code     2  stm32h7xx_hal_i2c.o(i.HAL_I2C_ListenCpltCallback)
    HAL_I2C_Mem_Read                         0x08003fb9   Thumb Code   346  stm32h7xx_hal_i2c.o(i.HAL_I2C_Mem_Read)
    HAL_I2C_MspInit                          0x0800411d   Thumb Code   242  i2c.o(i.HAL_I2C_MspInit)
    HAL_I2C_SlaveRxCpltCallback              0x08004225   Thumb Code     2  stm32h7xx_hal_i2c.o(i.HAL_I2C_SlaveRxCpltCallback)
    HAL_I2C_SlaveTxCpltCallback              0x08004227   Thumb Code     2  stm32h7xx_hal_i2c.o(i.HAL_I2C_SlaveTxCpltCallback)
    HAL_IncTick                              0x08004229   Thumb Code    12  stm32h7xx_hal.o(i.HAL_IncTick)
    HAL_Init                                 0x08004239   Thumb Code    74  stm32h7xx_hal.o(i.HAL_Init)
    HAL_InitTick                             0x08004295   Thumb Code   110  stm32h7xx_hal_timebase_tim.o(i.HAL_InitTick)
    HAL_JPEG_Init                            0x08004319   Thumb Code   150  stm32h7xx_hal_jpeg.o(i.HAL_JPEG_Init)
    HAL_JPEG_MspInit                         0x080043b5   Thumb Code   212  jpeg.o(i.HAL_JPEG_MspInit)
    HAL_MDMA_ConfigPostRequestMask           0x08004499   Thumb Code    88  stm32h7xx_hal_mdma.o(i.HAL_MDMA_ConfigPostRequestMask)
    HAL_MDMA_IRQHandler                      0x080044f1   Thumb Code   370  stm32h7xx_hal_mdma.o(i.HAL_MDMA_IRQHandler)
    HAL_MDMA_Init                            0x08004669   Thumb Code    94  stm32h7xx_hal_mdma.o(i.HAL_MDMA_Init)
    HAL_MPU_ConfigRegion                     0x080046c9   Thumb Code    86  stm32h7xx_hal_cortex.o(i.HAL_MPU_ConfigRegion)
    HAL_MPU_Disable                          0x08004725   Thumb Code    24  stm32h7xx_hal_cortex.o(i.HAL_MPU_Disable)
    HAL_MPU_Enable                           0x08004741   Thumb Code    30  stm32h7xx_hal_cortex.o(i.HAL_MPU_Enable)
    HAL_MspInit                              0x08004765   Thumb Code    32  stm32h7xx_hal_msp.o(i.HAL_MspInit)
    HAL_NVIC_EnableIRQ                       0x08004789   Thumb Code    26  stm32h7xx_hal_cortex.o(i.HAL_NVIC_EnableIRQ)
    HAL_NVIC_SetPriority                     0x080047a5   Thumb Code    60  stm32h7xx_hal_cortex.o(i.HAL_NVIC_SetPriority)
    HAL_NVIC_SetPriorityGrouping             0x080047e5   Thumb Code    28  stm32h7xx_hal_cortex.o(i.HAL_NVIC_SetPriorityGrouping)
    HAL_PWREx_ConfigSupply                   0x08004809   Thumb Code    78  stm32h7xx_hal_pwr_ex.o(i.HAL_PWREx_ConfigSupply)
    HAL_RCCEx_GetD3PCLK1Freq                 0x0800485d   Thumb Code    26  stm32h7xx_hal_rcc_ex.o(i.HAL_RCCEx_GetD3PCLK1Freq)
    HAL_RCCEx_GetPLL1ClockFreq               0x08004881   Thumb Code   298  stm32h7xx_hal_rcc_ex.o(i.HAL_RCCEx_GetPLL1ClockFreq)
    HAL_RCCEx_GetPLL2ClockFreq               0x080049c9   Thumb Code   296  stm32h7xx_hal_rcc_ex.o(i.HAL_RCCEx_GetPLL2ClockFreq)
    HAL_RCCEx_GetPLL3ClockFreq               0x08004b0d   Thumb Code   296  stm32h7xx_hal_rcc_ex.o(i.HAL_RCCEx_GetPLL3ClockFreq)
    HAL_RCCEx_GetPeriphCLKFreq               0x08004c51   Thumb Code   692  stm32h7xx_hal_rcc_ex.o(i.HAL_RCCEx_GetPeriphCLKFreq)
    HAL_RCCEx_PeriphCLKConfig                0x08004f19   Thumb Code  2472  stm32h7xx_hal_rcc_ex.o(i.HAL_RCCEx_PeriphCLKConfig)
    HAL_RCC_ClockConfig                      0x080058c5   Thumb Code   580  stm32h7xx_hal_rcc.o(i.HAL_RCC_ClockConfig)
    HAL_RCC_GetClockConfig                   0x08005b21   Thumb Code    84  stm32h7xx_hal_rcc.o(i.HAL_RCC_GetClockConfig)
    HAL_RCC_GetHCLKFreq                      0x08005b7d   Thumb Code    52  stm32h7xx_hal_rcc.o(i.HAL_RCC_GetHCLKFreq)
    HAL_RCC_GetPCLK1Freq                     0x08005bc1   Thumb Code    26  stm32h7xx_hal_rcc.o(i.HAL_RCC_GetPCLK1Freq)
    HAL_RCC_GetPCLK2Freq                     0x08005be5   Thumb Code    26  stm32h7xx_hal_rcc.o(i.HAL_RCC_GetPCLK2Freq)
    HAL_RCC_GetSysClockFreq                  0x08005c09   Thumb Code   278  stm32h7xx_hal_rcc.o(i.HAL_RCC_GetSysClockFreq)
    HAL_RCC_OscConfig                        0x08005d41   Thumb Code  1410  stm32h7xx_hal_rcc.o(i.HAL_RCC_OscConfig)
    HAL_SDRAM_Init                           0x080062c5   Thumb Code    76  stm32h7xx_hal_sdram.o(i.HAL_SDRAM_Init)
    HAL_SDRAM_MspInit                        0x08006315   Thumb Code     4  fmc.o(i.HAL_SDRAM_MspInit)
    HAL_SDRAM_ProgramRefreshRate             0x08006319   Thumb Code    46  stm32h7xx_hal_sdram.o(i.HAL_SDRAM_ProgramRefreshRate)
    HAL_SDRAM_SendCommand                    0x08006349   Thumb Code    60  stm32h7xx_hal_sdram.o(i.HAL_SDRAM_SendCommand)
    HAL_SPI_ErrorCallback                    0x08006385   Thumb Code     2  stm32h7xx_hal_spi.o(i.HAL_SPI_ErrorCallback)
    HAL_SPI_IRQHandler                       0x08006389   Thumb Code   544  stm32h7xx_hal_spi.o(i.HAL_SPI_IRQHandler)
    HAL_SPI_Init                             0x080065ad   Thumb Code   366  stm32h7xx_hal_spi.o(i.HAL_SPI_Init)
    HAL_SPI_MspInit                          0x08006729   Thumb Code   250  spi.o(i.HAL_SPI_MspInit)
    HAL_SPI_RxCpltCallback                   0x08006841   Thumb Code     2  stm32h7xx_hal_spi.o(i.HAL_SPI_RxCpltCallback)
    HAL_SPI_SuspendCallback                  0x08006843   Thumb Code     2  stm32h7xx_hal_spi.o(i.HAL_SPI_SuspendCallback)
    HAL_SPI_TxCpltCallback                   0x08006845   Thumb Code     2  stm32h7xx_hal_spi.o(i.HAL_SPI_TxCpltCallback)
    HAL_SPI_TxRxCpltCallback                 0x08006847   Thumb Code     2  stm32h7xx_hal_spi.o(i.HAL_SPI_TxRxCpltCallback)
    HAL_TIMEx_Break2Callback                 0x08006849   Thumb Code     2  stm32h7xx_hal_tim_ex.o(i.HAL_TIMEx_Break2Callback)
    HAL_TIMEx_BreakCallback                  0x0800684b   Thumb Code     2  stm32h7xx_hal_tim_ex.o(i.HAL_TIMEx_BreakCallback)
    HAL_TIMEx_CommutCallback                 0x0800684d   Thumb Code     2  stm32h7xx_hal_tim_ex.o(i.HAL_TIMEx_CommutCallback)
    HAL_TIMEx_MasterConfigSynchronization    0x08006851   Thumb Code   134  stm32h7xx_hal_tim_ex.o(i.HAL_TIMEx_MasterConfigSynchronization)
    HAL_TIM_Base_Init                        0x080068f5   Thumb Code    98  stm32h7xx_hal_tim.o(i.HAL_TIM_Base_Init)
    HAL_TIM_Base_MspInit                     0x08006959   Thumb Code   152  tim.o(i.HAL_TIM_Base_MspInit)
    HAL_TIM_Base_Start_IT                    0x08006a05   Thumb Code   106  stm32h7xx_hal_tim.o(i.HAL_TIM_Base_Start_IT)
    HAL_TIM_ConfigClockSource                0x08006a91   Thumb Code   248  stm32h7xx_hal_tim.o(i.HAL_TIM_ConfigClockSource)
    HAL_TIM_IC_CaptureCallback               0x08006b8d   Thumb Code     2  stm32h7xx_hal_tim.o(i.HAL_TIM_IC_CaptureCallback)
    HAL_TIM_IRQHandler                       0x08006b8f   Thumb Code   328  stm32h7xx_hal_tim.o(i.HAL_TIM_IRQHandler)
    HAL_TIM_MspPostInit                      0x08006cd9   Thumb Code   228  tim.o(i.HAL_TIM_MspPostInit)
    HAL_TIM_OC_DelayElapsedCallback          0x08006ddd   Thumb Code     2  stm32h7xx_hal_tim.o(i.HAL_TIM_OC_DelayElapsedCallback)
    HAL_TIM_PWM_ConfigChannel                0x08006ddf   Thumb Code   292  stm32h7xx_hal_tim.o(i.HAL_TIM_PWM_ConfigChannel)
    HAL_TIM_PWM_Init                         0x08006f03   Thumb Code    98  stm32h7xx_hal_tim.o(i.HAL_TIM_PWM_Init)
    HAL_TIM_PWM_MspInit                      0x08006f65   Thumb Code    30  tim.o(i.HAL_TIM_PWM_MspInit)
    HAL_TIM_PWM_PulseFinishedCallback        0x08006f8d   Thumb Code     2  stm32h7xx_hal_tim.o(i.HAL_TIM_PWM_PulseFinishedCallback)
    HAL_TIM_PWM_Start                        0x08006f91   Thumb Code   232  stm32h7xx_hal_tim.o(i.HAL_TIM_PWM_Start)
    HAL_TIM_PeriodElapsedCallback            0x080070a1   Thumb Code    14  main.o(i.HAL_TIM_PeriodElapsedCallback)
    HAL_TIM_TriggerCallback                  0x080070b5   Thumb Code     2  stm32h7xx_hal_tim.o(i.HAL_TIM_TriggerCallback)
    HAL_UARTEx_DisableFifoMode               0x080070b7   Thumb Code    64  stm32h7xx_hal_uart_ex.o(i.HAL_UARTEx_DisableFifoMode)
    HAL_UARTEx_ReceiveToIdle_DMA             0x080070f7   Thumb Code    74  stm32h7xx_hal_uart_ex.o(i.HAL_UARTEx_ReceiveToIdle_DMA)
    HAL_UARTEx_RxEventCallback               0x08007141   Thumb Code   188  stm32h7xx_it.o(i.HAL_UARTEx_RxEventCallback)
    HAL_UARTEx_RxFifoFullCallback            0x08007211   Thumb Code     2  stm32h7xx_hal_uart_ex.o(i.HAL_UARTEx_RxFifoFullCallback)
    HAL_UARTEx_SetRxFifoThreshold            0x08007213   Thumb Code    76  stm32h7xx_hal_uart_ex.o(i.HAL_UARTEx_SetRxFifoThreshold)
    HAL_UARTEx_SetTxFifoThreshold            0x0800725f   Thumb Code    76  stm32h7xx_hal_uart_ex.o(i.HAL_UARTEx_SetTxFifoThreshold)
    HAL_UARTEx_TxFifoEmptyCallback           0x080072ab   Thumb Code     2  stm32h7xx_hal_uart_ex.o(i.HAL_UARTEx_TxFifoEmptyCallback)
    HAL_UARTEx_WakeupCallback                0x080072ad   Thumb Code     2  stm32h7xx_hal_uart_ex.o(i.HAL_UARTEx_WakeupCallback)
    HAL_UART_ErrorCallback                   0x080072af   Thumb Code     2  stm32h7xx_hal_uart.o(i.HAL_UART_ErrorCallback)
    HAL_UART_IRQHandler                      0x080072b1   Thumb Code   898  stm32h7xx_hal_uart.o(i.HAL_UART_IRQHandler)
    HAL_UART_Init                            0x0800764d   Thumb Code   106  stm32h7xx_hal_uart.o(i.HAL_UART_Init)
    HAL_UART_MspInit                         0x080076b9   Thumb Code   404  usart.o(i.HAL_UART_MspInit)
    HAL_UART_RxCpltCallback                  0x08007865   Thumb Code     2  stm32h7xx_hal_uart.o(i.HAL_UART_RxCpltCallback)
    HAL_UART_RxHalfCpltCallback              0x08007867   Thumb Code     2  stm32h7xx_hal_uart.o(i.HAL_UART_RxHalfCpltCallback)
    HAL_UART_Transmit                        0x08007869   Thumb Code   176  stm32h7xx_hal_uart.o(i.HAL_UART_Transmit)
    HAL_UART_TxCpltCallback                  0x08007919   Thumb Code    46  stm32h7xx_it.o(i.HAL_UART_TxCpltCallback)
    HardFault_Handler                        0x08007955   Thumb Code     2  stm32h7xx_it.o(i.HardFault_Handler)
    I2C2_ER_IRQHandler                       0x08007959   Thumb Code    18  stm32h7xx_it.o(i.I2C2_ER_IRQHandler)
    I2C2_EV_IRQHandler                       0x08007989   Thumb Code     6  stm32h7xx_it.o(i.I2C2_EV_IRQHandler)
    Joystick_Init                            0x0800877d   Thumb Code    10  joystick.o(i.Joystick_Init)
    LowPass_Filter                           0x080087a1   Thumb Code   134  lowpassfilter.o(i.LowPass_Filter)
    MDMA_IRQHandler                          0x08008835   Thumb Code    18  stm32h7xx_it.o(i.MDMA_IRQHandler)
    MX_ADC1_Init                             0x08008901   Thumb Code   162  adc.o(i.MX_ADC1_Init)
    MX_DCMI_Init                             0x080089b5   Thumb Code    52  dcmi.o(i.MX_DCMI_Init)
    MX_DMA2D_Init                            0x080089f1   Thumb Code    64  dma2d.o(i.MX_DMA2D_Init)
    MX_DMA_Init                              0x08008a39   Thumb Code   136  dma.o(i.MX_DMA_Init)
    MX_FMC_Init                              0x08008ac5   Thumb Code   102  fmc.o(i.MX_FMC_Init)
    MX_FREERTOS_Init                         0x08008b35   Thumb Code   382  freertos.o(i.MX_FREERTOS_Init)
    MX_GPIO_Init                             0x08008d15   Thumb Code   254  gpio.o(i.MX_GPIO_Init)
    MX_I2C2_Init                             0x08008e25   Thumb Code    76  i2c.o(i.MX_I2C2_Init)
    MX_JPEG_Init                             0x08008e7d   Thumb Code    28  jpeg.o(i.MX_JPEG_Init)
    MX_MDMA_Init                             0x08008ea1   Thumb Code    40  mdma.o(i.MX_MDMA_Init)
    MX_SPI1_Init                             0x08008ecd   Thumb Code    80  spi.o(i.MX_SPI1_Init)
    MX_TIM2_Init                             0x08008f25   Thumb Code   182  tim.o(i.MX_TIM2_Init)
    MX_TIM3_Init                             0x08008fe1   Thumb Code   106  tim.o(i.MX_TIM3_Init)
    MX_TIM4_Init                             0x08009055   Thumb Code   166  tim.o(i.MX_TIM4_Init)
    MX_TIM5_Init                             0x08009105   Thumb Code   180  tim.o(i.MX_TIM5_Init)
    MX_TIM6_Init                             0x080091c1   Thumb Code    64  tim.o(i.MX_TIM6_Init)
    MX_TIM7_Init                             0x08009209   Thumb Code    62  tim.o(i.MX_TIM7_Init)
    MX_USART1_UART_Init                      0x08009251   Thumb Code    94  usart.o(i.MX_USART1_UART_Init)
    MX_USART2_UART_Init                      0x080092b9   Thumb Code    94  usart.o(i.MX_USART2_UART_Init)
    MemManage_Handler                        0x08009321   Thumb Code     8  stm32h7xx_it.o(i.MemManage_Handler)
    NMI_Handler                              0x0800933d   Thumb Code     2  stm32h7xx_it.o(i.NMI_Handler)
    NormalizeElecAngle                       0x08009341   Thumb Code    38  foc.o(i.NormalizeElecAngle)
    PID_Init                                 0x0800936d   Thumb Code    36  pid.o(i.PID_Init)
    PID_Loc                                  0x08009395   Thumb Code   238  pid.o(i.PID_Loc)
    ParkInverse                              0x0800948d   Thumb Code    78  foc.o(i.ParkInverse)
    ProccessRxTask                           0x080094dd   Thumb Code   148  freertos.o(i.ProccessRxTask)
    SDRAM_Init                               0x080097d9   Thumb Code    94  sdram.o(i.SDRAM_Init)
    SPI1_IRQHandler                          0x08009875   Thumb Code     6  stm32h7xx_it.o(i.SPI1_IRQHandler)
    SVPWM_CalcDuty                           0x08009957   Thumb Code   222  foc.o(i.SVPWM_CalcDuty)
    SVPWM_CalcForTargetVelocity              0x08009a35   Thumb Code    98  foc.o(i.SVPWM_CalcForTargetVelocity)
    SVPWM_CalcVectorTime                     0x08009aa9   Thumb Code   320  foc.o(i.SVPWM_CalcVectorTime)
    SVPWM_GetSector                          0x08009bf9   Thumb Code   118  foc.o(i.SVPWM_GetSector)
    SVPWM_Init                               0x08009c79   Thumb Code    60  foc.o(i.SVPWM_Init)
    SVPWM_setTorque                          0x08009cbd   Thumb Code   110  foc.o(i.SVPWM_setTorque)
    Servo_Set_Angle                          0x08009d31   Thumb Code    70  gimbal.o(i.Servo_Set_Angle)
    SetPWM                                   0x08009d91   Thumb Code   374  foc.o(i.SetPWM)
    SplitKeyVal                              0x08009f11   Thumb Code    90  freertos.o(i.SplitKeyVal)
    StartDefaultTask                         0x08009f71   Thumb Code     8  freertos.o(i.StartDefaultTask)
    SysTick_Handler                          0x08009f79   Thumb Code    38  port.o(i.SysTick_Handler)
    SystemClock_Config                       0x08009fa5   Thumb Code   160  main.o(i.SystemClock_Config)
    SystemInit                               0x0800a04d   Thumb Code   206  system_stm32h7xx.o(i.SystemInit)
    TIM1_UP_IRQHandler                       0x0800a145   Thumb Code     6  stm32h7xx_it.o(i.TIM1_UP_IRQHandler)
    TIM6_DAC_IRQHandler                      0x0800a151   Thumb Code    46  stm32h7xx_it.o(i.TIM6_DAC_IRQHandler)
    TIM7_IRQHandler                          0x0800a18d   Thumb Code     6  stm32h7xx_it.o(i.TIM7_IRQHandler)
    TIM_Base_SetConfig                       0x0800a199   Thumb Code   170  stm32h7xx_hal_tim.o(i.TIM_Base_SetConfig)
    TIM_CCxChannelCmd                        0x0800a265   Thumb Code    26  stm32h7xx_hal_tim.o(i.TIM_CCxChannelCmd)
    TIM_ETR_SetConfig                        0x0800a27f   Thumb Code    18  stm32h7xx_hal_tim.o(i.TIM_ETR_SetConfig)
    TIM_OC2_SetConfig                        0x0800a349   Thumb Code   126  stm32h7xx_hal_tim.o(i.TIM_OC2_SetConfig)
    UART_AdvFeatureConfig                    0x0800a665   Thumb Code   200  stm32h7xx_hal_uart.o(i.UART_AdvFeatureConfig)
    UART_CheckIdleState                      0x0800a72d   Thumb Code   170  stm32h7xx_hal_uart.o(i.UART_CheckIdleState)
    UART_SetConfig                           0x0800a95d   Thumb Code   876  stm32h7xx_hal_uart.o(i.UART_SetConfig)
    UART_Start_Receive_DMA                   0x0800ad09   Thumb Code   156  stm32h7xx_hal_uart.o(i.UART_Start_Receive_DMA)
    UART_WaitOnFlagUntilTimeout              0x0800adb1   Thumb Code   148  stm32h7xx_hal_uart.o(i.UART_WaitOnFlagUntilTimeout)
    USART1_IRQHandler                        0x0800ae45   Thumb Code     6  stm32h7xx_it.o(i.USART1_IRQHandler)
    USART2_IRQHandler                        0x0800ae51   Thumb Code     6  stm32h7xx_it.o(i.USART2_IRQHandler)
    UsageFault_Handler                       0x0800ae5d   Thumb Code     2  stm32h7xx_it.o(i.UsageFault_Handler)
    __0printf                                0x0800ae61   Thumb Code    22  printfa.o(i.__0printf)
    __1printf                                0x0800ae61   Thumb Code     0  printfa.o(i.__0printf)
    __2printf                                0x0800ae61   Thumb Code     0  printfa.o(i.__0printf)
    __c89printf                              0x0800ae61   Thumb Code     0  printfa.o(i.__0printf)
    printf                                   0x0800ae61   Thumb Code     0  printfa.o(i.__0printf)
    __ARM_fpclassifyf                        0x0800ae81   Thumb Code    38  fpclassifyf.o(i.__ARM_fpclassifyf)
    __hardfp_atof                            0x0800aec9   Thumb Code    44  atof.o(i.__hardfp_atof)
    __hardfp_cosf                            0x0800af01   Thumb Code   276  cosf.o(i.__hardfp_cosf)
    __hardfp_fmodf                           0x0800b051   Thumb Code   176  fmodf.o(i.__hardfp_fmodf)
    __hardfp_sinf                            0x0800b101   Thumb Code   344  sinf.o(i.__hardfp_sinf)
    __mathlib_flt_infnan                     0x0800b295   Thumb Code     6  funder.o(i.__mathlib_flt_infnan)
    __mathlib_flt_invalid                    0x0800b29d   Thumb Code    10  funder.o(i.__mathlib_flt_invalid)
    __mathlib_flt_underflow                  0x0800b2ad   Thumb Code    10  funder.o(i.__mathlib_flt_underflow)
    __mathlib_rredf2                         0x0800b2bd   Thumb Code   316  rredf.o(i.__mathlib_rredf2)
    __read_errno                             0x0800b411   Thumb Code     6  errno.o(i.__read_errno)
    __scatterload_copy                       0x0800b41d   Thumb Code    14  handlers.o(i.__scatterload_copy)
    __scatterload_null                       0x0800b42b   Thumb Code     2  handlers.o(i.__scatterload_null)
    __scatterload_zeroinit                   0x0800b42d   Thumb Code    14  handlers.o(i.__scatterload_zeroinit)
    __set_errno                              0x0800b43d   Thumb Code     6  errno.o(i.__set_errno)
    _is_digit                                0x0800b5cd   Thumb Code    14  scanf_fp.o(i._is_digit)
    fputc                                    0x0800bd0d   Thumb Code    20  usart.o(i.fputc)
    main                                     0x0800bd25   Thumb Code   178  main.o(i.main)
    osDelay                                  0x0800bde5   Thumb Code    14  cmsis_os.o(i.osDelay)
    osKernelStart                            0x0800bdf3   Thumb Code    10  cmsis_os.o(i.osKernelStart)
    osThreadCreate                           0x0800bdfd   Thumb Code    84  cmsis_os.o(i.osThreadCreate)
    pvPortMalloc                             0x0800c619   Thumb Code   216  heap_4.o(i.pvPortMalloc)
    pvTaskIncrementMutexHeldCount            0x0800c6f5   Thumb Code    18  tasks.o(i.pvTaskIncrementMutexHeldCount)
    pxPortInitialiseStack                    0x0800c70d   Thumb Code    42  port.o(i.pxPortInitialiseStack)
    test                                     0x0800c73d   Thumb Code    30  freertos.o(i.test)
    uxListRemove                             0x0800c765   Thumb Code    38  list.o(i.uxListRemove)
    vApplicationGetIdleTaskMemory            0x0800c78d   Thumb Code    18  freertos.o(i.vApplicationGetIdleTaskMemory)
    vApplicationGetTimerTaskMemory           0x0800c7a5   Thumb Code    20  freertos.o(i.vApplicationGetTimerTaskMemory)
    vDebounceTimerCallback                   0x0800c7bd   Thumb Code    40  software_timer.o(i.vDebounceTimerCallback)
    vListInitialise                          0x0800c80d   Thumb Code    22  list.o(i.vListInitialise)
    vListInitialiseItem                      0x0800c823   Thumb Code     6  list.o(i.vListInitialiseItem)
    vListInsert                              0x0800c829   Thumb Code    48  list.o(i.vListInsert)
    vListInsertEnd                           0x0800c859   Thumb Code    24  list.o(i.vListInsertEnd)
    vPortEnterCritical                       0x0800c871   Thumb Code    54  port.o(i.vPortEnterCritical)
    vPortExitCritical                        0x0800c8b1   Thumb Code    34  port.o(i.vPortExitCritical)
    vPortFree                                0x0800c8d9   Thumb Code    94  heap_4.o(i.vPortFree)
    vPortSetupTimerInterrupt                 0x0800c93d   Thumb Code    32  port.o(i.vPortSetupTimerInterrupt)
    vPortValidateInterruptPriority           0x0800c961   Thumb Code    74  port.o(i.vPortValidateInterruptPriority)
    vQueueAddToRegistry                      0x0800c9b5   Thumb Code    34  queue.o(i.vQueueAddToRegistry)
    vQueueWaitForMessageRestricted           0x0800c9dd   Thumb Code    68  queue.o(i.vQueueWaitForMessageRestricted)
    vTaskDelay                               0x0800ca21   Thumb Code    66  tasks.o(i.vTaskDelay)
    vTaskInternalSetTimeOutState             0x0800ca6d   Thumb Code    12  tasks.o(i.vTaskInternalSetTimeOutState)
    vTaskMissedYield                         0x0800ca7d   Thumb Code     8  tasks.o(i.vTaskMissedYield)
    vTaskPlaceOnEventList                    0x0800ca89   Thumb Code    44  tasks.o(i.vTaskPlaceOnEventList)
    vTaskPlaceOnEventListRestricted          0x0800cab9   Thumb Code    52  tasks.o(i.vTaskPlaceOnEventListRestricted)
    vTaskPriorityDisinheritAfterTimeout      0x0800caf1   Thumb Code   158  tasks.o(i.vTaskPriorityDisinheritAfterTimeout)
    vTaskStartScheduler                      0x0800cb99   Thumb Code   118  tasks.o(i.vTaskStartScheduler)
    vTaskSuspendAll                          0x0800cc21   Thumb Code    10  tasks.o(i.vTaskSuspendAll)
    vTaskSwitchContext                       0x0800cc31   Thumb Code    82  tasks.o(i.vTaskSwitchContext)
    xPortStartScheduler                      0x0800cc8d   Thumb Code   222  port.o(i.xPortStartScheduler)
    xQueueGenericCreate                      0x0800cd81   Thumb Code    66  queue.o(i.xQueueGenericCreate)
    xQueueGenericCreateStatic                0x0800cdc3   Thumb Code   102  queue.o(i.xQueueGenericCreateStatic)
    xQueueGenericReset                       0x0800ce29   Thumb Code   144  queue.o(i.xQueueGenericReset)
    xQueueGenericSend                        0x0800cebd   Thumb Code   346  queue.o(i.xQueueGenericSend)
    xQueueGenericSendFromISR                 0x0800d01d   Thumb Code   190  queue.o(i.xQueueGenericSendFromISR)
    xQueueGiveFromISR                        0x0800d0db   Thumb Code   156  queue.o(i.xQueueGiveFromISR)
    xQueueReceive                            0x0800d179   Thumb Code   310  queue.o(i.xQueueReceive)
    xQueueSemaphoreTake                      0x0800d2b5   Thumb Code   376  queue.o(i.xQueueSemaphoreTake)
    xTaskCheckForTimeOut                     0x0800d431   Thumb Code   116  tasks.o(i.xTaskCheckForTimeOut)
    xTaskCreate                              0x0800d4a9   Thumb Code    90  tasks.o(i.xTaskCreate)
    xTaskCreateStatic                        0x0800d503   Thumb Code    86  tasks.o(i.xTaskCreateStatic)
    xTaskGetSchedulerState                   0x0800d559   Thumb Code    22  tasks.o(i.xTaskGetSchedulerState)
    xTaskGetTickCount                        0x0800d575   Thumb Code     6  tasks.o(i.xTaskGetTickCount)
    xTaskGetTickCountFromISR                 0x0800d581   Thumb Code    12  tasks.o(i.xTaskGetTickCountFromISR)
    xTaskIncrementTick                       0x0800d591   Thumb Code   194  tasks.o(i.xTaskIncrementTick)
    xTaskPriorityDisinherit                  0x0800d65d   Thumb Code   150  tasks.o(i.xTaskPriorityDisinherit)
    xTaskPriorityInherit                     0x0800d6fd   Thumb Code   136  tasks.o(i.xTaskPriorityInherit)
    xTaskRemoveFromEventList                 0x0800d78d   Thumb Code   108  tasks.o(i.xTaskRemoveFromEventList)
    xTaskResumeAll                           0x0800d801   Thumb Code   184  tasks.o(i.xTaskResumeAll)
    xTimerCreate                             0x0800d8c5   Thumb Code    52  timers.o(i.xTimerCreate)
    xTimerCreateTimerTask                    0x0800d8f9   Thumb Code    78  timers.o(i.xTimerCreateTimerTask)
    xTimerGenericCommand                     0x0800d959   Thumb Code    92  timers.o(i.xTimerGenericCommand)
    D1CorePrescTable                         0x0800d9d4   Data          16  system_stm32h7xx.o(.constdata)
    UARTPrescTable                           0x0800dc48   Data          24  stm32h7xx_hal_uart.o(.constdata)
    __ctype_categories                       0x0800dc90   Data          64  ctype_c.o(.constdata)
    Region$$Table$$Base                      0x0800dcdc   Number         0  anon$$obj.o(Region$$Table)
    Region$$Table$$Limit                     0x0800dcfc   Number         0  anon$$obj.o(Region$$Table)
    xModeChangeSem                           0x24000008   Data           4  freertos.o(.data)
    xWaitDMASem                              0x2400000c   Data           4  freertos.o(.data)
    xMotorSem                                0x24000010   Data           4  freertos.o(.data)
    xRxQueue                                 0x24000014   Data           4  freertos.o(.data)
    velocity                                 0x24000018   Data           4  freertos.o(.data)
    angle                                    0x2400001c   Data           4  freertos.o(.data)
    defaultTaskHandle                        0x24000028   Data           4  freertos.o(.data)
    OV5640_FrameState                        0x2400003c   Data           1  stm32h7xx_it.o(.data)
    OV5640_FPS                               0x2400003e   Data           1  stm32h7xx_it.o(.data)
    SystemCoreClock                          0x24000044   Data           4  system_stm32h7xx.o(.data)
    SystemD2Clock                            0x24000048   Data           4  system_stm32h7xx.o(.data)
    uwTickFreq                               0x2400004c   Data           1  stm32h7xx_hal.o(.data)
    uwTickPrio                               0x24000050   Data           4  stm32h7xx_hal.o(.data)
    uwTick                                   0x24000054   Data           4  stm32h7xx_hal.o(.data)
    pxCurrentTCB                             0x24000058   Data           4  tasks.o(.data)
    xDebounceTimer                           0x240000d4   Data           4  software_timer.o(.data)
    velPID                                   0x240000d8   Data          44  foc.o(.data)
    anglePID                                 0x24000104   Data          44  foc.o(.data)
    as                                       0x24000130   Data          32  foc.o(.data)
    xFOC                                     0x24000150   Data          84  foc.o(.data)
    xVelocityFilter                          0x240001a4   Data          12  foc.o(.data)
    __stdout                                 0x240001b4   Data           4  stdout.o(.data)
    pUartRx_buf                              0x24000230   Data         128  freertos.o(.bss)
    hadc1                                    0x24000958   Data         100  adc.o(.bss)
    hdma_adc1                                0x240009bc   Data         120  adc.o(.bss)
    hdcmi                                    0x24000a34   Data          80  dcmi.o(.bss)
    hdma_dcmi                                0x24000a84   Data         120  dcmi.o(.bss)
    hdma2d                                   0x24000afc   Data         104  dma2d.o(.bss)
    hsdram1                                  0x24000b64   Data          52  fmc.o(.bss)
    hi2c2                                    0x24000b98   Data          84  i2c.o(.bss)
    hdma_i2c2_tx                             0x24000bec   Data         120  i2c.o(.bss)
    hdma_i2c2_rx                             0x24000c64   Data         120  i2c.o(.bss)
    hjpeg                                    0x24000cdc   Data          88  jpeg.o(.bss)
    hmdma_jpeg_infifo_nf                     0x24000d34   Data         108  jpeg.o(.bss)
    hmdma_jpeg_outfifo_ne                    0x24000da0   Data         108  jpeg.o(.bss)
    hspi1                                    0x24000e0c   Data         136  spi.o(.bss)
    hdma_spi1_tx                             0x24000e94   Data         120  spi.o(.bss)
    htim2                                    0x24000f0c   Data          76  tim.o(.bss)
    htim3                                    0x24000f58   Data          76  tim.o(.bss)
    htim4                                    0x24000fa4   Data          76  tim.o(.bss)
    htim5                                    0x24000ff0   Data          76  tim.o(.bss)
    htim6                                    0x2400103c   Data          76  tim.o(.bss)
    htim7                                    0x24001088   Data          76  tim.o(.bss)
    huart1                                   0x240010d4   Data         148  usart.o(.bss)
    huart2                                   0x24001168   Data         148  usart.o(.bss)
    hdma_usart1_rx                           0x240011fc   Data         120  usart.o(.bss)
    hdma_usart1_tx                           0x24001274   Data         120  usart.o(.bss)
    hdma_usart2_tx                           0x240012ec   Data         120  usart.o(.bss)
    htim1                                    0x24001364   Data          76  stm32h7xx_hal_timebase_tim.o(.bss)
    xQueueRegistry                           0x240013b0   Data          64  queue.o(.bss)
    __initial_sp                             0x240055c8   Data           0  startup_stm32h743xx.o(STACK)



==============================================================================

Memory Map of the image

  Image Entry point : 0x08000299

  Load Region LR_IROM1 (Base: 0x08000000, Size: 0x0000deb8, Max: 0x00200000, ABSOLUTE, COMPRESSED[0x0000dd48])

    Execution Region ER_IROM1 (Exec base: 0x08000000, Load base: 0x08000000, Size: 0x0000dcfc, Max: 0x00200000, ABSOLUTE)

    Exec Addr    Load Addr    Size         Type   Attr      Idx    E Section Name        Object

    0x08000000   0x08000000   0x00000298   Data   RO            3    RESET               startup_stm32h743xx.o
    0x08000298   0x08000298   0x00000000   Code   RO         9808  * .ARM.Collect$$$$00000000  mc_w.l(entry.o)
    0x08000298   0x08000298   0x00000004   Code   RO        10113    .ARM.Collect$$$$00000001  mc_w.l(entry2.o)
    0x0800029c   0x0800029c   0x00000004   Code   RO        10116    .ARM.Collect$$$$00000004  mc_w.l(entry5.o)
    0x080002a0   0x080002a0   0x00000000   Code   RO        10118    .ARM.Collect$$$$00000008  mc_w.l(entry7b.o)
    0x080002a0   0x080002a0   0x00000000   Code   RO        10120    .ARM.Collect$$$$0000000A  mc_w.l(entry8b.o)
    0x080002a0   0x080002a0   0x00000008   Code   RO        10121    .ARM.Collect$$$$0000000B  mc_w.l(entry9a.o)
    0x080002a8   0x080002a8   0x00000000   Code   RO        10123    .ARM.Collect$$$$0000000D  mc_w.l(entry10a.o)
    0x080002a8   0x080002a8   0x00000000   Code   RO        10125    .ARM.Collect$$$$0000000F  mc_w.l(entry11a.o)
    0x080002a8   0x080002a8   0x00000004   Code   RO        10114    .ARM.Collect$$$$00002712  mc_w.l(entry2.o)
    0x080002ac   0x080002ac   0x000000be   Code   RO         8365    .emb_text           port.o
    0x0800036a   0x0800036a   0x00000002   PAD
    0x0800036c   0x0800036c   0x0000002c   Code   RO            4    .text               startup_stm32h743xx.o
    0x08000398   0x08000398   0x00000062   Code   RO         9811    .text               mc_w.l(uldiv.o)
    0x080003fa   0x080003fa   0x00000024   Code   RO         9813    .text               mc_w.l(memcpya.o)
    0x0800041e   0x0800041e   0x00000024   Code   RO         9817    .text               mc_w.l(memseta.o)
    0x08000442   0x08000442   0x0000000e   Code   RO         9819    .text               mc_w.l(strlen.o)
    0x08000450   0x08000450   0x0000001c   Code   RO         9821    .text               mc_w.l(strcmp.o)
    0x0800046c   0x0800046c   0x00000012   Code   RO         9823    .text               mc_w.l(strcpy.o)
    0x0800047e   0x0800047e   0x00000002   PAD
    0x08000480   0x08000480   0x00000044   Code   RO         9825    .text               mc_w.l(strtok.o)
    0x080004c4   0x080004c4   0x0000002c   Code   RO        10128    .text               mc_w.l(uidiv.o)
    0x080004f0   0x080004f0   0x0000001e   Code   RO        10130    .text               mc_w.l(llshl.o)
    0x0800050e   0x0800050e   0x00000020   Code   RO        10132    .text               mc_w.l(llushr.o)
    0x0800052e   0x0800052e   0x00000002   PAD
    0x08000530   0x08000530   0x0000009c   Code   RO        10141    .text               mc_w.l(strtod.o)
    0x080005cc   0x080005cc   0x00000000   Code   RO        10143    .text               mc_w.l(iusefp.o)
    0x080005cc   0x080005cc   0x00000052   Code   RO        10144    .text               mf_w.l(frem.o)
    0x0800061e   0x0800061e   0x0000014e   Code   RO        10146    .text               mf_w.l(dadd.o)
    0x0800076c   0x0800076c   0x000000e4   Code   RO        10148    .text               mf_w.l(dmul.o)
    0x08000850   0x08000850   0x000000de   Code   RO        10150    .text               mf_w.l(ddiv.o)
    0x0800092e   0x0800092e   0x00000030   Code   RO        10152    .text               mf_w.l(dfixul.o)
    0x0800095e   0x0800095e   0x00000002   PAD
    0x08000960   0x08000960   0x00000030   Code   RO        10154    .text               mf_w.l(cdrcmple.o)
    0x08000990   0x08000990   0x00000024   Code   RO        10156    .text               mc_w.l(init.o)
    0x080009b4   0x080009b4   0x00000024   Code   RO        10158    .text               mc_w.l(llsshr.o)
    0x080009d8   0x080009d8   0x0000000a   Code   RO        10160    .text               mc_w.l(isspace_c.o)
    0x080009e2   0x080009e2   0x00000002   PAD
    0x080009e4   0x080009e4   0x00000360   Code   RO        10162    .text               mc_w.l(scanf_fp.o)
    0x08000d44   0x08000d44   0x00000040   Code   RO        10166    .text               mc_w.l(_sgetc.o)
    0x08000d84   0x08000d84   0x0000006e   Code   RO        10168    .text               mf_w.l(fepilogue.o)
    0x08000df2   0x08000df2   0x000000ba   Code   RO        10170    .text               mf_w.l(depilogue.o)
    0x08000eac   0x08000eac   0x00000028   Code   RO        10172    .text               mc_w.l(ctype_c.o)
    0x08000ed4   0x08000ed4   0x00000018   Code   RO        10175    .text               mf_w.l(dfltul.o)
    0x08000eec   0x08000eec   0x00000038   Code   RO        10177    .text               mf_w.l(d2f.o)
    0x08000f24   0x08000f24   0x00000056   Code   RO        10187    .text               mc_w.l(__dczerorl2.o)
    0x08000f7a   0x08000f7a   0x00000002   PAD
    0x08000f7c   0x08000f7c   0x00000108   Code   RO         2267    i.ADC_ConfigureBoostMode  stm32h7xx_hal_adc.o
    0x08001084   0x08001084   0x00000070   Code   RO         2272    i.ADC_Disable       stm32h7xx_hal_adc.o
    0x080010f4   0x080010f4   0x00000030   Code   RO         9606    i.AS5600_GetRadAngle  as5600.o
    0x08001124   0x08001124   0x0000002a   Code   RO         9607    i.AS5600_GetRawAngle  as5600.o
    0x0800114e   0x0800114e   0x00000002   PAD
    0x08001150   0x08001150   0x00000040   Code   RO         9608    i.AS5600_GetVelocity  as5600.o
    0x08001190   0x08001190   0x00000080   Code   RO         9610    i.AS5600_Update     as5600.o
    0x08001210   0x08001210   0x00000002   Code   RO          960    i.BusFault_Handler  stm32h7xx_it.o
    0x08001212   0x08001212   0x00000020   Code   RO         5120    i.DCMI_DMAError     stm32h7xx_hal_dcmi.o
    0x08001232   0x08001232   0x00000002   PAD
    0x08001234   0x08001234   0x0000000c   Code   RO          961    i.DCMI_IRQHandler   stm32h7xx_it.o
    0x08001240   0x08001240   0x0000000c   Code   RO          962    i.DMA1_Stream0_IRQHandler  stm32h7xx_it.o
    0x0800124c   0x0800124c   0x0000000c   Code   RO          963    i.DMA1_Stream1_IRQHandler  stm32h7xx_it.o
    0x08001258   0x08001258   0x0000000c   Code   RO          964    i.DMA1_Stream3_IRQHandler  stm32h7xx_it.o
    0x08001264   0x08001264   0x0000000c   Code   RO          965    i.DMA1_Stream4_IRQHandler  stm32h7xx_it.o
    0x08001270   0x08001270   0x0000000c   Code   RO          966    i.DMA1_Stream5_IRQHandler  stm32h7xx_it.o
    0x0800127c   0x0800127c   0x0000000c   Code   RO          967    i.DMA2_Stream0_IRQHandler  stm32h7xx_it.o
    0x08001288   0x08001288   0x000000b4   Code   RO         3350    i.DMA_CalcBaseAndBitshift  stm32h7xx_hal_dma.o
    0x0800133c   0x0800133c   0x0000009c   Code   RO         3351    i.DMA_CalcDMAMUXChannelBaseAndMask  stm32h7xx_hal_dma.o
    0x080013d8   0x080013d8   0x00000074   Code   RO         3352    i.DMA_CalcDMAMUXRequestGenBaseAndMask  stm32h7xx_hal_dma.o
    0x0800144c   0x0800144c   0x00000054   Code   RO         3353    i.DMA_CheckFifoParam  stm32h7xx_hal_dma.o
    0x080014a0   0x080014a0   0x00000220   Code   RO         3354    i.DMA_SetConfig     stm32h7xx_hal_dma.o
    0x080016c0   0x080016c0   0x00000002   Code   RO          968    i.DebugMon_Handler  stm32h7xx_it.o
    0x080016c2   0x080016c2   0x00000002   PAD
    0x080016c4   0x080016c4   0x00000054   Code   RO          969    i.EXTI9_5_IRQHandler  stm32h7xx_it.o
    0x08001718   0x08001718   0x00000004   Code   RO           13    i.Error_Handler     main.o
    0x0800171c   0x0800171c   0x0000001c   Code   RO         1217    i.ExitRun0Mode      system_stm32h7xx.o
    0x08001738   0x08001738   0x0000006a   Code   RO         5486    i.FMC_SDRAM_Init    stm32h7xx_ll_fmc.o
    0x080017a2   0x080017a2   0x00000012   Code   RO         5487    i.FMC_SDRAM_ProgramRefreshRate  stm32h7xx_ll_fmc.o
    0x080017b4   0x080017b4   0x00000026   Code   RO         5488    i.FMC_SDRAM_SendCommand  stm32h7xx_ll_fmc.o
    0x080017da   0x080017da   0x00000002   PAD
    0x080017dc   0x080017dc   0x000000b0   Code   RO         5490    i.FMC_SDRAM_Timing_Init  stm32h7xx_ll_fmc.o
    0x0800188c   0x0800188c   0x00000016   Code   RO         9453    i.GetElecAngle      foc.o
    0x080018a2   0x080018a2   0x00000006   Code   RO         9454    i.GetElectricalAngle  foc.o
    0x080018a8   0x080018a8   0x00000010   Code   RO         9455    i.GetVelocity       foc.o
    0x080018b8   0x080018b8   0x000000bc   Code   RO         9330    i.Gimbal_Init       gimbal.o
    0x08001974   0x08001974   0x0000009c   Code   RO         2484    i.HAL_ADCEx_Calibration_Start  stm32h7xx_hal_adc_ex.o
    0x08001a10   0x08001a10   0x00000128   Code   RO         2504    i.HAL_ADCEx_MultiModeConfigChannel  stm32h7xx_hal_adc_ex.o
    0x08001b38   0x08001b38   0x00000420   Code   RO         2275    i.HAL_ADC_ConfigChannel  stm32h7xx_hal_adc.o
    0x08001f58   0x08001f58   0x00000228   Code   RO         2284    i.HAL_ADC_Init      stm32h7xx_hal_adc.o
    0x08002180   0x08002180   0x00000104   Code   RO          465    i.HAL_ADC_MspInit   adc.o
    0x08002284   0x08002284   0x00000060   Code   RO          970    i.HAL_DCMI_ErrorCallback  stm32h7xx_it.o
    0x080022e4   0x080022e4   0x00000030   Code   RO          971    i.HAL_DCMI_FrameEventCallback  stm32h7xx_it.o
    0x08002314   0x08002314   0x00000004   Code   RO         5129    i.HAL_DCMI_GetError  stm32h7xx_hal_dcmi.o
    0x08002318   0x08002318   0x0000009c   Code   RO         5131    i.HAL_DCMI_IRQHandler  stm32h7xx_hal_dcmi.o
    0x080023b4   0x080023b4   0x0000009c   Code   RO         5132    i.HAL_DCMI_Init     stm32h7xx_hal_dcmi.o
    0x08002450   0x08002450   0x00000002   Code   RO         5133    i.HAL_DCMI_LineEventCallback  stm32h7xx_hal_dcmi.o
    0x08002452   0x08002452   0x00000002   PAD
    0x08002454   0x08002454   0x0000015c   Code   RO          507    i.HAL_DCMI_MspInit  dcmi.o
    0x080025b0   0x080025b0   0x00000002   Code   RO         5140    i.HAL_DCMI_VsyncEventCallback  stm32h7xx_hal_dcmi.o
    0x080025b2   0x080025b2   0x00000002   PAD
    0x080025b4   0x080025b4   0x000000c8   Code   RO         5276    i.HAL_DMA2D_ConfigLayer  stm32h7xx_hal_dma2d.o
    0x0800267c   0x0800267c   0x00000088   Code   RO         5284    i.HAL_DMA2D_Init    stm32h7xx_hal_dma2d.o
    0x08002704   0x08002704   0x00000028   Code   RO          573    i.HAL_DMA2D_MspInit  dma2d.o
    0x0800272c   0x0800272c   0x00000360   Code   RO         3355    i.HAL_DMA_Abort     stm32h7xx_hal_dma.o
    0x08002a8c   0x08002a8c   0x00000284   Code   RO         3356    i.HAL_DMA_Abort_IT  stm32h7xx_hal_dma.o
    0x08002d10   0x08002d10   0x00000006   Code   RO         3359    i.HAL_DMA_GetState  stm32h7xx_hal_dma.o
    0x08002d16   0x08002d16   0x00000002   PAD
    0x08002d18   0x08002d18   0x000006e8   Code   RO         3360    i.HAL_DMA_IRQHandler  stm32h7xx_hal_dma.o
    0x08003400   0x08003400   0x000003c4   Code   RO         3361    i.HAL_DMA_Init      stm32h7xx_hal_dma.o
    0x080037c4   0x080037c4   0x0000029c   Code   RO         3365    i.HAL_DMA_Start_IT  stm32h7xx_hal_dma.o
    0x08003a60   0x08003a60   0x00000024   Code   RO         4217    i.HAL_Delay         stm32h7xx_hal.o
    0x08003a84   0x08003a84   0x000000d0   Code   RO          614    i.HAL_FMC_MspInit   fmc.o
    0x08003b54   0x08003b54   0x00000002   Code   RO         3201    i.HAL_GPIO_EXTI_Callback  stm32h7xx_hal_gpio.o
    0x08003b56   0x08003b56   0x00000018   Code   RO         3202    i.HAL_GPIO_EXTI_IRQHandler  stm32h7xx_hal_gpio.o
    0x08003b6e   0x08003b6e   0x00000002   PAD
    0x08003b70   0x08003b70   0x0000022c   Code   RO         3203    i.HAL_GPIO_Init     stm32h7xx_hal_gpio.o
    0x08003d9c   0x08003d9c   0x0000000a   Code   RO         3205    i.HAL_GPIO_ReadPin  stm32h7xx_hal_gpio.o
    0x08003da6   0x08003da6   0x0000000a   Code   RO         3207    i.HAL_GPIO_WritePin  stm32h7xx_hal_gpio.o
    0x08003db0   0x08003db0   0x0000000c   Code   RO         4228    i.HAL_GetREVID      stm32h7xx_hal.o
    0x08003dbc   0x08003dbc   0x0000000c   Code   RO         4229    i.HAL_GetTick       stm32h7xx_hal.o
    0x08003dc8   0x08003dc8   0x00000058   Code   RO         4994    i.HAL_I2CEx_ConfigAnalogFilter  stm32h7xx_hal_i2c_ex.o
    0x08003e20   0x08003e20   0x00000054   Code   RO         4995    i.HAL_I2CEx_ConfigDigitalFilter  stm32h7xx_hal_i2c_ex.o
    0x08003e74   0x08003e74   0x00000002   Code   RO         4522    i.HAL_I2C_AbortCpltCallback  stm32h7xx_hal_i2c.o
    0x08003e76   0x08003e76   0x00000002   Code   RO         4523    i.HAL_I2C_AddrCallback  stm32h7xx_hal_i2c.o
    0x08003e78   0x08003e78   0x00000068   Code   RO         4526    i.HAL_I2C_ER_IRQHandler  stm32h7xx_hal_i2c.o
    0x08003ee0   0x08003ee0   0x00000010   Code   RO         4527    i.HAL_I2C_EV_IRQHandler  stm32h7xx_hal_i2c.o
    0x08003ef0   0x08003ef0   0x00000002   Code   RO         4529    i.HAL_I2C_ErrorCallback  stm32h7xx_hal_i2c.o
    0x08003ef2   0x08003ef2   0x00000002   PAD
    0x08003ef4   0x08003ef4   0x000000c0   Code   RO         4533    i.HAL_I2C_Init      stm32h7xx_hal_i2c.o
    0x08003fb4   0x08003fb4   0x00000002   Code   RO         4535    i.HAL_I2C_ListenCpltCallback  stm32h7xx_hal_i2c.o
    0x08003fb6   0x08003fb6   0x00000002   PAD
    0x08003fb8   0x08003fb8   0x00000164   Code   RO         4551    i.HAL_I2C_Mem_Read  stm32h7xx_hal_i2c.o
    0x0800411c   0x0800411c   0x00000108   Code   RO          663    i.HAL_I2C_MspInit   i2c.o
    0x08004224   0x08004224   0x00000002   Code   RO         4559    i.HAL_I2C_SlaveRxCpltCallback  stm32h7xx_hal_i2c.o
    0x08004226   0x08004226   0x00000002   Code   RO         4560    i.HAL_I2C_SlaveTxCpltCallback  stm32h7xx_hal_i2c.o
    0x08004228   0x08004228   0x00000010   Code   RO         4235    i.HAL_IncTick       stm32h7xx_hal.o
    0x08004238   0x08004238   0x0000005c   Code   RO         4236    i.HAL_Init          stm32h7xx_hal.o
    0x08004294   0x08004294   0x00000084   Code   RO         1178    i.HAL_InitTick      stm32h7xx_hal_timebase_tim.o
    0x08004318   0x08004318   0x0000009c   Code   RO         5869    i.HAL_JPEG_Init     stm32h7xx_hal_jpeg.o
    0x080043b4   0x080043b4   0x000000e4   Code   RO          705    i.HAL_JPEG_MspInit  jpeg.o
    0x08004498   0x08004498   0x00000058   Code   RO         3539    i.HAL_MDMA_ConfigPostRequestMask  stm32h7xx_hal_mdma.o
    0x080044f0   0x080044f0   0x00000178   Code   RO         3544    i.HAL_MDMA_IRQHandler  stm32h7xx_hal_mdma.o
    0x08004668   0x08004668   0x0000005e   Code   RO         3545    i.HAL_MDMA_Init     stm32h7xx_hal_mdma.o
    0x080046c6   0x080046c6   0x00000002   PAD
    0x080046c8   0x080046c8   0x0000005c   Code   RO         4058    i.HAL_MPU_ConfigRegion  stm32h7xx_hal_cortex.o
    0x08004724   0x08004724   0x0000001c   Code   RO         4059    i.HAL_MPU_Disable   stm32h7xx_hal_cortex.o
    0x08004740   0x08004740   0x00000024   Code   RO         4061    i.HAL_MPU_Enable    stm32h7xx_hal_cortex.o
    0x08004764   0x08004764   0x00000024   Code   RO         1154    i.HAL_MspInit       stm32h7xx_hal_msp.o
    0x08004788   0x08004788   0x0000001a   Code   RO         4065    i.HAL_NVIC_EnableIRQ  stm32h7xx_hal_cortex.o
    0x080047a2   0x080047a2   0x00000002   PAD
    0x080047a4   0x080047a4   0x00000040   Code   RO         4071    i.HAL_NVIC_SetPriority  stm32h7xx_hal_cortex.o
    0x080047e4   0x080047e4   0x00000024   Code   RO         4072    i.HAL_NVIC_SetPriorityGrouping  stm32h7xx_hal_cortex.o
    0x08004808   0x08004808   0x00000054   Code   RO         3804    i.HAL_PWREx_ConfigSupply  stm32h7xx_hal_pwr_ex.o
    0x0800485c   0x0800485c   0x00000024   Code   RO         2824    i.HAL_RCCEx_GetD3PCLK1Freq  stm32h7xx_hal_rcc_ex.o
    0x08004880   0x08004880   0x00000148   Code   RO         2825    i.HAL_RCCEx_GetPLL1ClockFreq  stm32h7xx_hal_rcc_ex.o
    0x080049c8   0x080049c8   0x00000144   Code   RO         2826    i.HAL_RCCEx_GetPLL2ClockFreq  stm32h7xx_hal_rcc_ex.o
    0x08004b0c   0x08004b0c   0x00000144   Code   RO         2827    i.HAL_RCCEx_GetPLL3ClockFreq  stm32h7xx_hal_rcc_ex.o
    0x08004c50   0x08004c50   0x000002c8   Code   RO         2829    i.HAL_RCCEx_GetPeriphCLKFreq  stm32h7xx_hal_rcc_ex.o
    0x08004f18   0x08004f18   0x000009ac   Code   RO         2833    i.HAL_RCCEx_PeriphCLKConfig  stm32h7xx_hal_rcc_ex.o
    0x080058c4   0x080058c4   0x0000025c   Code   RO         2709    i.HAL_RCC_ClockConfig  stm32h7xx_hal_rcc.o
    0x08005b20   0x08005b20   0x0000005c   Code   RO         2713    i.HAL_RCC_GetClockConfig  stm32h7xx_hal_rcc.o
    0x08005b7c   0x08005b7c   0x00000044   Code   RO         2714    i.HAL_RCC_GetHCLKFreq  stm32h7xx_hal_rcc.o
    0x08005bc0   0x08005bc0   0x00000024   Code   RO         2716    i.HAL_RCC_GetPCLK1Freq  stm32h7xx_hal_rcc.o
    0x08005be4   0x08005be4   0x00000024   Code   RO         2717    i.HAL_RCC_GetPCLK2Freq  stm32h7xx_hal_rcc.o
    0x08005c08   0x08005c08   0x00000138   Code   RO         2718    i.HAL_RCC_GetSysClockFreq  stm32h7xx_hal_rcc.o
    0x08005d40   0x08005d40   0x00000582   Code   RO         2721    i.HAL_RCC_OscConfig  stm32h7xx_hal_rcc.o
    0x080062c2   0x080062c2   0x00000002   PAD
    0x080062c4   0x080062c4   0x00000050   Code   RO         5681    i.HAL_SDRAM_Init    stm32h7xx_hal_sdram.o
    0x08006314   0x08006314   0x00000004   Code   RO          616    i.HAL_SDRAM_MspInit  fmc.o
    0x08006318   0x08006318   0x0000002e   Code   RO         5684    i.HAL_SDRAM_ProgramRefreshRate  stm32h7xx_hal_sdram.o
    0x08006346   0x08006346   0x00000002   PAD
    0x08006348   0x08006348   0x0000003c   Code   RO         5690    i.HAL_SDRAM_SendCommand  stm32h7xx_hal_sdram.o
    0x08006384   0x08006384   0x00000002   Code   RO         6152    i.HAL_SPI_ErrorCallback  stm32h7xx_hal_spi.o
    0x08006386   0x08006386   0x00000002   PAD
    0x08006388   0x08006388   0x00000224   Code   RO         6155    i.HAL_SPI_IRQHandler  stm32h7xx_hal_spi.o
    0x080065ac   0x080065ac   0x0000017c   Code   RO         6156    i.HAL_SPI_Init      stm32h7xx_hal_spi.o
    0x08006728   0x08006728   0x00000118   Code   RO          771    i.HAL_SPI_MspInit   spi.o
    0x08006840   0x08006840   0x00000002   Code   RO         6162    i.HAL_SPI_RxCpltCallback  stm32h7xx_hal_spi.o
    0x08006842   0x08006842   0x00000002   Code   RO         6164    i.HAL_SPI_SuspendCallback  stm32h7xx_hal_spi.o
    0x08006844   0x08006844   0x00000002   Code   RO         6171    i.HAL_SPI_TxCpltCallback  stm32h7xx_hal_spi.o
    0x08006846   0x08006846   0x00000002   Code   RO         6173    i.HAL_SPI_TxRxCpltCallback  stm32h7xx_hal_spi.o
    0x08006848   0x08006848   0x00000002   Code   RO         1976    i.HAL_TIMEx_Break2Callback  stm32h7xx_hal_tim_ex.o
    0x0800684a   0x0800684a   0x00000002   Code   RO         1977    i.HAL_TIMEx_BreakCallback  stm32h7xx_hal_tim_ex.o
    0x0800684c   0x0800684c   0x00000002   Code   RO         1978    i.HAL_TIMEx_CommutCallback  stm32h7xx_hal_tim_ex.o
    0x0800684e   0x0800684e   0x00000002   PAD
    0x08006850   0x08006850   0x000000a4   Code   RO         1998    i.HAL_TIMEx_MasterConfigSynchronization  stm32h7xx_hal_tim_ex.o
    0x080068f4   0x080068f4   0x00000062   Code   RO         1262    i.HAL_TIM_Base_Init  stm32h7xx_hal_tim.o
    0x08006956   0x08006956   0x00000002   PAD
    0x08006958   0x08006958   0x000000ac   Code   RO          813    i.HAL_TIM_Base_MspInit  tim.o
    0x08006a04   0x08006a04   0x0000008c   Code   RO         1267    i.HAL_TIM_Base_Start_IT  stm32h7xx_hal_tim.o
    0x08006a90   0x08006a90   0x000000fc   Code   RO         1271    i.HAL_TIM_ConfigClockSource  stm32h7xx_hal_tim.o
    0x08006b8c   0x08006b8c   0x00000002   Code   RO         1296    i.HAL_TIM_IC_CaptureCallback  stm32h7xx_hal_tim.o
    0x08006b8e   0x08006b8e   0x00000148   Code   RO         1310    i.HAL_TIM_IRQHandler  stm32h7xx_hal_tim.o
    0x08006cd6   0x08006cd6   0x00000002   PAD
    0x08006cd8   0x08006cd8   0x00000104   Code   RO          814    i.HAL_TIM_MspPostInit  tim.o
    0x08006ddc   0x08006ddc   0x00000002   Code   RO         1313    i.HAL_TIM_OC_DelayElapsedCallback  stm32h7xx_hal_tim.o
    0x08006dde   0x08006dde   0x00000124   Code   RO         1334    i.HAL_TIM_PWM_ConfigChannel  stm32h7xx_hal_tim.o
    0x08006f02   0x08006f02   0x00000062   Code   RO         1337    i.HAL_TIM_PWM_Init  stm32h7xx_hal_tim.o
    0x08006f64   0x08006f64   0x00000028   Code   RO          816    i.HAL_TIM_PWM_MspInit  tim.o
    0x08006f8c   0x08006f8c   0x00000002   Code   RO         1340    i.HAL_TIM_PWM_PulseFinishedCallback  stm32h7xx_hal_tim.o
    0x08006f8e   0x08006f8e   0x00000002   PAD
    0x08006f90   0x08006f90   0x00000110   Code   RO         1342    i.HAL_TIM_PWM_Start  stm32h7xx_hal_tim.o
    0x080070a0   0x080070a0   0x00000014   Code   RO           14    i.HAL_TIM_PeriodElapsedCallback  main.o
    0x080070b4   0x080070b4   0x00000002   Code   RO         1353    i.HAL_TIM_TriggerCallback  stm32h7xx_hal_tim.o
    0x080070b6   0x080070b6   0x00000040   Code   RO         6894    i.HAL_UARTEx_DisableFifoMode  stm32h7xx_hal_uart_ex.o
    0x080070f6   0x080070f6   0x0000004a   Code   RO         6900    i.HAL_UARTEx_ReceiveToIdle_DMA  stm32h7xx_hal_uart_ex.o
    0x08007140   0x08007140   0x000000d0   Code   RO          972    i.HAL_UARTEx_RxEventCallback  stm32h7xx_it.o
    0x08007210   0x08007210   0x00000002   Code   RO         6902    i.HAL_UARTEx_RxFifoFullCallback  stm32h7xx_hal_uart_ex.o
    0x08007212   0x08007212   0x0000004c   Code   RO         6903    i.HAL_UARTEx_SetRxFifoThreshold  stm32h7xx_hal_uart_ex.o
    0x0800725e   0x0800725e   0x0000004c   Code   RO         6904    i.HAL_UARTEx_SetTxFifoThreshold  stm32h7xx_hal_uart_ex.o
    0x080072aa   0x080072aa   0x00000002   Code   RO         6906    i.HAL_UARTEx_TxFifoEmptyCallback  stm32h7xx_hal_uart_ex.o
    0x080072ac   0x080072ac   0x00000002   Code   RO         6907    i.HAL_UARTEx_WakeupCallback  stm32h7xx_hal_uart_ex.o
    0x080072ae   0x080072ae   0x00000002   Code   RO         6499    i.HAL_UART_ErrorCallback  stm32h7xx_hal_uart.o
    0x080072b0   0x080072b0   0x0000039c   Code   RO         6502    i.HAL_UART_IRQHandler  stm32h7xx_hal_uart.o
    0x0800764c   0x0800764c   0x0000006a   Code   RO         6503    i.HAL_UART_Init     stm32h7xx_hal_uart.o
    0x080076b6   0x080076b6   0x00000002   PAD
    0x080076b8   0x080076b8   0x000001ac   Code   RO          903    i.HAL_UART_MspInit  usart.o
    0x08007864   0x08007864   0x00000002   Code   RO         6510    i.HAL_UART_RxCpltCallback  stm32h7xx_hal_uart.o
    0x08007866   0x08007866   0x00000002   Code   RO         6511    i.HAL_UART_RxHalfCpltCallback  stm32h7xx_hal_uart.o
    0x08007868   0x08007868   0x000000b0   Code   RO         6512    i.HAL_UART_Transmit  stm32h7xx_hal_uart.o
    0x08007918   0x08007918   0x0000003c   Code   RO          973    i.HAL_UART_TxCpltCallback  stm32h7xx_it.o
    0x08007954   0x08007954   0x00000002   Code   RO          974    i.HardFault_Handler  stm32h7xx_it.o
    0x08007956   0x08007956   0x00000002   PAD
    0x08007958   0x08007958   0x00000030   Code   RO          975    i.I2C2_ER_IRQHandler  stm32h7xx_it.o
    0x08007988   0x08007988   0x0000000c   Code   RO          976    i.I2C2_EV_IRQHandler  stm32h7xx_it.o
    0x08007994   0x08007994   0x00000014   Code   RO         4572    i.I2C_DMAAbort      stm32h7xx_hal_i2c.o
    0x080079a8   0x080079a8   0x00000060   Code   RO         4578    i.I2C_Disable_IRQ   stm32h7xx_hal_i2c.o
    0x08007a08   0x08007a08   0x00000022   Code   RO         4580    i.I2C_Flush_TXDR    stm32h7xx_hal_i2c.o
    0x08007a2a   0x08007a2a   0x00000094   Code   RO         4581    i.I2C_ITAddrCplt    stm32h7xx_hal_i2c.o
    0x08007abe   0x08007abe   0x00000002   PAD
    0x08007ac0   0x08007ac0   0x00000120   Code   RO         4582    i.I2C_ITError       stm32h7xx_hal_i2c.o
    0x08007be0   0x08007be0   0x00000064   Code   RO         4583    i.I2C_ITListenCplt  stm32h7xx_hal_i2c.o
    0x08007c44   0x08007c44   0x00000250   Code   RO         4586    i.I2C_ITSlaveCplt   stm32h7xx_hal_i2c.o
    0x08007e94   0x08007e94   0x00000072   Code   RO         4587    i.I2C_ITSlaveSeqCplt  stm32h7xx_hal_i2c.o
    0x08007f06   0x08007f06   0x00000002   PAD
    0x08007f08   0x08007f08   0x00000110   Code   RO         4588    i.I2C_IsErrorOccurred  stm32h7xx_hal_i2c.o
    0x08008018   0x08008018   0x00000064   Code   RO         4593    i.I2C_RequestMemoryRead  stm32h7xx_hal_i2c.o
    0x0800807c   0x0800807c   0x00000118   Code   RO         4596    i.I2C_Slave_ISR_IT  stm32h7xx_hal_i2c.o
    0x08008194   0x08008194   0x00000030   Code   RO         4597    i.I2C_TransferConfig  stm32h7xx_hal_i2c.o
    0x080081c4   0x080081c4   0x0000002a   Code   RO         4598    i.I2C_TreatErrorCallback  stm32h7xx_hal_i2c.o
    0x080081ee   0x080081ee   0x0000007c   Code   RO         4599    i.I2C_WaitOnFlagUntilTimeout  stm32h7xx_hal_i2c.o
    0x0800826a   0x0800826a   0x00000058   Code   RO         4601    i.I2C_WaitOnSTOPFlagUntilTimeout  stm32h7xx_hal_i2c.o
    0x080082c2   0x080082c2   0x0000005c   Code   RO         4602    i.I2C_WaitOnTXISFlagUntilTimeout  stm32h7xx_hal_i2c.o
    0x0800831e   0x0800831e   0x00000070   Code   RO         5875    i.JPEG_ACHuff_BitsVals_To_SizeCodes  stm32h7xx_hal_jpeg.o
    0x0800838e   0x0800838e   0x00000002   PAD
    0x08008390   0x08008390   0x00000064   Code   RO         5876    i.JPEG_Bits_To_SizeCodes  stm32h7xx_hal_jpeg.o
    0x080083f4   0x080083f4   0x000000a4   Code   RO         5890    i.JPEG_Set_HuffAC_Mem  stm32h7xx_hal_jpeg.o
    0x08008498   0x08008498   0x000000b8   Code   RO         5891    i.JPEG_Set_HuffDC_Mem  stm32h7xx_hal_jpeg.o
    0x08008550   0x08008550   0x0000005c   Code   RO         5892    i.JPEG_Set_HuffEnc_Mem  stm32h7xx_hal_jpeg.o
    0x080085ac   0x080085ac   0x000001d0   Code   RO         5893    i.JPEG_Set_Huff_DHTMem  stm32h7xx_hal_jpeg.o
    0x0800877c   0x0800877c   0x0000000a   Code   RO         9385    i.Joystick_Init     joystick.o
    0x08008786   0x08008786   0x00000008   Code   RO         2296    i.LL_ADC_INJ_IsConversionOngoing  stm32h7xx_hal_adc.o
    0x0800878e   0x0800878e   0x00000008   Code   RO         2297    i.LL_ADC_REG_IsConversionOngoing  stm32h7xx_hal_adc.o
    0x08008796   0x08008796   0x00000008   Code   RO         2514    i.LL_ADC_REG_IsConversionOngoing  stm32h7xx_hal_adc_ex.o
    0x0800879e   0x0800879e   0x00000002   PAD
    0x080087a0   0x080087a0   0x00000094   Code   RO         9577    i.LowPass_Filter    lowpassfilter.o
    0x08008834   0x08008834   0x0000001c   Code   RO          977    i.MDMA_IRQHandler   stm32h7xx_it.o
    0x08008850   0x08008850   0x000000b0   Code   RO         3556    i.MDMA_Init         stm32h7xx_hal_mdma.o
    0x08008900   0x08008900   0x000000b4   Code   RO          466    i.MX_ADC1_Init      adc.o
    0x080089b4   0x080089b4   0x0000003c   Code   RO          508    i.MX_DCMI_Init      dcmi.o
    0x080089f0   0x080089f0   0x00000048   Code   RO          574    i.MX_DMA2D_Init     dma2d.o
    0x08008a38   0x08008a38   0x0000008c   Code   RO          548    i.MX_DMA_Init       dma.o
    0x08008ac4   0x08008ac4   0x00000070   Code   RO          617    i.MX_FMC_Init       fmc.o
    0x08008b34   0x08008b34   0x000001e0   Code   RO          329    i.MX_FREERTOS_Init  freertos.o
    0x08008d14   0x08008d14   0x00000110   Code   RO          304    i.MX_GPIO_Init      gpio.o
    0x08008e24   0x08008e24   0x00000058   Code   RO          664    i.MX_I2C2_Init      i2c.o
    0x08008e7c   0x08008e7c   0x00000024   Code   RO          706    i.MX_JPEG_Init      jpeg.o
    0x08008ea0   0x08008ea0   0x0000002c   Code   RO          746    i.MX_MDMA_Init      mdma.o
    0x08008ecc   0x08008ecc   0x00000058   Code   RO          772    i.MX_SPI1_Init      spi.o
    0x08008f24   0x08008f24   0x000000bc   Code   RO          817    i.MX_TIM2_Init      tim.o
    0x08008fe0   0x08008fe0   0x00000074   Code   RO          818    i.MX_TIM3_Init      tim.o
    0x08009054   0x08009054   0x000000b0   Code   RO          819    i.MX_TIM4_Init      tim.o
    0x08009104   0x08009104   0x000000bc   Code   RO          820    i.MX_TIM5_Init      tim.o
    0x080091c0   0x080091c0   0x00000048   Code   RO          821    i.MX_TIM6_Init      tim.o
    0x08009208   0x08009208   0x00000048   Code   RO          822    i.MX_TIM7_Init      tim.o
    0x08009250   0x08009250   0x00000068   Code   RO          904    i.MX_USART1_UART_Init  usart.o
    0x080092b8   0x080092b8   0x00000068   Code   RO          905    i.MX_USART2_UART_Init  usart.o
    0x08009320   0x08009320   0x0000001c   Code   RO          978    i.MemManage_Handler  stm32h7xx_it.o
    0x0800933c   0x0800933c   0x00000002   Code   RO          979    i.NMI_Handler       stm32h7xx_it.o
    0x0800933e   0x0800933e   0x00000002   PAD
    0x08009340   0x08009340   0x0000002c   Code   RO         9456    i.NormalizeElecAngle  foc.o
    0x0800936c   0x0800936c   0x00000028   Code   RO         9251    i.PID_Init          pid.o
    0x08009394   0x08009394   0x000000f8   Code   RO         9252    i.PID_Loc           pid.o
    0x0800948c   0x0800948c   0x0000004e   Code   RO         9457    i.ParkInverse       foc.o
    0x080094da   0x080094da   0x00000002   PAD
    0x080094dc   0x080094dc   0x000000bc   Code   RO          331    i.ProccessRxTask    freertos.o
    0x08009598   0x08009598   0x00000120   Code   RO         2836    i.RCCEx_PLL2_Config  stm32h7xx_hal_rcc_ex.o
    0x080096b8   0x080096b8   0x00000120   Code   RO         2837    i.RCCEx_PLL3_Config  stm32h7xx_hal_rcc_ex.o
    0x080097d8   0x080097d8   0x00000064   Code   RO         8445    i.SDRAM_Init        sdram.o
    0x0800983c   0x0800983c   0x00000038   Code   RO         8446    i.SDRAM_SendCommand  sdram.o
    0x08009874   0x08009874   0x0000000c   Code   RO          980    i.SPI1_IRQHandler   stm32h7xx_it.o
    0x08009880   0x08009880   0x000000bc   Code   RO         6176    i.SPI_CloseTransfer  stm32h7xx_hal_spi.o
    0x0800993c   0x0800993c   0x0000001a   Code   RO         6177    i.SPI_DMAAbortOnError  stm32h7xx_hal_spi.o
    0x08009956   0x08009956   0x000000de   Code   RO         9459    i.SVPWM_CalcDuty    foc.o
    0x08009a34   0x08009a34   0x00000074   Code   RO         9461    i.SVPWM_CalcForTargetVelocity  foc.o
    0x08009aa8   0x08009aa8   0x00000150   Code   RO         9462    i.SVPWM_CalcVectorTime  foc.o
    0x08009bf8   0x08009bf8   0x00000080   Code   RO         9463    i.SVPWM_GetSector   foc.o
    0x08009c78   0x08009c78   0x00000044   Code   RO         9464    i.SVPWM_Init        foc.o
    0x08009cbc   0x08009cbc   0x00000074   Code   RO         9465    i.SVPWM_setTorque   foc.o
    0x08009d30   0x08009d30   0x00000060   Code   RO         9333    i.Servo_Set_Angle   gimbal.o
    0x08009d90   0x08009d90   0x00000180   Code   RO         9466    i.SetPWM            foc.o
    0x08009f10   0x08009f10   0x00000060   Code   RO          333    i.SplitKeyVal       freertos.o
    0x08009f70   0x08009f70   0x00000008   Code   RO          334    i.StartDefaultTask  freertos.o
    0x08009f78   0x08009f78   0x0000002c   Code   RO         8366    i.SysTick_Handler   port.o
    0x08009fa4   0x08009fa4   0x000000a8   Code   RO           15    i.SystemClock_Config  main.o
    0x0800a04c   0x0800a04c   0x000000f8   Code   RO         1219    i.SystemInit        system_stm32h7xx.o
    0x0800a144   0x0800a144   0x0000000c   Code   RO          981    i.TIM1_UP_IRQHandler  stm32h7xx_it.o
    0x0800a150   0x0800a150   0x0000003c   Code   RO          982    i.TIM6_DAC_IRQHandler  stm32h7xx_it.o
    0x0800a18c   0x0800a18c   0x0000000c   Code   RO          983    i.TIM7_IRQHandler   stm32h7xx_it.o
    0x0800a198   0x0800a198   0x000000cc   Code   RO         1355    i.TIM_Base_SetConfig  stm32h7xx_hal_tim.o
    0x0800a264   0x0800a264   0x0000001a   Code   RO         1356    i.TIM_CCxChannelCmd  stm32h7xx_hal_tim.o
    0x0800a27e   0x0800a27e   0x00000012   Code   RO         1366    i.TIM_ETR_SetConfig  stm32h7xx_hal_tim.o
    0x0800a290   0x0800a290   0x00000014   Code   RO         1367    i.TIM_ITRx_SetConfig  stm32h7xx_hal_tim.o
    0x0800a2a4   0x0800a2a4   0x000000a4   Code   RO         1368    i.TIM_OC1_SetConfig  stm32h7xx_hal_tim.o
    0x0800a348   0x0800a348   0x00000098   Code   RO         1369    i.TIM_OC2_SetConfig  stm32h7xx_hal_tim.o
    0x0800a3e0   0x0800a3e0   0x00000098   Code   RO         1370    i.TIM_OC3_SetConfig  stm32h7xx_hal_tim.o
    0x0800a478   0x0800a478   0x00000078   Code   RO         1371    i.TIM_OC4_SetConfig  stm32h7xx_hal_tim.o
    0x0800a4f0   0x0800a4f0   0x00000074   Code   RO         1372    i.TIM_OC5_SetConfig  stm32h7xx_hal_tim.o
    0x0800a564   0x0800a564   0x00000074   Code   RO         1373    i.TIM_OC6_SetConfig  stm32h7xx_hal_tim.o
    0x0800a5d8   0x0800a5d8   0x00000022   Code   RO         1375    i.TIM_TI1_ConfigInputStage  stm32h7xx_hal_tim.o
    0x0800a5fa   0x0800a5fa   0x00000024   Code   RO         1377    i.TIM_TI2_ConfigInputStage  stm32h7xx_hal_tim.o
    0x0800a61e   0x0800a61e   0x00000002   PAD
    0x0800a620   0x0800a620   0x00000044   Code   RO         6908    i.UARTEx_SetNbDataToProcess  stm32h7xx_hal_uart_ex.o
    0x0800a664   0x0800a664   0x000000c8   Code   RO         6517    i.UART_AdvFeatureConfig  stm32h7xx_hal_uart.o
    0x0800a72c   0x0800a72c   0x000000aa   Code   RO         6518    i.UART_CheckIdleState  stm32h7xx_hal_uart.o
    0x0800a7d6   0x0800a7d6   0x00000010   Code   RO         6519    i.UART_DMAAbortOnError  stm32h7xx_hal_uart.o
    0x0800a7e6   0x0800a7e6   0x0000004e   Code   RO         6520    i.UART_DMAError     stm32h7xx_hal_uart.o
    0x0800a834   0x0800a834   0x00000082   Code   RO         6521    i.UART_DMAReceiveCplt  stm32h7xx_hal_uart.o
    0x0800a8b6   0x0800a8b6   0x00000020   Code   RO         6523    i.UART_DMARxHalfCplt  stm32h7xx_hal_uart.o
    0x0800a8d6   0x0800a8d6   0x00000002   PAD
    0x0800a8d8   0x0800a8d8   0x00000054   Code   RO         6529    i.UART_EndRxTransfer  stm32h7xx_hal_uart.o
    0x0800a92c   0x0800a92c   0x0000002e   Code   RO         6530    i.UART_EndTxTransfer  stm32h7xx_hal_uart.o
    0x0800a95a   0x0800a95a   0x00000002   PAD
    0x0800a95c   0x0800a95c   0x000003ac   Code   RO         6535    i.UART_SetConfig    stm32h7xx_hal_uart.o
    0x0800ad08   0x0800ad08   0x000000a8   Code   RO         6536    i.UART_Start_Receive_DMA  stm32h7xx_hal_uart.o
    0x0800adb0   0x0800adb0   0x00000094   Code   RO         6542    i.UART_WaitOnFlagUntilTimeout  stm32h7xx_hal_uart.o
    0x0800ae44   0x0800ae44   0x0000000c   Code   RO          984    i.USART1_IRQHandler  stm32h7xx_it.o
    0x0800ae50   0x0800ae50   0x0000000c   Code   RO          985    i.USART2_IRQHandler  stm32h7xx_it.o
    0x0800ae5c   0x0800ae5c   0x00000002   Code   RO          986    i.UsageFault_Handler  stm32h7xx_it.o
    0x0800ae5e   0x0800ae5e   0x00000002   PAD
    0x0800ae60   0x0800ae60   0x00000020   Code   RO        10066    i.__0printf         mc_w.l(printfa.o)
    0x0800ae80   0x0800ae80   0x00000026   Code   RO        10094    i.__ARM_fpclassifyf  m_wv.l(fpclassifyf.o)
    0x0800aea6   0x0800aea6   0x00000022   Code   RO         4078    i.__NVIC_SetPriority  stm32h7xx_hal_cortex.o
    0x0800aec8   0x0800aec8   0x00000038   Code   RO         9766    i.__hardfp_atof     m_wv.l(atof.o)
    0x0800af00   0x0800af00   0x00000150   Code   RO         9772    i.__hardfp_cosf     m_wv.l(cosf.o)
    0x0800b050   0x0800b050   0x000000b0   Code   RO         9784    i.__hardfp_fmodf    m_wv.l(fmodf.o)
    0x0800b100   0x0800b100   0x00000194   Code   RO         9796    i.__hardfp_sinf     m_wv.l(sinf.o)
    0x0800b294   0x0800b294   0x00000006   Code   RO        10097    i.__mathlib_flt_infnan  m_wv.l(funder.o)
    0x0800b29a   0x0800b29a   0x00000002   PAD
    0x0800b29c   0x0800b29c   0x00000010   Code   RO        10099    i.__mathlib_flt_invalid  m_wv.l(funder.o)
    0x0800b2ac   0x0800b2ac   0x00000010   Code   RO        10102    i.__mathlib_flt_underflow  m_wv.l(funder.o)
    0x0800b2bc   0x0800b2bc   0x00000154   Code   RO        10110    i.__mathlib_rredf2  m_wv.l(rredf.o)
    0x0800b410   0x0800b410   0x0000000c   Code   RO        10135    i.__read_errno      mc_w.l(errno.o)
    0x0800b41c   0x0800b41c   0x0000000e   Code   RO        10181    i.__scatterload_copy  mc_w.l(handlers.o)
    0x0800b42a   0x0800b42a   0x00000002   Code   RO        10182    i.__scatterload_null  mc_w.l(handlers.o)
    0x0800b42c   0x0800b42c   0x0000000e   Code   RO        10183    i.__scatterload_zeroinit  mc_w.l(handlers.o)
    0x0800b43a   0x0800b43a   0x00000002   PAD
    0x0800b43c   0x0800b43c   0x0000000c   Code   RO        10136    i.__set_errno       mc_w.l(errno.o)
    0x0800b448   0x0800b448   0x00000184   Code   RO        10073    i._fp_digits        mc_w.l(printfa.o)
    0x0800b5cc   0x0800b5cc   0x0000000e   Code   RO        10164    i._is_digit         mc_w.l(scanf_fp.o)
    0x0800b5da   0x0800b5da   0x00000002   PAD
    0x0800b5dc   0x0800b5dc   0x000006dc   Code   RO        10074    i._printf_core      mc_w.l(printfa.o)
    0x0800bcb8   0x0800bcb8   0x00000024   Code   RO        10075    i._printf_post_padding  mc_w.l(printfa.o)
    0x0800bcdc   0x0800bcdc   0x0000002e   Code   RO        10076    i._printf_pre_padding  mc_w.l(printfa.o)
    0x0800bd0a   0x0800bd0a   0x00000002   PAD
    0x0800bd0c   0x0800bd0c   0x00000018   Code   RO          906    i.fputc             usart.o
    0x0800bd24   0x0800bd24   0x000000b2   Code   RO           16    i.main              main.o
    0x0800bdd6   0x0800bdd6   0x0000000e   Code   RO         7943    i.makeFreeRtosPriority  cmsis_os.o
    0x0800bde4   0x0800bde4   0x0000000e   Code   RO         7945    i.osDelay           cmsis_os.o
    0x0800bdf2   0x0800bdf2   0x0000000a   Code   RO         7948    i.osKernelStart     cmsis_os.o
    0x0800bdfc   0x0800bdfc   0x00000054   Code   RO         7982    i.osThreadCreate    cmsis_os.o
    0x0800be50   0x0800be50   0x00000070   Code   RO         7483    i.prvAddCurrentTaskToDelayedList  tasks.o
    0x0800bec0   0x0800bec0   0x000000d0   Code   RO         7484    i.prvAddNewTaskToReadyList  tasks.o
    0x0800bf90   0x0800bf90   0x00000058   Code   RO         7797    i.prvCheckForValidListAndQueue  timers.o
    0x0800bfe8   0x0800bfe8   0x00000026   Code   RO         7153    i.prvCopyDataFromQueue  queue.o
    0x0800c00e   0x0800c00e   0x0000006c   Code   RO         7154    i.prvCopyDataToQueue  queue.o
    0x0800c07a   0x0800c07a   0x00000034   Code   RO         7485    i.prvDeleteTCB      tasks.o
    0x0800c0ae   0x0800c0ae   0x00000002   PAD
    0x0800c0b0   0x0800c0b0   0x00000050   Code   RO         8310    i.prvHeapInit       heap_4.o
    0x0800c100   0x0800c100   0x00000060   Code   RO         7486    i.prvIdleTask       tasks.o
    0x0800c160   0x0800c160   0x00000016   Code   RO         7156    i.prvInitialiseNewQueue  queue.o
    0x0800c176   0x0800c176   0x0000009a   Code   RO         7487    i.prvInitialiseNewTask  tasks.o
    0x0800c210   0x0800c210   0x00000050   Code   RO         7798    i.prvInitialiseNewTimer  timers.o
    0x0800c260   0x0800c260   0x0000004c   Code   RO         8311    i.prvInsertBlockIntoFreeList  heap_4.o
    0x0800c2ac   0x0800c2ac   0x0000003c   Code   RO         7799    i.prvInsertTimerInActiveList  timers.o
    0x0800c2e8   0x0800c2e8   0x0000001c   Code   RO         7157    i.prvIsQueueEmpty   queue.o
    0x0800c304   0x0800c304   0x000000e8   Code   RO         7800    i.prvProcessReceivedCommands  timers.o
    0x0800c3ec   0x0800c3ec   0x000000c0   Code   RO         7801    i.prvProcessTimerOrBlockTask  timers.o
    0x0800c4ac   0x0800c4ac   0x00000020   Code   RO         7488    i.prvResetNextTaskUnblockTime  tasks.o
    0x0800c4cc   0x0800c4cc   0x00000028   Code   RO         7802    i.prvSampleTimeNow  timers.o
    0x0800c4f4   0x0800c4f4   0x0000006c   Code   RO         7803    i.prvSwitchTimerLists  timers.o
    0x0800c560   0x0800c560   0x00000028   Code   RO         8367    i.prvTaskExitError  port.o
    0x0800c588   0x0800c588   0x00000024   Code   RO         7804    i.prvTimerTask      timers.o
    0x0800c5ac   0x0800c5ac   0x0000006a   Code   RO         7158    i.prvUnlockQueue    queue.o
    0x0800c616   0x0800c616   0x00000002   PAD
    0x0800c618   0x0800c618   0x000000dc   Code   RO         8312    i.pvPortMalloc      heap_4.o
    0x0800c6f4   0x0800c6f4   0x00000018   Code   RO         7490    i.pvTaskIncrementMutexHeldCount  tasks.o
    0x0800c70c   0x0800c70c   0x00000030   Code   RO         8368    i.pxPortInitialiseStack  port.o
    0x0800c73c   0x0800c73c   0x00000028   Code   RO          335    i.test              freertos.o
    0x0800c764   0x0800c764   0x00000026   Code   RO         7113    i.uxListRemove      list.o
    0x0800c78a   0x0800c78a   0x00000002   PAD
    0x0800c78c   0x0800c78c   0x00000018   Code   RO          336    i.vApplicationGetIdleTaskMemory  freertos.o
    0x0800c7a4   0x0800c7a4   0x00000018   Code   RO          337    i.vApplicationGetTimerTaskMemory  freertos.o
    0x0800c7bc   0x0800c7bc   0x00000050   Code   RO         9297    i.vDebounceTimerCallback  software_timer.o
    0x0800c80c   0x0800c80c   0x00000016   Code   RO         7114    i.vListInitialise   list.o
    0x0800c822   0x0800c822   0x00000006   Code   RO         7115    i.vListInitialiseItem  list.o
    0x0800c828   0x0800c828   0x00000030   Code   RO         7116    i.vListInsert       list.o
    0x0800c858   0x0800c858   0x00000018   Code   RO         7117    i.vListInsertEnd    list.o
    0x0800c870   0x0800c870   0x00000040   Code   RO         8370    i.vPortEnterCritical  port.o
    0x0800c8b0   0x0800c8b0   0x00000028   Code   RO         8371    i.vPortExitCritical  port.o
    0x0800c8d8   0x0800c8d8   0x00000064   Code   RO         8313    i.vPortFree         heap_4.o
    0x0800c93c   0x0800c93c   0x00000024   Code   RO         8372    i.vPortSetupTimerInterrupt  port.o
    0x0800c960   0x0800c960   0x00000054   Code   RO         8373    i.vPortValidateInterruptPriority  port.o
    0x0800c9b4   0x0800c9b4   0x00000028   Code   RO         7162    i.vQueueAddToRegistry  queue.o
    0x0800c9dc   0x0800c9dc   0x00000044   Code   RO         7165    i.vQueueWaitForMessageRestricted  queue.o
    0x0800ca20   0x0800ca20   0x0000004c   Code   RO         7497    i.vTaskDelay        tasks.o
    0x0800ca6c   0x0800ca6c   0x00000010   Code   RO         7500    i.vTaskInternalSetTimeOutState  tasks.o
    0x0800ca7c   0x0800ca7c   0x0000000c   Code   RO         7501    i.vTaskMissedYield  tasks.o
    0x0800ca88   0x0800ca88   0x00000030   Code   RO         7503    i.vTaskPlaceOnEventList  tasks.o
    0x0800cab8   0x0800cab8   0x00000038   Code   RO         7504    i.vTaskPlaceOnEventListRestricted  tasks.o
    0x0800caf0   0x0800caf0   0x000000a8   Code   RO         7506    i.vTaskPriorityDisinheritAfterTimeout  tasks.o
    0x0800cb98   0x0800cb98   0x00000088   Code   RO         7511    i.vTaskStartScheduler  tasks.o
    0x0800cc20   0x0800cc20   0x00000010   Code   RO         7513    i.vTaskSuspendAll   tasks.o
    0x0800cc30   0x0800cc30   0x0000005c   Code   RO         7514    i.vTaskSwitchContext  tasks.o
    0x0800cc8c   0x0800cc8c   0x000000f4   Code   RO         8374    i.xPortStartScheduler  port.o
    0x0800cd80   0x0800cd80   0x00000042   Code   RO         7168    i.xQueueGenericCreate  queue.o
    0x0800cdc2   0x0800cdc2   0x00000066   Code   RO         7169    i.xQueueGenericCreateStatic  queue.o
    0x0800ce28   0x0800ce28   0x00000094   Code   RO         7170    i.xQueueGenericReset  queue.o
    0x0800cebc   0x0800cebc   0x00000160   Code   RO         7171    i.xQueueGenericSend  queue.o
    0x0800d01c   0x0800d01c   0x000000be   Code   RO         7172    i.xQueueGenericSendFromISR  queue.o
    0x0800d0da   0x0800d0da   0x0000009c   Code   RO         7173    i.xQueueGiveFromISR  queue.o
    0x0800d176   0x0800d176   0x00000002   PAD
    0x0800d178   0x0800d178   0x0000013c   Code   RO         7178    i.xQueueReceive     queue.o
    0x0800d2b4   0x0800d2b4   0x0000017c   Code   RO         7180    i.xQueueSemaphoreTake  queue.o
    0x0800d430   0x0800d430   0x00000078   Code   RO         7516    i.xTaskCheckForTimeOut  tasks.o
    0x0800d4a8   0x0800d4a8   0x0000005a   Code   RO         7517    i.xTaskCreate       tasks.o
    0x0800d502   0x0800d502   0x00000056   Code   RO         7518    i.xTaskCreateStatic  tasks.o
    0x0800d558   0x0800d558   0x0000001c   Code   RO         7522    i.xTaskGetSchedulerState  tasks.o
    0x0800d574   0x0800d574   0x0000000c   Code   RO         7523    i.xTaskGetTickCount  tasks.o
    0x0800d580   0x0800d580   0x00000010   Code   RO         7524    i.xTaskGetTickCountFromISR  tasks.o
    0x0800d590   0x0800d590   0x000000cc   Code   RO         7525    i.xTaskIncrementTick  tasks.o
    0x0800d65c   0x0800d65c   0x000000a0   Code   RO         7528    i.xTaskPriorityDisinherit  tasks.o
    0x0800d6fc   0x0800d6fc   0x00000090   Code   RO         7529    i.xTaskPriorityInherit  tasks.o
    0x0800d78c   0x0800d78c   0x00000074   Code   RO         7530    i.xTaskRemoveFromEventList  tasks.o
    0x0800d800   0x0800d800   0x000000c4   Code   RO         7531    i.xTaskResumeAll    tasks.o
    0x0800d8c4   0x0800d8c4   0x00000034   Code   RO         7809    i.xTimerCreate      timers.o
    0x0800d8f8   0x0800d8f8   0x00000060   Code   RO         7811    i.xTimerCreateTimerTask  timers.o
    0x0800d958   0x0800d958   0x00000060   Code   RO         7812    i.xTimerGenericCommand  timers.o
    0x0800d9b8   0x0800d9b8   0x0000001c   Data   RO          340    .constdata          freertos.o
    0x0800d9d4   0x0800d9d4   0x00000010   Data   RO         1220    .constdata          system_stm32h7xx.o
    0x0800d9e4   0x0800d9e4   0x00000008   Data   RO         3367    .constdata          stm32h7xx_hal_dma.o
    0x0800d9ec   0x0800d9ec   0x0000025c   Data   RO         5896    .constdata          stm32h7xx_hal_jpeg.o
    0x0800dc48   0x0800dc48   0x00000018   Data   RO         6543    .constdata          stm32h7xx_hal_uart.o
    0x0800dc60   0x0800dc60   0x00000010   Data   RO         6909    .constdata          stm32h7xx_hal_uart_ex.o
    0x0800dc70   0x0800dc70   0x00000020   Data   RO        10111    .constdata          m_wv.l(rredf.o)
    0x0800dc90   0x0800dc90   0x00000040   Data   RO        10173    .constdata          mc_w.l(ctype_c.o)
    0x0800dcd0   0x0800dcd0   0x0000000c   Data   RO          341    .conststring        freertos.o
    0x0800dcdc   0x0800dcdc   0x00000020   Data   RO        10179    Region$$Table       anon$$obj.o


    Execution Region RW_IRAM1 (Exec base: 0x20000000, Load base: 0x0800dcfc, Size: 0x00000000, Max: 0x00020000, ABSOLUTE)

    **** No section assigned to this execution region ****


    Execution Region RW_IRAM2 (Exec base: 0x24000000, Load base: 0x0800dcfc, Size: 0x000055c8, Max: 0x00080000, ABSOLUTE, COMPRESSED[0x0000004c])

    Exec Addr    Load Addr    Size         Type   Attr      Idx    E Section Name        Object

    0x24000000   COMPRESSED   0x00000034   Data   RW          342    .data               freertos.o
    0x24000034   COMPRESSED   0x00000008   Data   RW          619    .data               fmc.o
    0x2400003c   COMPRESSED   0x00000008   Data   RW          987    .data               stm32h7xx_it.o
    0x24000044   COMPRESSED   0x00000008   Data   RW         1221    .data               system_stm32h7xx.o
    0x2400004c   COMPRESSED   0x0000000c   Data   RW         4258    .data               stm32h7xx_hal.o
    0x24000058   COMPRESSED   0x0000003c   Data   RW         7534    .data               tasks.o
    0x24000094   COMPRESSED   0x00000014   Data   RW         7818    .data               timers.o
    0x240000a8   COMPRESSED   0x00000020   Data   RW         8319    .data               heap_4.o
    0x240000c8   COMPRESSED   0x0000000c   Data   RW         8375    .data               port.o
    0x240000d4   COMPRESSED   0x00000004   Data   RW         9298    .data               software_timer.o
    0x240000d8   COMPRESSED   0x0000002c   Data   RW         9467    .data               foc.o
    0x24000104   COMPRESSED   0x0000002c   Data   RW         9468    .data               foc.o
    0x24000130   COMPRESSED   0x00000020   Data   RW         9471    .data               foc.o
    0x24000150   COMPRESSED   0x00000060   Data   RW         9472    .data               foc.o
    0x240001b0   COMPRESSED   0x00000004   Data   RW         9826    .data               mc_w.l(strtok.o)
    0x240001b4   COMPRESSED   0x00000004   Data   RW        10127    .data               mc_w.l(stdout.o)
    0x240001b8   COMPRESSED   0x00000004   Data   RW        10137    .data               mc_w.l(errno.o)
    0x240001bc        -       0x0000079c   Zero   RW          339    .bss                freertos.o
    0x24000958        -       0x000000dc   Zero   RW          467    .bss                adc.o
    0x24000a34        -       0x000000c8   Zero   RW          509    .bss                dcmi.o
    0x24000afc        -       0x00000068   Zero   RW          575    .bss                dma2d.o
    0x24000b64        -       0x00000034   Zero   RW          618    .bss                fmc.o
    0x24000b98        -       0x00000144   Zero   RW          665    .bss                i2c.o
    0x24000cdc        -       0x00000130   Zero   RW          707    .bss                jpeg.o
    0x24000e0c        -       0x00000100   Zero   RW          773    .bss                spi.o
    0x24000f0c        -       0x000001c8   Zero   RW          823    .bss                tim.o
    0x240010d4        -       0x00000290   Zero   RW          907    .bss                usart.o
    0x24001364        -       0x0000004c   Zero   RW         1181    .bss                stm32h7xx_hal_timebase_tim.o
    0x240013b0        -       0x00000040   Zero   RW         7181    .bss                queue.o
    0x240013f0        -       0x000000f0   Zero   RW         7533    .bss                tasks.o
    0x240014e0        -       0x000000e8   Zero   RW         7817    .bss                timers.o
    0x240015c8        -       0x00003c00   Zero   RW         8318    .bss                heap_4.o
    0x240051c8        -       0x00000400   Zero   RW            1    STACK               startup_stm32h743xx.o


==============================================================================

Image component sizes


      Code (inc. data)   RO Data    RW Data    ZI Data      Debug   Object Name

       440         44          0          0        220       2219   adc.o
       282         24          0          0          0       3451   as5600.o
       122          0          0          0          0      23509   cmsis_os.o
       408         46          0          0        200       2128   dcmi.o
       140          4          0          0          0        994   dma.o
       112         18          0          0        104       1757   dma2d.o
         0          0          0          0          0      20008   event_groups.o
       324         40          0          8         52       2504   fmc.o
      1536         96          0        216          0       9443   foc.o
       860        164         40         52       1948      15683   freertos.o
       284         52          0          0          0       2104   gimbal.o
       272         18          0          0          0       1259   gpio.o
       476         24          0         32      15360       5071   heap_4.o
       352         34          0          0        324       2167   i2c.o
        10          0          0          0          0       1096   joystick.o
       264         24          0          0        304       2033   jpeg.o
       138          0          0          0          0       3758   list.o
       148         14          0          0          0       1413   lowpassfilter.o
       370         14          0          0          0    1431592   main.o
        44          4          0          0          0        935   mdma.o
       288         14          0          0          0       6832   pid.o
       790         84          0         12          0      12133   port.o
      2120         26          0          0         64      21964   queue.o
       156         12          0          0          0       1361   sdram.o
        80         40          0          4          0        846   software_timer.o
       368         38          0          0        256       2118   spi.o
        44         12        664          0       1024        852   startup_stm32h743xx.o
       168         36          0         12          0      22901   stm32h7xx_hal.o
      2000        210          0          0          0      69138   stm32h7xx_hal_adc.o
       460         32          0          0          0      64473   stm32h7xx_hal_adc_ex.o
       316         28          0          0          0      41220   stm32h7xx_hal_cortex.o
       352          8          0          0          0       4509   stm32h7xx_hal_dcmi.o
      5994        246          8          0          0      12689   stm32h7xx_hal_dma.o
       336         16          0          0          0       2445   stm32h7xx_hal_dma2d.o
       602         50          0          0          0       4251   stm32h7xx_hal_gpio.o
      3118         92          0          0          0      23358   stm32h7xx_hal_i2c.o
       172          0          0          0          0       2127   stm32h7xx_hal_i2c_ex.o
      1272         32        604          0          0      10220   stm32h7xx_hal_jpeg.o
       734         12          0          0          0       4203   stm32h7xx_hal_mdma.o
        36          4          0          0          0        978   stm32h7xx_hal_msp.o
        84          6          0          0          0        801   stm32h7xx_hal_pwr_ex.o
      2558        110          0          0          0       8001   stm32h7xx_hal_rcc.o
      4776        174          0          0          0      10707   stm32h7xx_hal_rcc_ex.o
       186          4          0          0          0       3036   stm32h7xx_hal_sdram.o
      1152         18          0          0          0       7403   stm32h7xx_hal_spi.o
      2646        276          0          0          0      18688   stm32h7xx_hal_tim.o
       170         30          0          0          0       3312   stm32h7xx_hal_tim_ex.o
       132         22          0          0         76       1623   stm32h7xx_hal_timebase_tim.o
      3224        150         24          0          0      34998   stm32h7xx_hal_uart.o
       364          6         16          0          0       6541   stm32h7xx_hal_uart_ex.o
       826        260          0          8          0      15833   stm32h7xx_it.o
       338         12          0          0          0       4436   stm32h7xx_ll_fmc.o
         0          0          0          0          0        408   stream_buffer.o
       276         48         16          8          0       2073   system_stm32h7xx.o
      2470        188          0         60        240      30500   tasks.o
      1284        114          0          0        456       7091   tim.o
      1080         80          0         20        232      32242   timers.o
       660         48          0          0        656       5128   usart.o

    ----------------------------------------------------------------------
     48286       3158       1404        432      21516    2034563   Object Totals
         0          0         32          0          0          0   (incl. Generated)
        72          0          0          0          0          0   (incl. Padding)

    ----------------------------------------------------------------------

      Code (inc. data)   RO Data    RW Data    ZI Data      Debug   Library Member Name

        56         12          0          0          0        132   atof.o
       336         60          0          0          0        136   cosf.o
       176          0          0          0          0        168   fmodf.o
        38          0          0          0          0        116   fpclassifyf.o
        38         12          0          0          0        348   funder.o
       340         24         32          0          0        160   rredf.o
       404         60          0          0          0        212   sinf.o
        86          0          0          0          0          0   __dczerorl2.o
        64          0          0          0          0         84   _sgetc.o
        40          6         64          0          0         68   ctype_c.o
         0          0          0          0          0          0   entry.o
         0          0          0          0          0          0   entry10a.o
         0          0          0          0          0          0   entry11a.o
         8          4          0          0          0          0   entry2.o
         4          0          0          0          0          0   entry5.o
         0          0          0          0          0          0   entry7b.o
         0          0          0          0          0          0   entry8b.o
         8          4          0          0          0          0   entry9a.o
        24         12          0          4          0        136   errno.o
        30          0          0          0          0          0   handlers.o
        36          8          0          0          0         68   init.o
        10          0          0          0          0         68   isspace_c.o
         0          0          0          0          0          0   iusefp.o
        30          0          0          0          0         68   llshl.o
        36          0          0          0          0         68   llsshr.o
        32          0          0          0          0         68   llushr.o
        36          0          0          0          0         68   memcpya.o
        36          0          0          0          0        108   memseta.o
      2258         90          0          0          0        452   printfa.o
       878         12          0          0          0        216   scanf_fp.o
         0          0          0          4          0          0   stdout.o
        28          0          0          0          0         76   strcmp.o
        18          0          0          0          0         68   strcpy.o
        14          0          0          0          0         68   strlen.o
       156         12          0          0          0        120   strtod.o
        68          6          0          4          0         80   strtok.o
        44          0          0          0          0         80   uidiv.o
        98          0          0          0          0         92   uldiv.o
        48          0          0          0          0         68   cdrcmple.o
        56          0          0          0          0         88   d2f.o
       334          0          0          0          0        148   dadd.o
       222          0          0          0          0        100   ddiv.o
       186          0          0          0          0        176   depilogue.o
        48          0          0          0          0         68   dfixul.o
        24          0          0          0          0         76   dfltul.o
       228          0          0          0          0         96   dmul.o
       110          0          0          0          0        168   fepilogue.o
        82          0          0          0          0         96   frem.o

    ----------------------------------------------------------------------
      6786        322         96         12          0       4412   Library Totals
        18          0          0          0          0          0   (incl. Padding)

    ----------------------------------------------------------------------

      Code (inc. data)   RO Data    RW Data    ZI Data      Debug   Library Name

      1388        168         32          0          0       1272   m_wv.l
      4042        154         64         12          0       2056   mc_w.l
      1338          0          0          0          0       1084   mf_w.l

    ----------------------------------------------------------------------
      6786        322         96         12          0       4412   Library Totals

    ----------------------------------------------------------------------

==============================================================================


      Code (inc. data)   RO Data    RW Data    ZI Data      Debug   

     55072       3480       1500        444      21516    2004147   Grand Totals
     55072       3480       1500         76      21516    2004147   ELF Image Totals (compressed)
     55072       3480       1500         76          0          0   ROM Totals

==============================================================================

    Total RO  Size (Code + RO Data)                56572 (  55.25kB)
    Total RW  Size (RW Data + ZI Data)             21960 (  21.45kB)
    Total ROM Size (Code + RO Data + RW Data)      56648 (  55.32kB)

==============================================================================

