Component: ARM Compiler 5.06 update 6 (build 750) Tool: armlink [4d35ed]

==============================================================================

Section Cross References

    startup_stm32h743xx.o(RESET) refers to startup_stm32h743xx.o(STACK) for __initial_sp
    startup_stm32h743xx.o(RESET) refers to startup_stm32h743xx.o(.text) for Reset_Handler
    startup_stm32h743xx.o(RESET) refers to stm32h7xx_it.o(i.NMI_Handler) for NMI_Handler
    startup_stm32h743xx.o(RESET) refers to stm32h7xx_it.o(i.HardFault_Handler) for HardFault_Handler
    startup_stm32h743xx.o(RESET) refers to stm32h7xx_it.o(i.MemManage_Handler) for MemManage_Handler
    startup_stm32h743xx.o(RESET) refers to stm32h7xx_it.o(i.BusFault_Handler) for BusFault_Handler
    startup_stm32h743xx.o(RESET) refers to stm32h7xx_it.o(i.UsageFault_Handler) for UsageFault_Handler
    startup_stm32h743xx.o(RESET) refers to port.o(.emb_text) for SVC_Handler
    startup_stm32h743xx.o(RESET) refers to stm32h7xx_it.o(i.DebugMon_Handler) for DebugMon_Handler
    startup_stm32h743xx.o(RESET) refers to port.o(i.SysTick_Handler) for SysTick_Handler
    startup_stm32h743xx.o(RESET) refers to stm32h7xx_it.o(i.DMA1_Stream0_IRQHandler) for DMA1_Stream0_IRQHandler
    startup_stm32h743xx.o(RESET) refers to stm32h7xx_it.o(i.DMA1_Stream1_IRQHandler) for DMA1_Stream1_IRQHandler
    startup_stm32h743xx.o(RESET) refers to stm32h7xx_it.o(i.DMA1_Stream3_IRQHandler) for DMA1_Stream3_IRQHandler
    startup_stm32h743xx.o(RESET) refers to stm32h7xx_it.o(i.EXTI9_5_IRQHandler) for EXTI9_5_IRQHandler
    startup_stm32h743xx.o(RESET) refers to stm32h7xx_it.o(i.TIM1_UP_IRQHandler) for TIM1_UP_IRQHandler
    startup_stm32h743xx.o(RESET) refers to stm32h7xx_it.o(i.SPI1_IRQHandler) for SPI1_IRQHandler
    startup_stm32h743xx.o(RESET) refers to stm32h7xx_it.o(i.DCMI_IRQHandler) for DCMI_IRQHandler
    startup_stm32h743xx.o(RESET) refers to stm32h7xx_it.o(i.MDMA_IRQHandler) for MDMA_IRQHandler
    startup_stm32h743xx.o(.text) refers to system_stm32h7xx.o(i.ExitRun0Mode) for ExitRun0Mode
    startup_stm32h743xx.o(.text) refers to system_stm32h7xx.o(i.SystemInit) for SystemInit
    startup_stm32h743xx.o(.text) refers to entry.o(.ARM.Collect$$$$00000000) for __main
    main.o(i.HAL_TIM_PeriodElapsedCallback) refers to stm32h7xx_hal.o(i.HAL_IncTick) for HAL_IncTick
    main.o(i.SystemClock_Config) refers to memseta.o(.text) for __aeabi_memclr4
    main.o(i.SystemClock_Config) refers to stm32h7xx_hal_pwr_ex.o(i.HAL_PWREx_ConfigSupply) for HAL_PWREx_ConfigSupply
    main.o(i.SystemClock_Config) refers to stm32h7xx_hal_rcc.o(i.HAL_RCC_OscConfig) for HAL_RCC_OscConfig
    main.o(i.SystemClock_Config) refers to stm32h7xx_hal_rcc.o(i.HAL_RCC_ClockConfig) for HAL_RCC_ClockConfig
    main.o(i.main) refers to stm32h7xx_hal_cortex.o(i.HAL_MPU_Disable) for HAL_MPU_Disable
    main.o(i.main) refers to stm32h7xx_hal_cortex.o(i.HAL_MPU_ConfigRegion) for HAL_MPU_ConfigRegion
    main.o(i.main) refers to stm32h7xx_hal_cortex.o(i.HAL_MPU_Enable) for HAL_MPU_Enable
    main.o(i.main) refers to stm32h7xx_hal.o(i.HAL_Init) for HAL_Init
    main.o(i.main) refers to main.o(i.SystemClock_Config) for SystemClock_Config
    main.o(i.main) refers to gpio.o(i.MX_GPIO_Init) for MX_GPIO_Init
    main.o(i.main) refers to dma.o(i.MX_DMA_Init) for MX_DMA_Init
    main.o(i.main) refers to mdma.o(i.MX_MDMA_Init) for MX_MDMA_Init
    main.o(i.main) refers to fmc.o(i.MX_FMC_Init) for MX_FMC_Init
    main.o(i.main) refers to usart.o(i.MX_USART1_UART_Init) for MX_USART1_UART_Init
    main.o(i.main) refers to dcmi.o(i.MX_DCMI_Init) for MX_DCMI_Init
    main.o(i.main) refers to dma2d.o(i.MX_DMA2D_Init) for MX_DMA2D_Init
    main.o(i.main) refers to jpeg.o(i.MX_JPEG_Init) for MX_JPEG_Init
    main.o(i.main) refers to spi.o(i.MX_SPI1_Init) for MX_SPI1_Init
    main.o(i.main) refers to tim.o(i.MX_TIM3_Init) for MX_TIM3_Init
    main.o(i.main) refers to tim.o(i.MX_TIM4_Init) for MX_TIM4_Init
    main.o(i.main) refers to adc.o(i.MX_ADC1_Init) for MX_ADC1_Init
    main.o(i.main) refers to usart.o(i.MX_USART2_UART_Init) for MX_USART2_UART_Init
    main.o(i.main) refers to sdram.o(i.SDRAM_Init) for SDRAM_Init
    main.o(i.main) refers to stm32h7xx_hal.o(i.HAL_Delay) for HAL_Delay
    main.o(i.main) refers to freertos.o(i.MX_FREERTOS_Init) for MX_FREERTOS_Init
    main.o(i.main) refers to cmsis_os.o(i.osKernelStart) for osKernelStart
    gpio.o(i.MX_GPIO_Init) refers to memseta.o(.text) for __aeabi_memclr4
    gpio.o(i.MX_GPIO_Init) refers to stm32h7xx_hal_gpio.o(i.HAL_GPIO_WritePin) for HAL_GPIO_WritePin
    gpio.o(i.MX_GPIO_Init) refers to stm32h7xx_hal_gpio.o(i.HAL_GPIO_Init) for HAL_GPIO_Init
    gpio.o(i.MX_GPIO_Init) refers to stm32h7xx_hal_cortex.o(i.HAL_NVIC_SetPriority) for HAL_NVIC_SetPriority
    gpio.o(i.MX_GPIO_Init) refers to stm32h7xx_hal_cortex.o(i.HAL_NVIC_EnableIRQ) for HAL_NVIC_EnableIRQ
    freertos.o(i.ControlTask) refers to joystick.o(i.Process_Joystick) for Process_Joystick
[...]
    xStaticTimerQueue                        0x24000ff8   Data          72  timers.o(.bss)
    ucStaticTimerQueueStorage                0x24001040   Data         120  timers.o(.bss)
    xActiveTimerList1                        0x240010b8   Data          20  timers.o(.bss)
    xActiveTimerList2                        0x240010cc   Data          20  timers.o(.bss)
    .bss                                     0x240010e0   Section    15360  heap_4.o(.bss)
    ucHeap                                   0x240010e0   Data       15360  heap_4.o(.bss)
    STACK                                    0x24004ce0   Section     1024  startup_stm32h743xx.o(STACK)

    Global Symbols

    Symbol Name                              Value     Ov Type        Size  Object(Section)

    BuildAttributes$$THM_ISAv4$E$P$D$K$B$S$7EM$VFPv5_D16$PE$PLD8$A:L22UL41UL21$X:L11$S22US41US21$IEEE1$IW$USESV6$~STKCKD$USESV7$~SHL$OSPACE$ROPI$EBA8$MICROLIB$REQ8$PRES8$EABIv2 0x00000000   Number         0  anon$$obj.o ABSOLUTE
    __ARM_use_no_argv                        0x00000000   Number         0  main.o ABSOLUTE
    _printf_a                                0x00000000   Number         0  stubs.o ABSOLUTE
    _printf_c                                0x00000000   Number         0  stubs.o ABSOLUTE
    _printf_charcount                        0x00000000   Number         0  stubs.o ABSOLUTE
    _printf_d                                0x00000000   Number         0  stubs.o ABSOLUTE
    _printf_e                                0x00000000   Number         0  stubs.o ABSOLUTE
    _printf_f                                0x00000000   Number         0  stubs.o ABSOLUTE
    _printf_flags                            0x00000000   Number         0  stubs.o ABSOLUTE
    _printf_fp_dec                           0x00000000   Number         0  stubs.o ABSOLUTE
    _printf_fp_hex                           0x00000000   Number         0  stubs.o ABSOLUTE
    _printf_g                                0x00000000   Number         0  stubs.o ABSOLUTE
    _printf_i                                0x00000000   Number         0  stubs.o ABSOLUTE
    _printf_int_dec                          0x00000000   Number         0  stubs.o ABSOLUTE
    _printf_l                                0x00000000   Number         0  stubs.o ABSOLUTE
    _printf_lc                               0x00000000   Number         0  stubs.o ABSOLUTE
    _printf_ll                               0x00000000   Number         0  stubs.o ABSOLUTE
    _printf_lld                              0x00000000   Number         0  stubs.o ABSOLUTE
    _printf_lli                              0x00000000   Number         0  stubs.o ABSOLUTE
    _printf_llo                              0x00000000   Number         0  stubs.o ABSOLUTE
    _printf_llu                              0x00000000   Number         0  stubs.o ABSOLUTE
    _printf_llx                              0x00000000   Number         0  stubs.o ABSOLUTE
    _printf_longlong_dec                     0x00000000   Number         0  stubs.o ABSOLUTE
    _printf_longlong_hex                     0x00000000   Number         0  stubs.o ABSOLUTE
    _printf_longlong_oct                     0x00000000   Number         0  stubs.o ABSOLUTE
    _printf_ls                               0x00000000   Number         0  stubs.o ABSOLUTE
    _printf_mbtowc                           0x00000000   Number         0  stubs.o ABSOLUTE
    _printf_n                                0x00000000   Number         0  stubs.o ABSOLUTE
    _printf_o                                0x00000000   Number         0  stubs.o ABSOLUTE
    _printf_p                                0x00000000   Number         0  stubs.o ABSOLUTE
    _printf_percent                          0x00000000   Number         0  stubs.o ABSOLUTE
    _printf_pre_padding                      0x00000000   Number         0  stubs.o ABSOLUTE
    _printf_return_value                     0x00000000   Number         0  stubs.o ABSOLUTE
    _printf_s                                0x00000000   Number         0  stubs.o ABSOLUTE
    _printf_sizespec                         0x00000000   Number         0  stubs.o ABSOLUTE
    _printf_str                              0x00000000   Number         0  stubs.o ABSOLUTE
    _printf_truncate_signed                  0x00000000   Number         0  stubs.o ABSOLUTE
    _printf_truncate_unsigned                0x00000000   Number         0  stubs.o ABSOLUTE
    _printf_u                                0x00000000   Number         0  stubs.o ABSOLUTE
    _printf_wc                               0x00000000   Number         0  stubs.o ABSOLUTE
    _printf_wctomb                           0x00000000   Number         0  stubs.o ABSOLUTE
    _printf_widthprec                        0x00000000   Number         0  stubs.o ABSOLUTE
    _printf_x                                0x00000000   Number         0  stubs.o ABSOLUTE
    __cpp_initialize__aeabi_                  - Undefined Weak Reference
    __cxa_finalize                            - Undefined Weak Reference
    __decompress                              - Undefined Weak Reference
    _clock_init                               - Undefined Weak Reference
    _microlib_exit                            - Undefined Weak Reference
    __Vectors_Size                           0x00000298   Number         0  startup_stm32h743xx.o ABSOLUTE
    __Vectors                                0x08000000   Data           4  startup_stm32h743xx.o(RESET)
    __Vectors_End                            0x08000298   Data           0  startup_stm32h743xx.o(RESET)
    __main                                   0x08000299   Thumb Code     0  entry.o(.ARM.Collect$$$$00000000)
    _main_stk                                0x08000299   Thumb Code     0  entry2.o(.ARM.Collect$$$$00000001)
    _main_scatterload                        0x0800029d   Thumb Code     0  entry5.o(.ARM.Collect$$$$00000004)
    __main_after_scatterload                 0x080002a1   Thumb Code     0  entry5.o(.ARM.Collect$$$$00000004)
    _main_clock                              0x080002a1   Thumb Code     0  entry7b.o(.ARM.Collect$$$$00000008)
    _main_cpp_init                           0x080002a1   Thumb Code     0  entry8b.o(.ARM.Collect$$$$0000000A)
    _main_init                               0x080002a1   Thumb Code     0  entry9a.o(.ARM.Collect$$$$0000000B)
    __rt_final_cpp                           0x080002a9   Thumb Code     0  entry10a.o(.ARM.Collect$$$$0000000D)
    __rt_final_exit                          0x080002a9   Thumb Code     0  entry11a.o(.ARM.Collect$$$$0000000F)
    SVC_Handler                              0x080002ad   Thumb Code    28  port.o(.emb_text)
    __asm___6_port_c_39a90d8d__prvStartFirstTask 0x080002cd   Thumb Code    36  port.o(.emb_text)
    __asm___6_port_c_39a90d8d__prvEnableVFP  0x080002f5   Thumb Code    16  port.o(.emb_text)
    PendSV_Handler                           0x08000309   Thumb Code    88  port.o(.emb_text)
    vPortGetIPSR                             0x08000365   Thumb Code     6  port.o(.emb_text)
    Reset_Handler                            0x0800036d   Thumb Code    12  startup_stm32h743xx.o(.text)
    ADC3_IRQHandler                          0x0800038b   Thumb Code     0  startup_stm32h743xx.o(.text)
    ADC_IRQHandler                           0x0800038b   Thumb Code     0  startup_stm32h743xx.o(.text)
    BDMA_Channel0_IRQHandler                 0x0800038b   Thumb Code     0  startup_stm32h743xx.o(.text)
    BDMA_Channel1_IRQHandler                 0x0800038b   Thumb Code     0  startup_stm32h743xx.o(.text)
    BDMA_Channel2_IRQHandler                 0x0800038b   Thumb Code     0  startup_stm32h743xx.o(.text)
    BDMA_Channel3_IRQHandler                 0x0800038b   Thumb Code     0  startup_stm32h743xx.o(.text)
    BDMA_Channel4_IRQHandler                 0x0800038b   Thumb Code     0  startup_stm32h743xx.o(.text)
    BDMA_Channel5_IRQHandler                 0x0800038b   Thumb Code     0  startup_stm32h743xx.o(.text)
    BDMA_Channel6_IRQHandler                 0x0800038b   Thumb Code     0  startup_stm32h743xx.o(.text)
    BDMA_Channel7_IRQHandler                 0x0800038b   Thumb Code     0  startup_stm32h743xx.o(.text)
    CEC_IRQHandler                           0x0800038b   Thumb Code     0  startup_stm32h743xx.o(.text)
    COMP1_IRQHandler                         0x0800038b   Thumb Code     0  startup_stm32h743xx.o(.text)
    CRS_IRQHandler                           0x0800038b   Thumb Code     0  startup_stm32h743xx.o(.text)
    DFSDM1_FLT0_IRQHandler                   0x0800038b   Thumb Code     0  startup_stm32h743xx.o(.text)
    DFSDM1_FLT1_IRQHandler                   0x0800038b   Thumb Code     0  startup_stm32h743xx.o(.text)
    DFSDM1_FLT2_IRQHandler                   0x0800038b   Thumb Code     0  startup_stm32h743xx.o(.text)
    DFSDM1_FLT3_IRQHandler                   0x0800038b   Thumb Code     0  startup_stm32h743xx.o(.text)
    DMA1_Stream2_IRQHandler                  0x0800038b   Thumb Code     0  startup_stm32h743xx.o(.text)
    DMA1_Stream4_IRQHandler                  0x0800038b   Thumb Code     0  startup_stm32h743xx.o(.text)
    DMA1_Stream5_IRQHandler                  0x0800038b   Thumb Code     0  startup_stm32h743xx.o(.text)
    DMA1_Stream6_IRQHandler                  0x0800038b   Thumb Code     0  startup_stm32h743xx.o(.text)
    DMA1_Stream7_IRQHandler                  0x0800038b   Thumb Code     0  startup_stm32h743xx.o(.text)
    DMA2D_IRQHandler                         0x0800038b   Thumb Code     0  startup_stm32h743xx.o(.text)
    DMA2_Stream0_IRQHandler                  0x0800038b   Thumb Code     0  startup_stm32h743xx.o(.text)
    DMA2_Stream1_IRQHandler                  0x0800038b   Thumb Code     0  startup_stm32h743xx.o(.text)
    DMA2_Stream2_IRQHandler                  0x0800038b   Thumb Code     0  startup_stm32h743xx.o(.text)
    DMA2_Stream3_IRQHandler                  0x0800038b   Thumb Code     0  startup_stm32h743xx.o(.text)
    DMA2_Stream4_IRQHandler                  0x0800038b   Thumb Code     0  startup_stm32h743xx.o(.text)
    DMA2_Stream5_IRQHandler                  0x0800038b   Thumb Code     0  startup_stm32h743xx.o(.text)
    DMA2_Stream6_IRQHandler                  0x0800038b   Thumb Code     0  startup_stm32h743xx.o(.text)
    DMA2_Stream7_IRQHandler                  0x0800038b   Thumb Code     0  startup_stm32h743xx.o(.text)
    DMAMUX1_OVR_IRQHandler                   0x0800038b   Thumb Code     0  startup_stm32h743xx.o(.text)
    DMAMUX2_OVR_IRQHandler                   0x0800038b   Thumb Code     0  startup_stm32h743xx.o(.text)
    ECC_IRQHandler                           0x0800038b   Thumb Code     0  startup_stm32h743xx.o(.text)
    ETH_IRQHandler                           0x0800038b   Thumb Code     0  startup_stm32h743xx.o(.text)
    ETH_WKUP_IRQHandler                      0x0800038b   Thumb Code     0  startup_stm32h743xx.o(.text)
    EXTI0_IRQHandler                         0x0800038b   Thumb Code     0  startup_stm32h743xx.o(.text)
    EXTI15_10_IRQHandler                     0x0800038b   Thumb Code     0  startup_stm32h743xx.o(.text)
    EXTI1_IRQHandler                         0x0800038b   Thumb Code     0  startup_stm32h743xx.o(.text)
    EXTI2_IRQHandler                         0x0800038b   Thumb Code     0  startup_stm32h743xx.o(.text)
    EXTI3_IRQHandler                         0x0800038b   Thumb Code     0  startup_stm32h743xx.o(.text)
    EXTI4_IRQHandler                         0x0800038b   Thumb Code     0  startup_stm32h743xx.o(.text)
    FDCAN1_IT0_IRQHandler                    0x0800038b   Thumb Code     0  startup_stm32h743xx.o(.text)
    FDCAN1_IT1_IRQHandler                    0x0800038b   Thumb Code     0  startup_stm32h743xx.o(.text)
    FDCAN2_IT0_IRQHandler                    0x0800038b   Thumb Code     0  startup_stm32h743xx.o(.text)
    FDCAN2_IT1_IRQHandler                    0x0800038b   Thumb Code     0  startup_stm32h743xx.o(.text)
    FDCAN_CAL_IRQHandler                     0x0800038b   Thumb Code     0  startup_stm32h743xx.o(.text)
    FLASH_IRQHandler                         0x0800038b   Thumb Code     0  startup_stm32h743xx.o(.text)
    FMC_IRQHandler                           0x0800038b   Thumb Code     0  startup_stm32h743xx.o(.text)
    FPU_IRQHandler                           0x0800038b   Thumb Code     0  startup_stm32h743xx.o(.text)
    HRTIM1_FLT_IRQHandler                    0x0800038b   Thumb Code     0  startup_stm32h743xx.o(.text)
    HRTIM1_Master_IRQHandler                 0x0800038b   Thumb Code     0  startup_stm32h743xx.o(.text)
    HRTIM1_TIMA_IRQHandler                   0x0800038b   Thumb Code     0  startup_stm32h743xx.o(.text)
    HRTIM1_TIMB_IRQHandler                   0x0800038b   Thumb Code     0  startup_stm32h743xx.o(.text)
    HRTIM1_TIMC_IRQHandler                   0x0800038b   Thumb Code     0  startup_stm32h743xx.o(.text)
    HRTIM1_TIMD_IRQHandler                   0x0800038b   Thumb Code     0  startup_stm32h743xx.o(.text)
    HRTIM1_TIME_IRQHandler                   0x0800038b   Thumb Code     0  startup_stm32h743xx.o(.text)
    HSEM1_IRQHandler                         0x0800038b   Thumb Code     0  startup_stm32h743xx.o(.text)
    I2C1_ER_IRQHandler                       0x0800038b   Thumb Code     0  startup_stm32h743xx.o(.text)
    I2C1_EV_IRQHandler                       0x0800038b   Thumb Code     0  startup_stm32h743xx.o(.text)
    I2C2_ER_IRQHandler                       0x0800038b   Thumb Code     0  startup_stm32h743xx.o(.text)
    I2C2_EV_IRQHandler                       0x0800038b   Thumb Code     0  startup_stm32h743xx.o(.text)
    I2C3_ER_IRQHandler                       0x0800038b   Thumb Code     0  startup_stm32h743xx.o(.text)
    I2C3_EV_IRQHandler                       0x0800038b   Thumb Code     0  startup_stm32h743xx.o(.text)
    I2C4_ER_IRQHandler                       0x0800038b   Thumb Code     0  startup_stm32h743xx.o(.text)
    I2C4_EV_IRQHandler                       0x0800038b   Thumb Code     0  startup_stm32h743xx.o(.text)
    JPEG_IRQHandler                          0x0800038b   Thumb Code     0  startup_stm32h743xx.o(.text)
    LPTIM1_IRQHandler                        0x0800038b   Thumb Code     0  startup_stm32h743xx.o(.text)
    LPTIM2_IRQHandler                        0x0800038b   Thumb Code     0  startup_stm32h743xx.o(.text)
    LPTIM3_IRQHandler                        0x0800038b   Thumb Code     0  startup_stm32h743xx.o(.text)
    LPTIM4_IRQHandler                        0x0800038b   Thumb Code     0  startup_stm32h743xx.o(.text)
    LPTIM5_IRQHandler                        0x0800038b   Thumb Code     0  startup_stm32h743xx.o(.text)
    LPUART1_IRQHandler                       0x0800038b   Thumb Code     0  startup_stm32h743xx.o(.text)
    LTDC_ER_IRQHandler                       0x0800038b   Thumb Code     0  startup_stm32h743xx.o(.text)
    LTDC_IRQHandler                          0x0800038b   Thumb Code     0  startup_stm32h743xx.o(.text)
    MDIOS_IRQHandler                         0x0800038b   Thumb Code     0  startup_stm32h743xx.o(.text)
    MDIOS_WKUP_IRQHandler                    0x0800038b   Thumb Code     0  startup_stm32h743xx.o(.text)
    OTG_FS_EP1_IN_IRQHandler                 0x0800038b   Thumb Code     0  startup_stm32h743xx.o(.text)
    OTG_FS_EP1_OUT_IRQHandler                0x0800038b   Thumb Code     0  startup_stm32h743xx.o(.text)
    OTG_FS_IRQHandler                        0x0800038b   Thumb Code     0  startup_stm32h743xx.o(.text)
    OTG_FS_WKUP_IRQHandler                   0x0800038b   Thumb Code     0  startup_stm32h743xx.o(.text)
    OTG_HS_EP1_IN_IRQHandler                 0x0800038b   Thumb Code     0  startup_stm32h743xx.o(.text)
    OTG_HS_EP1_OUT_IRQHandler                0x0800038b   Thumb Code     0  startup_stm32h743xx.o(.text)
    OTG_HS_IRQHandler                        0x0800038b   Thumb Code     0  startup_stm32h743xx.o(.text)
    OTG_HS_WKUP_IRQHandler                   0x0800038b   Thumb Code     0  startup_stm32h743xx.o(.text)
    PVD_AVD_IRQHandler                       0x0800038b   Thumb Code     0  startup_stm32h743xx.o(.text)
    QUADSPI_IRQHandler                       0x0800038b   Thumb Code     0  startup_stm32h743xx.o(.text)
    RCC_IRQHandler                           0x0800038b   Thumb Code     0  startup_stm32h743xx.o(.text)
    RNG_IRQHandler                           0x0800038b   Thumb Code     0  startup_stm32h743xx.o(.text)
    RTC_Alarm_IRQHandler                     0x0800038b   Thumb Code     0  startup_stm32h743xx.o(.text)
    RTC_WKUP_IRQHandler                      0x0800038b   Thumb Code     0  startup_stm32h743xx.o(.text)
    SAI1_IRQHandler                          0x0800038b   Thumb Code     0  startup_stm32h743xx.o(.text)
    SAI2_IRQHandler                          0x0800038b   Thumb Code     0  startup_stm32h743xx.o(.text)
    SAI3_IRQHandler                          0x0800038b   Thumb Code     0  startup_stm32h743xx.o(.text)
    SAI4_IRQHandler                          0x0800038b   Thumb Code     0  startup_stm32h743xx.o(.text)
    SDMMC1_IRQHandler                        0x0800038b   Thumb Code     0  startup_stm32h743xx.o(.text)
    SDMMC2_IRQHandler                        0x0800038b   Thumb Code     0  startup_stm32h743xx.o(.text)
    SPDIF_RX_IRQHandler                      0x0800038b   Thumb Code     0  startup_stm32h743xx.o(.text)
    SPI2_IRQHandler                          0x0800038b   Thumb Code     0  startup_stm32h743xx.o(.text)
    SPI3_IRQHandler                          0x0800038b   Thumb Code     0  startup_stm32h743xx.o(.text)
    SPI4_IRQHandler                          0x0800038b   Thumb Code     0  startup_stm32h743xx.o(.text)
    SPI5_IRQHandler                          0x0800038b   Thumb Code     0  startup_stm32h743xx.o(.text)
    SPI6_IRQHandler                          0x0800038b   Thumb Code     0  startup_stm32h743xx.o(.text)
    SWPMI1_IRQHandler                        0x0800038b   Thumb Code     0  startup_stm32h743xx.o(.text)
    TAMP_STAMP_IRQHandler                    0x0800038b   Thumb Code     0  startup_stm32h743xx.o(.text)
    TIM15_IRQHandler                         0x0800038b   Thumb Code     0  startup_stm32h743xx.o(.text)
    TIM16_IRQHandler                         0x0800038b   Thumb Code     0  startup_stm32h743xx.o(.text)
    TIM17_IRQHandler                         0x0800038b   Thumb Code     0  startup_stm32h743xx.o(.text)
    TIM1_BRK_IRQHandler                      0x0800038b   Thumb Code     0  startup_stm32h743xx.o(.text)
    TIM1_CC_IRQHandler                       0x0800038b   Thumb Code     0  startup_stm32h743xx.o(.text)
    TIM1_TRG_COM_IRQHandler                  0x0800038b   Thumb Code     0  startup_stm32h743xx.o(.text)
    TIM2_IRQHandler                          0x0800038b   Thumb Code     0  startup_stm32h743xx.o(.text)
    TIM3_IRQHandler                          0x0800038b   Thumb Code     0  startup_stm32h743xx.o(.text)
    TIM4_IRQHandler                          0x0800038b   Thumb Code     0  startup_stm32h743xx.o(.text)
    TIM5_IRQHandler                          0x0800038b   Thumb Code     0  startup_stm32h743xx.o(.text)
    TIM6_DAC_IRQHandler                      0x0800038b   Thumb Code     0  startup_stm32h743xx.o(.text)
    TIM7_IRQHandler                          0x0800038b   Thumb Code     0  startup_stm32h743xx.o(.text)
    TIM8_BRK_TIM12_IRQHandler                0x0800038b   Thumb Code     0  startup_stm32h743xx.o(.text)
    TIM8_CC_IRQHandler                       0x0800038b   Thumb Code     0  startup_stm32h743xx.o(.text)
    TIM8_TRG_COM_TIM14_IRQHandler            0x0800038b   Thumb Code     0  startup_stm32h743xx.o(.text)
    TIM8_UP_TIM13_IRQHandler                 0x0800038b   Thumb Code     0  startup_stm32h743xx.o(.text)
    UART4_IRQHandler                         0x0800038b   Thumb Code     0  startup_stm32h743xx.o(.text)
    UART5_IRQHandler                         0x0800038b   Thumb Code     0  startup_stm32h743xx.o(.text)
    UART7_IRQHandler                         0x0800038b   Thumb Code     0  startup_stm32h743xx.o(.text)
    UART8_IRQHandler                         0x0800038b   Thumb Code     0  startup_stm32h743xx.o(.text)
    USART1_IRQHandler                        0x0800038b   Thumb Code     0  startup_stm32h743xx.o(.text)
    USART2_IRQHandler                        0x0800038b   Thumb Code     0  startup_stm32h743xx.o(.text)
    USART3_IRQHandler                        0x0800038b   Thumb Code     0  startup_stm32h743xx.o(.text)
    USART6_IRQHandler                        0x0800038b   Thumb Code     0  startup_stm32h743xx.o(.text)
    WAKEUP_PIN_IRQHandler                    0x0800038b   Thumb Code     0  startup_stm32h743xx.o(.text)
    WWDG_IRQHandler                          0x0800038b   Thumb Code     0  startup_stm32h743xx.o(.text)
    __aeabi_uldivmod                         0x08000399   Thumb Code    98  uldiv.o(.text)
    __aeabi_memcpy                           0x080003fb   Thumb Code    36  memcpya.o(.text)
    __aeabi_memcpy4                          0x080003fb   Thumb Code     0  memcpya.o(.text)
    __aeabi_memcpy8                          0x080003fb   Thumb Code     0  memcpya.o(.text)
    __aeabi_memset                           0x0800041f   Thumb Code    14  memseta.o(.text)
    __aeabi_memset4                          0x0800041f   Thumb Code     0  memseta.o(.text)
    __aeabi_memset8                          0x0800041f   Thumb Code     0  memseta.o(.text)
    __aeabi_memclr                           0x0800042d   Thumb Code     4  memseta.o(.text)
    __aeabi_memclr4                          0x0800042d   Thumb Code     0  memseta.o(.text)
    __aeabi_memclr8                          0x0800042d   Thumb Code     0  memseta.o(.text)
    memset                                   0x08000431   Thumb Code    18  memseta.o(.text)
    __aeabi_uidiv                            0x08000443   Thumb Code     0  uidiv.o(.text)
    __aeabi_uidivmod                         0x08000443   Thumb Code    44  uidiv.o(.text)
    __aeabi_llsl                             0x0800046f   Thumb Code    30  llshl.o(.text)
    _ll_shift_l                              0x0800046f   Thumb Code     0  llshl.o(.text)
    __aeabi_llsr                             0x0800048d   Thumb Code    32  llushr.o(.text)
    _ll_ushift_r                             0x0800048d   Thumb Code     0  llushr.o(.text)
    __I$use$fp                               0x080004ad   Thumb Code     0  iusefp.o(.text)
    __aeabi_dadd                             0x080004ad   Thumb Code   322  dadd.o(.text)
    __aeabi_dsub                             0x080005ef   Thumb Code     6  dadd.o(.text)
    __aeabi_drsub                            0x080005f5   Thumb Code     6  dadd.o(.text)
    __aeabi_dmul                             0x080005fb   Thumb Code   228  dmul.o(.text)
    __aeabi_ddiv                             0x080006df   Thumb Code   222  ddiv.o(.text)
    __aeabi_d2ulz                            0x080007bd   Thumb Code    48  dfixul.o(.text)
    __aeabi_cdrcmple                         0x080007ed   Thumb Code    48  cdrcmple.o(.text)
    __scatterload                            0x0800081d   Thumb Code    28  init.o(.text)
    __scatterload_rt2                        0x0800081d   Thumb Code     0  init.o(.text)
    __aeabi_lasr                             0x08000841   Thumb Code    36  llsshr.o(.text)
    _ll_sshift_r                             0x08000841   Thumb Code     0  llsshr.o(.text)
    _double_round                            0x08000865   Thumb Code    30  depilogue.o(.text)
    _double_epilogue                         0x08000883   Thumb Code   156  depilogue.o(.text)
    ADC_ConfigureBoostMode                   0x08000921   Thumb Code   236  stm32h7xx_hal_adc.o(i.ADC_ConfigureBoostMode)
    ADC_Disable                              0x08000a29   Thumb Code   106  stm32h7xx_hal_adc.o(i.ADC_Disable)
    BusFault_Handler                         0x08000a99   Thumb Code     2  stm32h7xx_it.o(i.BusFault_Handler)
    DCMI_IRQHandler                          0x08000abd   Thumb Code     6  stm32h7xx_it.o(i.DCMI_IRQHandler)
    DMA1_Stream0_IRQHandler                  0x08000ac9   Thumb Code     6  stm32h7xx_it.o(i.DMA1_Stream0_IRQHandler)
    DMA1_Stream1_IRQHandler                  0x08000ad5   Thumb Code     6  stm32h7xx_it.o(i.DMA1_Stream1_IRQHandler)
    DMA1_Stream3_IRQHandler                  0x08000ae1   Thumb Code    46  stm32h7xx_it.o(i.DMA1_Stream3_IRQHandler)
    DebugMon_Handler                         0x08000d35   Thumb Code     2  stm32h7xx_it.o(i.DebugMon_Handler)
    EXTI9_5_IRQHandler                       0x08000d39   Thumb Code    62  stm32h7xx_it.o(i.EXTI9_5_IRQHandler)
    Error_Handler                            0x08000d81   Thumb Code     4  main.o(i.Error_Handler)
    ExitRun0Mode                             0x08000d85   Thumb Code    22  system_stm32h7xx.o(i.ExitRun0Mode)
    FMC_SDRAM_Init                           0x08000da1   Thumb Code   106  stm32h7xx_ll_fmc.o(i.FMC_SDRAM_Init)
    FMC_SDRAM_ProgramRefreshRate             0x08000e0b   Thumb Code    18  stm32h7xx_ll_fmc.o(i.FMC_SDRAM_ProgramRefreshRate)
    FMC_SDRAM_SendCommand                    0x08000e1d   Thumb Code    38  stm32h7xx_ll_fmc.o(i.FMC_SDRAM_SendCommand)
    FMC_SDRAM_Timing_Init                    0x08000e45   Thumb Code   164  stm32h7xx_ll_fmc.o(i.FMC_SDRAM_Timing_Init)
    Gimbal_Init                              0x08000ef5   Thumb Code   154  gimbal.o(i.Gimbal_Init)
    HAL_ADCEx_Calibration_Start              0x08000fa9   Thumb Code   146  stm32h7xx_hal_adc_ex.o(i.HAL_ADCEx_Calibration_Start)
    HAL_ADCEx_MultiModeConfigChannel         0x08001045   Thumb Code   274  stm32h7xx_hal_adc_ex.o(i.HAL_ADCEx_MultiModeConfigChannel)
    HAL_ADC_ConfigChannel                    0x0800116d   Thumb Code   946  stm32h7xx_hal_adc.o(i.HAL_ADC_ConfigChannel)
    HAL_ADC_Init                             0x0800158d   Thumb Code   498  stm32h7xx_hal_adc.o(i.HAL_ADC_Init)
    HAL_ADC_MspInit                          0x080017b5   Thumb Code   234  adc.o(i.HAL_ADC_MspInit)
    HAL_DCMI_ErrorCallback                   0x080018b9   Thumb Code    36  stm32h7xx_it.o(i.HAL_DCMI_ErrorCallback)
    HAL_DCMI_FrameEventCallback              0x08001919   Thumb Code    44  stm32h7xx_it.o(i.HAL_DCMI_FrameEventCallback)
    HAL_DCMI_GetError                        0x08001949   Thumb Code     4  stm32h7xx_hal_dcmi.o(i.HAL_DCMI_GetError)
    HAL_DCMI_IRQHandler                      0x0800194d   Thumb Code   152  stm32h7xx_hal_dcmi.o(i.HAL_DCMI_IRQHandler)
    HAL_DCMI_Init                            0x080019e9   Thumb Code   152  stm32h7xx_hal_dcmi.o(i.HAL_DCMI_Init)
    HAL_DCMI_LineEventCallback               0x08001a85   Thumb Code     2  stm32h7xx_hal_dcmi.o(i.HAL_DCMI_LineEventCallback)
    HAL_DCMI_MspInit                         0x08001a89   Thumb Code   310  dcmi.o(i.HAL_DCMI_MspInit)
    HAL_DCMI_VsyncEventCallback              0x08001be5   Thumb Code     2  stm32h7xx_hal_dcmi.o(i.HAL_DCMI_VsyncEventCallback)
    HAL_DMA2D_ConfigLayer                    0x08001be9   Thumb Code   190  stm32h7xx_hal_dma2d.o(i.HAL_DMA2D_ConfigLayer)
    HAL_DMA2D_Init                           0x08001cb1   Thumb Code   130  stm32h7xx_hal_dma2d.o(i.HAL_DMA2D_Init)
    HAL_DMA2D_MspInit                        0x08001d39   Thumb Code    30  dma2d.o(i.HAL_DMA2D_MspInit)
    HAL_DMA_Abort_IT                         0x08001d61   Thumb Code   602  stm32h7xx_hal_dma.o(i.HAL_DMA_Abort_IT)
    HAL_DMA_IRQHandler                       0x08001fe5   Thumb Code  1756  stm32h7xx_hal_dma.o(i.HAL_DMA_IRQHandler)
    HAL_DMA_Init                             0x080026cd   Thumb Code   926  stm32h7xx_hal_dma.o(i.HAL_DMA_Init)
    HAL_Delay                                0x08002a91   Thumb Code    32  stm32h7xx_hal.o(i.HAL_Delay)
    HAL_GPIO_EXTI_Callback                   0x08002b85   Thumb Code     2  stm32h7xx_hal_gpio.o(i.HAL_GPIO_EXTI_Callback)
    HAL_GPIO_EXTI_IRQHandler                 0x08002b87   Thumb Code    24  stm32h7xx_hal_gpio.o(i.HAL_GPIO_EXTI_IRQHandler)
    HAL_GPIO_Init                            0x08002ba1   Thumb Code   506  stm32h7xx_hal_gpio.o(i.HAL_GPIO_Init)
    HAL_GPIO_ReadPin                         0x08002dcd   Thumb Code    10  stm32h7xx_hal_gpio.o(i.HAL_GPIO_ReadPin)
    HAL_GPIO_WritePin                        0x08002dd7   Thumb Code    10  stm32h7xx_hal_gpio.o(i.HAL_GPIO_WritePin)
    HAL_GetREVID                             0x08002de1   Thumb Code     8  stm32h7xx_hal.o(i.HAL_GetREVID)
    HAL_GetTick                              0x08002ded   Thumb Code     6  stm32h7xx_hal.o(i.HAL_GetTick)
    HAL_IncTick                              0x08002df9   Thumb Code    12  stm32h7xx_hal.o(i.HAL_IncTick)
    HAL_Init                                 0x08002e09   Thumb Code    74  stm32h7xx_hal.o(i.HAL_Init)
    HAL_InitTick                             0x08002e65   Thumb Code   110  stm32h7xx_hal_timebase_tim.o(i.HAL_InitTick)
    HAL_JPEG_Init                            0x08002ee9   Thumb Code   150  stm32h7xx_hal_jpeg.o(i.HAL_JPEG_Init)
    HAL_JPEG_MspInit                         0x08002f85   Thumb Code   212  jpeg.o(i.HAL_JPEG_MspInit)
    HAL_MDMA_ConfigPostRequestMask           0x08003069   Thumb Code    88  stm32h7xx_hal_mdma.o(i.HAL_MDMA_ConfigPostRequestMask)
    HAL_MDMA_IRQHandler                      0x080030c1   Thumb Code   370  stm32h7xx_hal_mdma.o(i.HAL_MDMA_IRQHandler)
    HAL_MDMA_Init                            0x08003239   Thumb Code    94  stm32h7xx_hal_mdma.o(i.HAL_MDMA_Init)
    HAL_MPU_ConfigRegion                     0x08003299   Thumb Code    86  stm32h7xx_hal_cortex.o(i.HAL_MPU_ConfigRegion)
    HAL_MPU_Disable                          0x080032f5   Thumb Code    24  stm32h7xx_hal_cortex.o(i.HAL_MPU_Disable)
    HAL_MPU_Enable                           0x08003311   Thumb Code    30  stm32h7xx_hal_cortex.o(i.HAL_MPU_Enable)
    HAL_MspInit                              0x08003335   Thumb Code    32  stm32h7xx_hal_msp.o(i.HAL_MspInit)
    HAL_NVIC_EnableIRQ                       0x08003359   Thumb Code    26  stm32h7xx_hal_cortex.o(i.HAL_NVIC_EnableIRQ)
    HAL_NVIC_SetPriority                     0x08003375   Thumb Code    60  stm32h7xx_hal_cortex.o(i.HAL_NVIC_SetPriority)
    HAL_NVIC_SetPriorityGrouping             0x080033b5   Thumb Code    28  stm32h7xx_hal_cortex.o(i.HAL_NVIC_SetPriorityGrouping)
    HAL_PWREx_ConfigSupply                   0x080033d9   Thumb Code    78  stm32h7xx_hal_pwr_ex.o(i.HAL_PWREx_ConfigSupply)
    HAL_RCCEx_GetD3PCLK1Freq                 0x0800342d   Thumb Code    26  stm32h7xx_hal_rcc_ex.o(i.HAL_RCCEx_GetD3PCLK1Freq)
    HAL_RCCEx_GetPLL1ClockFreq               0x08003451   Thumb Code   298  stm32h7xx_hal_rcc_ex.o(i.HAL_RCCEx_GetPLL1ClockFreq)
    HAL_RCCEx_GetPLL2ClockFreq               0x08003599   Thumb Code   296  stm32h7xx_hal_rcc_ex.o(i.HAL_RCCEx_GetPLL2ClockFreq)
    HAL_RCCEx_GetPLL3ClockFreq               0x080036dd   Thumb Code   296  stm32h7xx_hal_rcc_ex.o(i.HAL_RCCEx_GetPLL3ClockFreq)
    HAL_RCCEx_GetPeriphCLKFreq               0x08003821   Thumb Code   692  stm32h7xx_hal_rcc_ex.o(i.HAL_RCCEx_GetPeriphCLKFreq)
    HAL_RCCEx_PeriphCLKConfig                0x08003ae9   Thumb Code  2472  stm32h7xx_hal_rcc_ex.o(i.HAL_RCCEx_PeriphCLKConfig)
    HAL_RCC_ClockConfig                      0x08004495   Thumb Code   580  stm32h7xx_hal_rcc.o(i.HAL_RCC_ClockConfig)
    HAL_RCC_GetClockConfig                   0x080046f1   Thumb Code    84  stm32h7xx_hal_rcc.o(i.HAL_RCC_GetClockConfig)
    HAL_RCC_GetHCLKFreq                      0x0800474d   Thumb Code    52  stm32h7xx_hal_rcc.o(i.HAL_RCC_GetHCLKFreq)
    HAL_RCC_GetPCLK1Freq                     0x08004791   Thumb Code    26  stm32h7xx_hal_rcc.o(i.HAL_RCC_GetPCLK1Freq)
    HAL_RCC_GetPCLK2Freq                     0x080047b5   Thumb Code    26  stm32h7xx_hal_rcc.o(i.HAL_RCC_GetPCLK2Freq)
    HAL_RCC_GetSysClockFreq                  0x080047d9   Thumb Code   278  stm32h7xx_hal_rcc.o(i.HAL_RCC_GetSysClockFreq)
    HAL_RCC_OscConfig                        0x08004911   Thumb Code  1410  stm32h7xx_hal_rcc.o(i.HAL_RCC_OscConfig)
    HAL_SDRAM_Init                           0x08004e95   Thumb Code    76  stm32h7xx_hal_sdram.o(i.HAL_SDRAM_Init)
    HAL_SDRAM_MspInit                        0x08004ee5   Thumb Code     4  fmc.o(i.HAL_SDRAM_MspInit)
    HAL_SDRAM_ProgramRefreshRate             0x08004ee9   Thumb Code    46  stm32h7xx_hal_sdram.o(i.HAL_SDRAM_ProgramRefreshRate)
    HAL_SDRAM_SendCommand                    0x08004f19   Thumb Code    60  stm32h7xx_hal_sdram.o(i.HAL_SDRAM_SendCommand)
    HAL_SPI_ErrorCallback                    0x08004f55   Thumb Code     2  stm32h7xx_hal_spi.o(i.HAL_SPI_ErrorCallback)
    HAL_SPI_IRQHandler                       0x08004f59   Thumb Code   544  stm32h7xx_hal_spi.o(i.HAL_SPI_IRQHandler)
    HAL_SPI_Init                             0x0800517d   Thumb Code   366  stm32h7xx_hal_spi.o(i.HAL_SPI_Init)
    HAL_SPI_MspInit                          0x080052f9   Thumb Code   250  spi.o(i.HAL_SPI_MspInit)
    HAL_SPI_RxCpltCallback                   0x08005411   Thumb Code     2  stm32h7xx_hal_spi.o(i.HAL_SPI_RxCpltCallback)
    HAL_SPI_SuspendCallback                  0x08005413   Thumb Code     2  stm32h7xx_hal_spi.o(i.HAL_SPI_SuspendCallback)
    HAL_SPI_TxCpltCallback                   0x08005415   Thumb Code     2  stm32h7xx_hal_spi.o(i.HAL_SPI_TxCpltCallback)
    HAL_SPI_TxRxCpltCallback                 0x08005417   Thumb Code     2  stm32h7xx_hal_spi.o(i.HAL_SPI_TxRxCpltCallback)
    HAL_TIMEx_Break2Callback                 0x08005419   Thumb Code     2  stm32h7xx_hal_tim_ex.o(i.HAL_TIMEx_Break2Callback)
    HAL_TIMEx_BreakCallback                  0x0800541b   Thumb Code     2  stm32h7xx_hal_tim_ex.o(i.HAL_TIMEx_BreakCallback)
    HAL_TIMEx_CommutCallback                 0x0800541d   Thumb Code     2  stm32h7xx_hal_tim_ex.o(i.HAL_TIMEx_CommutCallback)
    HAL_TIMEx_MasterConfigSynchronization    0x08005421   Thumb Code   134  stm32h7xx_hal_tim_ex.o(i.HAL_TIMEx_MasterConfigSynchronization)
    HAL_TIM_Base_Init                        0x080054c5   Thumb Code    98  stm32h7xx_hal_tim.o(i.HAL_TIM_Base_Init)
    HAL_TIM_Base_MspInit                     0x08005527   Thumb Code     2  stm32h7xx_hal_tim.o(i.HAL_TIM_Base_MspInit)
    HAL_TIM_Base_Start_IT                    0x08005529   Thumb Code   106  stm32h7xx_hal_tim.o(i.HAL_TIM_Base_Start_IT)
    HAL_TIM_IC_CaptureCallback               0x080055b5   Thumb Code     2  stm32h7xx_hal_tim.o(i.HAL_TIM_IC_CaptureCallback)
    HAL_TIM_IRQHandler                       0x080055b7   Thumb Code   328  stm32h7xx_hal_tim.o(i.HAL_TIM_IRQHandler)
    HAL_TIM_MspPostInit                      0x08005701   Thumb Code   112  tim.o(i.HAL_TIM_MspPostInit)
    HAL_TIM_OC_DelayElapsedCallback          0x08005785   Thumb Code     2  stm32h7xx_hal_tim.o(i.HAL_TIM_OC_DelayElapsedCallback)
    HAL_TIM_PWM_ConfigChannel                0x08005787   Thumb Code   292  stm32h7xx_hal_tim.o(i.HAL_TIM_PWM_ConfigChannel)
    HAL_TIM_PWM_Init                         0x080058ab   Thumb Code    98  stm32h7xx_hal_tim.o(i.HAL_TIM_PWM_Init)
    HAL_TIM_PWM_MspInit                      0x0800590d   Thumb Code    52  tim.o(i.HAL_TIM_PWM_MspInit)
    HAL_TIM_PWM_PulseFinishedCallback        0x0800594d   Thumb Code     2  stm32h7xx_hal_tim.o(i.HAL_TIM_PWM_PulseFinishedCallback)
    HAL_TIM_PWM_Start                        0x08005951   Thumb Code   232  stm32h7xx_hal_tim.o(i.HAL_TIM_PWM_Start)
    HAL_TIM_PeriodElapsedCallback            0x08005a61   Thumb Code    14  main.o(i.HAL_TIM_PeriodElapsedCallback)
    HAL_TIM_TriggerCallback                  0x08005a75   Thumb Code     2  stm32h7xx_hal_tim.o(i.HAL_TIM_TriggerCallback)
    HAL_UARTEx_DisableFifoMode               0x08005a77   Thumb Code    64  stm32h7xx_hal_uart_ex.o(i.HAL_UARTEx_DisableFifoMode)
    HAL_UARTEx_SetRxFifoThreshold            0x08005ab7   Thumb Code    76  stm32h7xx_hal_uart_ex.o(i.HAL_UARTEx_SetRxFifoThreshold)
    HAL_UARTEx_SetTxFifoThreshold            0x08005b03   Thumb Code    76  stm32h7xx_hal_uart_ex.o(i.HAL_UARTEx_SetTxFifoThreshold)
    HAL_UART_Init                            0x08005b4f   Thumb Code   106  stm32h7xx_hal_uart.o(i.HAL_UART_Init)
    HAL_UART_MspInit                         0x08005bb9   Thumb Code   260  usart.o(i.HAL_UART_MspInit)
    HAL_UART_Transmit                        0x08005cd5   Thumb Code   176  stm32h7xx_hal_uart.o(i.HAL_UART_Transmit)
    HardFault_Handler                        0x08005d85   Thumb Code     2  stm32h7xx_it.o(i.HardFault_Handler)
    Joystick_Init                            0x080061e5   Thumb Code    10  joystick.o(i.Joystick_Init)
    MDMA_IRQHandler                          0x08006209   Thumb Code    18  stm32h7xx_it.o(i.MDMA_IRQHandler)
    MX_ADC1_Init                             0x080062d5   Thumb Code   162  adc.o(i.MX_ADC1_Init)
    MX_DCMI_Init                             0x08006389   Thumb Code    52  dcmi.o(i.MX_DCMI_Init)
    MX_DMA2D_Init                            0x080063c5   Thumb Code    64  dma2d.o(i.MX_DMA2D_Init)
    MX_DMA_Init                              0x0800640d   Thumb Code    72  dma.o(i.MX_DMA_Init)
    MX_FMC_Init                              0x08006459   Thumb Code   102  fmc.o(i.MX_FMC_Init)
    MX_FREERTOS_Init                         0x080064c9   Thumb Code   164  freertos.o(i.MX_FREERTOS_Init)
    MX_GPIO_Init                             0x080065a5   Thumb Code   254  gpio.o(i.MX_GPIO_Init)
    MX_JPEG_Init                             0x080066b5   Thumb Code    28  jpeg.o(i.MX_JPEG_Init)
    MX_MDMA_Init                             0x080066d9   Thumb Code    40  mdma.o(i.MX_MDMA_Init)
    MX_SPI1_Init                             0x08006705   Thumb Code    80  spi.o(i.MX_SPI1_Init)
    MX_TIM3_Init                             0x0800675d   Thumb Code   106  tim.o(i.MX_TIM3_Init)
    MX_TIM4_Init                             0x080067d1   Thumb Code   126  tim.o(i.MX_TIM4_Init)
    MX_USART1_UART_Init                      0x08006859   Thumb Code    94  usart.o(i.MX_USART1_UART_Init)
    MX_USART2_UART_Init                      0x080068c1   Thumb Code    94  usart.o(i.MX_USART2_UART_Init)
    MemManage_Handler                        0x08006929   Thumb Code     8  stm32h7xx_it.o(i.MemManage_Handler)
    NMI_Handler                              0x08006945   Thumb Code     2  stm32h7xx_it.o(i.NMI_Handler)
    PID_Init                                 0x08006949   Thumb Code    30  pid.o(i.PID_Init)
    SDRAM_Init                               0x08006bad   Thumb Code    94  sdram.o(i.SDRAM_Init)
    SPI1_IRQHandler                          0x08006c49   Thumb Code     6  stm32h7xx_it.o(i.SPI1_IRQHandler)
    Servo_Set_Angle                          0x08006d2d   Thumb Code    70  gimbal.o(i.Servo_Set_Angle)
    StartDefaultTask                         0x08006d8d   Thumb Code     8  freertos.o(i.StartDefaultTask)
    SysTick_Handler                          0x08006d95   Thumb Code    38  port.o(i.SysTick_Handler)
    SystemClock_Config                       0x08006dc1   Thumb Code   160  main.o(i.SystemClock_Config)
    SystemInit                               0x08006e69   Thumb Code   206  system_stm32h7xx.o(i.SystemInit)
    TIM1_UP_IRQHandler                       0x08006f61   Thumb Code     6  stm32h7xx_it.o(i.TIM1_UP_IRQHandler)
    TIM_Base_SetConfig                       0x08006f6d   Thumb Code   170  stm32h7xx_hal_tim.o(i.TIM_Base_SetConfig)
    TIM_CCxChannelCmd                        0x08007039   Thumb Code    26  stm32h7xx_hal_tim.o(i.TIM_CCxChannelCmd)
    TIM_OC2_SetConfig                        0x080070f9   Thumb Code   126  stm32h7xx_hal_tim.o(i.TIM_OC2_SetConfig)
    UART_AdvFeatureConfig                    0x080073cd   Thumb Code   200  stm32h7xx_hal_uart.o(i.UART_AdvFeatureConfig)
    UART_CheckIdleState                      0x08007495   Thumb Code   170  stm32h7xx_hal_uart.o(i.UART_CheckIdleState)
    UART_SetConfig                           0x08007595   Thumb Code   876  stm32h7xx_hal_uart.o(i.UART_SetConfig)
    UART_WaitOnFlagUntilTimeout              0x08007941   Thumb Code   148  stm32h7xx_hal_uart.o(i.UART_WaitOnFlagUntilTimeout)
    UsageFault_Handler                       0x080079d5   Thumb Code     2  stm32h7xx_it.o(i.UsageFault_Handler)
    __0printf                                0x080079d9   Thumb Code    22  printfa.o(i.__0printf)
    __1printf                                0x080079d9   Thumb Code     0  printfa.o(i.__0printf)
    __2printf                                0x080079d9   Thumb Code     0  printfa.o(i.__0printf)
    __c89printf                              0x080079d9   Thumb Code     0  printfa.o(i.__0printf)
    printf                                   0x080079d9   Thumb Code     0  printfa.o(i.__0printf)
    __scatterload_copy                       0x08007a1b   Thumb Code    14  handlers.o(i.__scatterload_copy)
    __scatterload_null                       0x08007a29   Thumb Code     2  handlers.o(i.__scatterload_null)
    __scatterload_zeroinit                   0x08007a2b   Thumb Code    14  handlers.o(i.__scatterload_zeroinit)
    fputc                                    0x080082ed   Thumb Code    20  usart.o(i.fputc)
    main                                     0x08008305   Thumb Code   158  main.o(i.main)
    osDelay                                  0x080083b1   Thumb Code    14  cmsis_os.o(i.osDelay)
    osKernelStart                            0x080083bf   Thumb Code    10  cmsis_os.o(i.osKernelStart)
    osThreadCreate                           0x080083c9   Thumb Code    84  cmsis_os.o(i.osThreadCreate)
    pvPortMalloc                             0x08008be5   Thumb Code   216  heap_4.o(i.pvPortMalloc)
    pxPortInitialiseStack                    0x08008cc1   Thumb Code    42  port.o(i.pxPortInitialiseStack)
    test                                     0x08008cf1   Thumb Code    18  freertos.o(i.test)
    uxListRemove                             0x08008d15   Thumb Code    38  list.o(i.uxListRemove)
    vApplicationGetIdleTaskMemory            0x08008d3d   Thumb Code    18  freertos.o(i.vApplicationGetIdleTaskMemory)
    vApplicationGetTimerTaskMemory           0x08008d55   Thumb Code    20  freertos.o(i.vApplicationGetTimerTaskMemory)
    vDebounceTimerCallback                   0x08008d6d   Thumb Code    40  software_timer.o(i.vDebounceTimerCallback)
    vListInitialise                          0x08008dbd   Thumb Code    22  list.o(i.vListInitialise)
    vListInitialiseItem                      0x08008dd3   Thumb Code     6  list.o(i.vListInitialiseItem)
    vListInsert                              0x08008dd9   Thumb Code    48  list.o(i.vListInsert)
    vListInsertEnd                           0x08008e09   Thumb Code    24  list.o(i.vListInsertEnd)
    vPortEnterCritical                       0x08008e21   Thumb Code    54  port.o(i.vPortEnterCritical)
    vPortExitCritical                        0x08008e61   Thumb Code    34  port.o(i.vPortExitCritical)
    vPortFree                                0x08008e89   Thumb Code    94  heap_4.o(i.vPortFree)
    vPortSetupTimerInterrupt                 0x08008eed   Thumb Code    32  port.o(i.vPortSetupTimerInterrupt)
    vPortValidateInterruptPriority           0x08008f11   Thumb Code    74  port.o(i.vPortValidateInterruptPriority)
    vQueueAddToRegistry                      0x08008f65   Thumb Code    34  queue.o(i.vQueueAddToRegistry)
    vQueueWaitForMessageRestricted           0x08008f8d   Thumb Code    68  queue.o(i.vQueueWaitForMessageRestricted)
    vTaskDelay                               0x08008fd1   Thumb Code    66  tasks.o(i.vTaskDelay)
    vTaskInternalSetTimeOutState             0x0800901d   Thumb Code    12  tasks.o(i.vTaskInternalSetTimeOutState)
    vTaskMissedYield                         0x0800902d   Thumb Code     8  tasks.o(i.vTaskMissedYield)
    vTaskPlaceOnEventList                    0x08009039   Thumb Code    44  tasks.o(i.vTaskPlaceOnEventList)
    vTaskPlaceOnEventListRestricted          0x08009069   Thumb Code    52  tasks.o(i.vTaskPlaceOnEventListRestricted)
    vTaskStartScheduler                      0x080090a1   Thumb Code   118  tasks.o(i.vTaskStartScheduler)
    vTaskSuspendAll                          0x08009129   Thumb Code    10  tasks.o(i.vTaskSuspendAll)
    vTaskSwitchContext                       0x08009139   Thumb Code    82  tasks.o(i.vTaskSwitchContext)
    xPortStartScheduler                      0x08009195   Thumb Code   222  port.o(i.xPortStartScheduler)
    xQueueGenericCreate                      0x08009289   Thumb Code    66  queue.o(i.xQueueGenericCreate)
    xQueueGenericCreateStatic                0x080092cb   Thumb Code   102  queue.o(i.xQueueGenericCreateStatic)
    xQueueGenericReset                       0x08009331   Thumb Code   144  queue.o(i.xQueueGenericReset)
    xQueueGenericSend                        0x080093c5   Thumb Code   346  queue.o(i.xQueueGenericSend)
    xQueueGenericSendFromISR                 0x08009525   Thumb Code   190  queue.o(i.xQueueGenericSendFromISR)
    xQueueGiveFromISR                        0x080095e3   Thumb Code   156  queue.o(i.xQueueGiveFromISR)
    xQueueReceive                            0x08009681   Thumb Code   310  queue.o(i.xQueueReceive)
    xTaskCheckForTimeOut                     0x080097bd   Thumb Code   116  tasks.o(i.xTaskCheckForTimeOut)
    xTaskCreate                              0x08009835   Thumb Code    90  tasks.o(i.xTaskCreate)
    xTaskCreateStatic                        0x0800988f   Thumb Code    86  tasks.o(i.xTaskCreateStatic)
    xTaskGetSchedulerState                   0x080098e5   Thumb Code    22  tasks.o(i.xTaskGetSchedulerState)
    xTaskGetTickCount                        0x08009901   Thumb Code     6  tasks.o(i.xTaskGetTickCount)
    xTaskGetTickCountFromISR                 0x0800990d   Thumb Code    12  tasks.o(i.xTaskGetTickCountFromISR)
    xTaskIncrementTick                       0x0800991d   Thumb Code   194  tasks.o(i.xTaskIncrementTick)
    xTaskPriorityDisinherit                  0x080099e9   Thumb Code   150  tasks.o(i.xTaskPriorityDisinherit)
    xTaskRemoveFromEventList                 0x08009a89   Thumb Code   108  tasks.o(i.xTaskRemoveFromEventList)
    xTaskResumeAll                           0x08009afd   Thumb Code   184  tasks.o(i.xTaskResumeAll)
    xTimerCreate                             0x08009bc1   Thumb Code    52  timers.o(i.xTimerCreate)
    xTimerCreateTimerTask                    0x08009bf5   Thumb Code    78  timers.o(i.xTimerCreateTimerTask)
    xTimerGenericCommand                     0x08009c55   Thumb Code    92  timers.o(i.xTimerGenericCommand)
    D1CorePrescTable                         0x08009cd0   Data          16  system_stm32h7xx.o(.constdata)
    UARTPrescTable                           0x08009f44   Data          24  stm32h7xx_hal_uart.o(.constdata)
    Region$$Table$$Base                      0x08009f78   Number         0  anon$$obj.o(Region$$Table)
    Region$$Table$$Limit                     0x08009f98   Number         0  anon$$obj.o(Region$$Table)
    control_mode                             0x24000000   Data           1  freertos.o(.data)
    xModeChangeSem                           0x24000004   Data           4  freertos.o(.data)
    xWaitDMASem                              0x24000008   Data           4  freertos.o(.data)
    defaultTaskHandle                        0x24000014   Data           4  freertos.o(.data)
    OV5640_FrameState                        0x24000028   Data           1  stm32h7xx_it.o(.data)
    OV5640_FPS                               0x2400002a   Data           1  stm32h7xx_it.o(.data)
    SystemCoreClock                          0x24000030   Data           4  system_stm32h7xx.o(.data)
    SystemD2Clock                            0x24000034   Data           4  system_stm32h7xx.o(.data)
    uwTickFreq                               0x24000038   Data           1  stm32h7xx_hal.o(.data)
    uwTickPrio                               0x2400003c   Data           4  stm32h7xx_hal.o(.data)
    uwTick                                   0x24000040   Data           4  stm32h7xx_hal.o(.data)
    pxCurrentTCB                             0x24000044   Data           4  tasks.o(.data)
    xDebounceTimer                           0x240000c0   Data           4  software_timer.o(.data)
    __stdout                                 0x240000c4   Data           4  stdout.o(.data)
    hadc1                                    0x240007d4   Data         100  adc.o(.bss)
    hdma_adc1                                0x24000838   Data         120  adc.o(.bss)
    hdcmi                                    0x240008b0   Data          80  dcmi.o(.bss)
    hdma_dcmi                                0x24000900   Data         120  dcmi.o(.bss)
    hdma2d                                   0x24000978   Data         104  dma2d.o(.bss)
    hsdram1                                  0x240009e0   Data          52  fmc.o(.bss)
    hjpeg                                    0x24000a14   Data          88  jpeg.o(.bss)
    hmdma_jpeg_infifo_nf                     0x24000a6c   Data         108  jpeg.o(.bss)
    hmdma_jpeg_outfifo_ne                    0x24000ad8   Data         108  jpeg.o(.bss)
    hspi1                                    0x24000b44   Data         136  spi.o(.bss)
    hdma_spi1_tx                             0x24000bcc   Data         120  spi.o(.bss)
    htim3                                    0x24000c44   Data          76  tim.o(.bss)
    htim4                                    0x24000c90   Data          76  tim.o(.bss)
    huart1                                   0x24000cdc   Data         148  usart.o(.bss)
    huart2                                   0x24000d70   Data         148  usart.o(.bss)
    hdma_usart2_tx                           0x24000e04   Data         120  usart.o(.bss)
    htim1                                    0x24000e7c   Data          76  stm32h7xx_hal_timebase_tim.o(.bss)
    xQueueRegistry                           0x24000ec8   Data          64  queue.o(.bss)
    __initial_sp                             0x240050e0   Data           0  startup_stm32h743xx.o(STACK)



==============================================================================

Memory Map of the image

  Image Entry point : 0x08000299

  Load Region LR_IROM1 (Base: 0x08000000, Size: 0x0000a060, Max: 0x00200000, ABSOLUTE)

    Execution Region ER_IROM1 (Exec base: 0x08000000, Load base: 0x08000000, Size: 0x00009f98, Max: 0x00200000, ABSOLUTE)

    Exec Addr    Load Addr    Size         Type   Attr      Idx    E Section Name        Object

    0x08000000   0x08000000   0x00000298   Data   RO            3    RESET               startup_stm32h743xx.o
    0x08000298   0x08000298   0x00000000   Code   RO         9372  * .ARM.Collect$$$$00000000  mc_w.l(entry.o)
    0x08000298   0x08000298   0x00000004   Code   RO         9646    .ARM.Collect$$$$00000001  mc_w.l(entry2.o)
    0x0800029c   0x0800029c   0x00000004   Code   RO         9649    .ARM.Collect$$$$00000004  mc_w.l(entry5.o)
    0x080002a0   0x080002a0   0x00000000   Code   RO         9651    .ARM.Collect$$$$00000008  mc_w.l(entry7b.o)
    0x080002a0   0x080002a0   0x00000000   Code   RO         9653    .ARM.Collect$$$$0000000A  mc_w.l(entry8b.o)
    0x080002a0   0x080002a0   0x00000008   Code   RO         9654    .ARM.Collect$$$$0000000B  mc_w.l(entry9a.o)
    0x080002a8   0x080002a8   0x00000000   Code   RO         9656    .ARM.Collect$$$$0000000D  mc_w.l(entry10a.o)
    0x080002a8   0x080002a8   0x00000000   Code   RO         9658    .ARM.Collect$$$$0000000F  mc_w.l(entry11a.o)
    0x080002a8   0x080002a8   0x00000004   Code   RO         9647    .ARM.Collect$$$$00002712  mc_w.l(entry2.o)
    0x080002ac   0x080002ac   0x000000be   Code   RO         8193    .emb_text           port.o
    0x0800036a   0x0800036a   0x00000002   PAD
    0x0800036c   0x0800036c   0x0000002c   Code   RO            4    .text               startup_stm32h743xx.o
    0x08000398   0x08000398   0x00000062   Code   RO         9375    .text               mc_w.l(uldiv.o)
    0x080003fa   0x080003fa   0x00000024   Code   RO         9377    .text               mc_w.l(memcpya.o)
    0x0800041e   0x0800041e   0x00000024   Code   RO         9381    .text               mc_w.l(memseta.o)
    0x08000442   0x08000442   0x0000002c   Code   RO         9661    .text               mc_w.l(uidiv.o)
    0x0800046e   0x0800046e   0x0000001e   Code   RO         9663    .text               mc_w.l(llshl.o)
    0x0800048c   0x0800048c   0x00000020   Code   RO         9665    .text               mc_w.l(llushr.o)
    0x080004ac   0x080004ac   0x00000000   Code   RO         9667    .text               mc_w.l(iusefp.o)
    0x080004ac   0x080004ac   0x0000014e   Code   RO         9668    .text               mf_w.l(dadd.o)
    0x080005fa   0x080005fa   0x000000e4   Code   RO         9670    .text               mf_w.l(dmul.o)
    0x080006de   0x080006de   0x000000de   Code   RO         9672    .text               mf_w.l(ddiv.o)
    0x080007bc   0x080007bc   0x00000030   Code   RO         9674    .text               mf_w.l(dfixul.o)
    0x080007ec   0x080007ec   0x00000030   Code   RO         9676    .text               mf_w.l(cdrcmple.o)
    0x0800081c   0x0800081c   0x00000024   Code   RO         9678    .text               mc_w.l(init.o)
    0x08000840   0x08000840   0x00000024   Code   RO         9680    .text               mc_w.l(llsshr.o)
    0x08000864   0x08000864   0x000000ba   Code   RO         9682    .text               mf_w.l(depilogue.o)
    0x0800091e   0x0800091e   0x00000002   PAD
    0x08000920   0x08000920   0x00000108   Code   RO         2095    i.ADC_ConfigureBoostMode  stm32h7xx_hal_adc.o
    0x08000a28   0x08000a28   0x00000070   Code   RO         2100    i.ADC_Disable       stm32h7xx_hal_adc.o
    0x08000a98   0x08000a98   0x00000002   Code   RO          857    i.BusFault_Handler  stm32h7xx_it.o
    0x08000a9a   0x08000a9a   0x00000020   Code   RO         4948    i.DCMI_DMAError     stm32h7xx_hal_dcmi.o
    0x08000aba   0x08000aba   0x00000002   PAD
    0x08000abc   0x08000abc   0x0000000c   Code   RO          858    i.DCMI_IRQHandler   stm32h7xx_it.o
    0x08000ac8   0x08000ac8   0x0000000c   Code   RO          859    i.DMA1_Stream0_IRQHandler  stm32h7xx_it.o
    0x08000ad4   0x08000ad4   0x0000000c   Code   RO          860    i.DMA1_Stream1_IRQHandler  stm32h7xx_it.o
    0x08000ae0   0x08000ae0   0x0000003c   Code   RO          861    i.DMA1_Stream3_IRQHandler  stm32h7xx_it.o
    0x08000b1c   0x08000b1c   0x000000b4   Code   RO         3178    i.DMA_CalcBaseAndBitshift  stm32h7xx_hal_dma.o
    0x08000bd0   0x08000bd0   0x0000009c   Code   RO         3179    i.DMA_CalcDMAMUXChannelBaseAndMask  stm32h7xx_hal_dma.o
    0x08000c6c   0x08000c6c   0x00000074   Code   RO         3180    i.DMA_CalcDMAMUXRequestGenBaseAndMask  stm32h7xx_hal_dma.o
    0x08000ce0   0x08000ce0   0x00000054   Code   RO         3181    i.DMA_CheckFifoParam  stm32h7xx_hal_dma.o
    0x08000d34   0x08000d34   0x00000002   Code   RO          862    i.DebugMon_Handler  stm32h7xx_it.o
    0x08000d36   0x08000d36   0x00000002   PAD
    0x08000d38   0x08000d38   0x00000048   Code   RO          863    i.EXTI9_5_IRQHandler  stm32h7xx_it.o
    0x08000d80   0x08000d80   0x00000004   Code   RO           13    i.Error_Handler     main.o
    0x08000d84   0x08000d84   0x0000001c   Code   RO         1045    i.ExitRun0Mode      system_stm32h7xx.o
    0x08000da0   0x08000da0   0x0000006a   Code   RO         5314    i.FMC_SDRAM_Init    stm32h7xx_ll_fmc.o
    0x08000e0a   0x08000e0a   0x00000012   Code   RO         5315    i.FMC_SDRAM_ProgramRefreshRate  stm32h7xx_ll_fmc.o
    0x08000e1c   0x08000e1c   0x00000026   Code   RO         5316    i.FMC_SDRAM_SendCommand  stm32h7xx_ll_fmc.o
    0x08000e42   0x08000e42   0x00000002   PAD
    0x08000e44   0x08000e44   0x000000b0   Code   RO         5318    i.FMC_SDRAM_Timing_Init  stm32h7xx_ll_fmc.o
    0x08000ef4   0x08000ef4   0x000000b4   Code   RO         9151    i.Gimbal_Init       gimbal.o
    0x08000fa8   0x08000fa8   0x0000009c   Code   RO         2312    i.HAL_ADCEx_Calibration_Start  stm32h7xx_hal_adc_ex.o
    0x08001044   0x08001044   0x00000128   Code   RO         2332    i.HAL_ADCEx_MultiModeConfigChannel  stm32h7xx_hal_adc_ex.o
    0x0800116c   0x0800116c   0x00000420   Code   RO         2103    i.HAL_ADC_ConfigChannel  stm32h7xx_hal_adc.o
    0x0800158c   0x0800158c   0x00000228   Code   RO         2112    i.HAL_ADC_Init      stm32h7xx_hal_adc.o
    0x080017b4   0x080017b4   0x00000104   Code   RO          440    i.HAL_ADC_MspInit   adc.o
    0x080018b8   0x080018b8   0x00000060   Code   RO          864    i.HAL_DCMI_ErrorCallback  stm32h7xx_it.o
    0x08001918   0x08001918   0x00000030   Code   RO          865    i.HAL_DCMI_FrameEventCallback  stm32h7xx_it.o
    0x08001948   0x08001948   0x00000004   Code   RO         4957    i.HAL_DCMI_GetError  stm32h7xx_hal_dcmi.o
    0x0800194c   0x0800194c   0x0000009c   Code   RO         4959    i.HAL_DCMI_IRQHandler  stm32h7xx_hal_dcmi.o
    0x080019e8   0x080019e8   0x0000009c   Code   RO         4960    i.HAL_DCMI_Init     stm32h7xx_hal_dcmi.o
    0x08001a84   0x08001a84   0x00000002   Code   RO         4961    i.HAL_DCMI_LineEventCallback  stm32h7xx_hal_dcmi.o
    0x08001a86   0x08001a86   0x00000002   PAD
    0x08001a88   0x08001a88   0x0000015c   Code   RO          482    i.HAL_DCMI_MspInit  dcmi.o
    0x08001be4   0x08001be4   0x00000002   Code   RO         4968    i.HAL_DCMI_VsyncEventCallback  stm32h7xx_hal_dcmi.o
    0x08001be6   0x08001be6   0x00000002   PAD
    0x08001be8   0x08001be8   0x000000c8   Code   RO         5104    i.HAL_DMA2D_ConfigLayer  stm32h7xx_hal_dma2d.o
    0x08001cb0   0x08001cb0   0x00000088   Code   RO         5112    i.HAL_DMA2D_Init    stm32h7xx_hal_dma2d.o
    0x08001d38   0x08001d38   0x00000028   Code   RO          548    i.HAL_DMA2D_MspInit  dma2d.o
    0x08001d60   0x08001d60   0x00000284   Code   RO         3184    i.HAL_DMA_Abort_IT  stm32h7xx_hal_dma.o
    0x08001fe4   0x08001fe4   0x000006e8   Code   RO         3188    i.HAL_DMA_IRQHandler  stm32h7xx_hal_dma.o
    0x080026cc   0x080026cc   0x000003c4   Code   RO         3189    i.HAL_DMA_Init      stm32h7xx_hal_dma.o
    0x08002a90   0x08002a90   0x00000024   Code   RO         4045    i.HAL_Delay         stm32h7xx_hal.o
    0x08002ab4   0x08002ab4   0x000000d0   Code   RO          589    i.HAL_FMC_MspInit   fmc.o
    0x08002b84   0x08002b84   0x00000002   Code   RO         3029    i.HAL_GPIO_EXTI_Callback  stm32h7xx_hal_gpio.o
    0x08002b86   0x08002b86   0x00000018   Code   RO         3030    i.HAL_GPIO_EXTI_IRQHandler  stm32h7xx_hal_gpio.o
    0x08002b9e   0x08002b9e   0x00000002   PAD
    0x08002ba0   0x08002ba0   0x0000022c   Code   RO         3031    i.HAL_GPIO_Init     stm32h7xx_hal_gpio.o
    0x08002dcc   0x08002dcc   0x0000000a   Code   RO         3033    i.HAL_GPIO_ReadPin  stm32h7xx_hal_gpio.o
    0x08002dd6   0x08002dd6   0x0000000a   Code   RO         3035    i.HAL_GPIO_WritePin  stm32h7xx_hal_gpio.o
    0x08002de0   0x08002de0   0x0000000c   Code   RO         4056    i.HAL_GetREVID      stm32h7xx_hal.o
    0x08002dec   0x08002dec   0x0000000c   Code   RO         4057    i.HAL_GetTick       stm32h7xx_hal.o
    0x08002df8   0x08002df8   0x00000010   Code   RO         4063    i.HAL_IncTick       stm32h7xx_hal.o
    0x08002e08   0x08002e08   0x0000005c   Code   RO         4064    i.HAL_Init          stm32h7xx_hal.o
    0x08002e64   0x08002e64   0x00000084   Code   RO         1006    i.HAL_InitTick      stm32h7xx_hal_timebase_tim.o
    0x08002ee8   0x08002ee8   0x0000009c   Code   RO         5697    i.HAL_JPEG_Init     stm32h7xx_hal_jpeg.o
    0x08002f84   0x08002f84   0x000000e4   Code   RO          638    i.HAL_JPEG_MspInit  jpeg.o
    0x08003068   0x08003068   0x00000058   Code   RO         3367    i.HAL_MDMA_ConfigPostRequestMask  stm32h7xx_hal_mdma.o
    0x080030c0   0x080030c0   0x00000178   Code   RO         3372    i.HAL_MDMA_IRQHandler  stm32h7xx_hal_mdma.o
    0x08003238   0x08003238   0x0000005e   Code   RO         3373    i.HAL_MDMA_Init     stm32h7xx_hal_mdma.o
    0x08003296   0x08003296   0x00000002   PAD
    0x08003298   0x08003298   0x0000005c   Code   RO         3886    i.HAL_MPU_ConfigRegion  stm32h7xx_hal_cortex.o
    0x080032f4   0x080032f4   0x0000001c   Code   RO         3887    i.HAL_MPU_Disable   stm32h7xx_hal_cortex.o
    0x08003310   0x08003310   0x00000024   Code   RO         3889    i.HAL_MPU_Enable    stm32h7xx_hal_cortex.o
    0x08003334   0x08003334   0x00000024   Code   RO          982    i.HAL_MspInit       stm32h7xx_hal_msp.o
    0x08003358   0x08003358   0x0000001a   Code   RO         3893    i.HAL_NVIC_EnableIRQ  stm32h7xx_hal_cortex.o
    0x08003372   0x08003372   0x00000002   PAD
    0x08003374   0x08003374   0x00000040   Code   RO         3899    i.HAL_NVIC_SetPriority  stm32h7xx_hal_cortex.o
    0x080033b4   0x080033b4   0x00000024   Code   RO         3900    i.HAL_NVIC_SetPriorityGrouping  stm32h7xx_hal_cortex.o
    0x080033d8   0x080033d8   0x00000054   Code   RO         3632    i.HAL_PWREx_ConfigSupply  stm32h7xx_hal_pwr_ex.o
    0x0800342c   0x0800342c   0x00000024   Code   RO         2652    i.HAL_RCCEx_GetD3PCLK1Freq  stm32h7xx_hal_rcc_ex.o
    0x08003450   0x08003450   0x00000148   Code   RO         2653    i.HAL_RCCEx_GetPLL1ClockFreq  stm32h7xx_hal_rcc_ex.o
    0x08003598   0x08003598   0x00000144   Code   RO         2654    i.HAL_RCCEx_GetPLL2ClockFreq  stm32h7xx_hal_rcc_ex.o
    0x080036dc   0x080036dc   0x00000144   Code   RO         2655    i.HAL_RCCEx_GetPLL3ClockFreq  stm32h7xx_hal_rcc_ex.o
    0x08003820   0x08003820   0x000002c8   Code   RO         2657    i.HAL_RCCEx_GetPeriphCLKFreq  stm32h7xx_hal_rcc_ex.o
    0x08003ae8   0x08003ae8   0x000009ac   Code   RO         2661    i.HAL_RCCEx_PeriphCLKConfig  stm32h7xx_hal_rcc_ex.o
    0x08004494   0x08004494   0x0000025c   Code   RO         2537    i.HAL_RCC_ClockConfig  stm32h7xx_hal_rcc.o
    0x080046f0   0x080046f0   0x0000005c   Code   RO         2541    i.HAL_RCC_GetClockConfig  stm32h7xx_hal_rcc.o
    0x0800474c   0x0800474c   0x00000044   Code   RO         2542    i.HAL_RCC_GetHCLKFreq  stm32h7xx_hal_rcc.o
    0x08004790   0x08004790   0x00000024   Code   RO         2544    i.HAL_RCC_GetPCLK1Freq  stm32h7xx_hal_rcc.o
    0x080047b4   0x080047b4   0x00000024   Code   RO         2545    i.HAL_RCC_GetPCLK2Freq  stm32h7xx_hal_rcc.o
    0x080047d8   0x080047d8   0x00000138   Code   RO         2546    i.HAL_RCC_GetSysClockFreq  stm32h7xx_hal_rcc.o
    0x08004910   0x08004910   0x00000582   Code   RO         2549    i.HAL_RCC_OscConfig  stm32h7xx_hal_rcc.o
    0x08004e92   0x08004e92   0x00000002   PAD
    0x08004e94   0x08004e94   0x00000050   Code   RO         5509    i.HAL_SDRAM_Init    stm32h7xx_hal_sdram.o
    0x08004ee4   0x08004ee4   0x00000004   Code   RO          591    i.HAL_SDRAM_MspInit  fmc.o
    0x08004ee8   0x08004ee8   0x0000002e   Code   RO         5512    i.HAL_SDRAM_ProgramRefreshRate  stm32h7xx_hal_sdram.o
    0x08004f16   0x08004f16   0x00000002   PAD
    0x08004f18   0x08004f18   0x0000003c   Code   RO         5518    i.HAL_SDRAM_SendCommand  stm32h7xx_hal_sdram.o
    0x08004f54   0x08004f54   0x00000002   Code   RO         5980    i.HAL_SPI_ErrorCallback  stm32h7xx_hal_spi.o
    0x08004f56   0x08004f56   0x00000002   PAD
    0x08004f58   0x08004f58   0x00000224   Code   RO         5983    i.HAL_SPI_IRQHandler  stm32h7xx_hal_spi.o
    0x0800517c   0x0800517c   0x0000017c   Code   RO         5984    i.HAL_SPI_Init      stm32h7xx_hal_spi.o
    0x080052f8   0x080052f8   0x00000118   Code   RO          704    i.HAL_SPI_MspInit   spi.o
    0x08005410   0x08005410   0x00000002   Code   RO         5990    i.HAL_SPI_RxCpltCallback  stm32h7xx_hal_spi.o
    0x08005412   0x08005412   0x00000002   Code   RO         5992    i.HAL_SPI_SuspendCallback  stm32h7xx_hal_spi.o
    0x08005414   0x08005414   0x00000002   Code   RO         5999    i.HAL_SPI_TxCpltCallback  stm32h7xx_hal_spi.o
    0x08005416   0x08005416   0x00000002   Code   RO         6001    i.HAL_SPI_TxRxCpltCallback  stm32h7xx_hal_spi.o
    0x08005418   0x08005418   0x00000002   Code   RO         1804    i.HAL_TIMEx_Break2Callback  stm32h7xx_hal_tim_ex.o
    0x0800541a   0x0800541a   0x00000002   Code   RO         1805    i.HAL_TIMEx_BreakCallback  stm32h7xx_hal_tim_ex.o
    0x0800541c   0x0800541c   0x00000002   Code   RO         1806    i.HAL_TIMEx_CommutCallback  stm32h7xx_hal_tim_ex.o
    0x0800541e   0x0800541e   0x00000002   PAD
    0x08005420   0x08005420   0x000000a4   Code   RO         1826    i.HAL_TIMEx_MasterConfigSynchronization  stm32h7xx_hal_tim_ex.o
    0x080054c4   0x080054c4   0x00000062   Code   RO         1090    i.HAL_TIM_Base_Init  stm32h7xx_hal_tim.o
    0x08005526   0x08005526   0x00000002   Code   RO         1092    i.HAL_TIM_Base_MspInit  stm32h7xx_hal_tim.o
    0x08005528   0x08005528   0x0000008c   Code   RO         1095    i.HAL_TIM_Base_Start_IT  stm32h7xx_hal_tim.o
    0x080055b4   0x080055b4   0x00000002   Code   RO         1124    i.HAL_TIM_IC_CaptureCallback  stm32h7xx_hal_tim.o
    0x080055b6   0x080055b6   0x00000148   Code   RO         1138    i.HAL_TIM_IRQHandler  stm32h7xx_hal_tim.o
    0x080056fe   0x080056fe   0x00000002   PAD
    0x08005700   0x08005700   0x00000084   Code   RO          745    i.HAL_TIM_MspPostInit  tim.o
    0x08005784   0x08005784   0x00000002   Code   RO         1141    i.HAL_TIM_OC_DelayElapsedCallback  stm32h7xx_hal_tim.o
    0x08005786   0x08005786   0x00000124   Code   RO         1162    i.HAL_TIM_PWM_ConfigChannel  stm32h7xx_hal_tim.o
    0x080058aa   0x080058aa   0x00000062   Code   RO         1165    i.HAL_TIM_PWM_Init  stm32h7xx_hal_tim.o
    0x0800590c   0x0800590c   0x00000040   Code   RO          747    i.HAL_TIM_PWM_MspInit  tim.o
    0x0800594c   0x0800594c   0x00000002   Code   RO         1168    i.HAL_TIM_PWM_PulseFinishedCallback  stm32h7xx_hal_tim.o
    0x0800594e   0x0800594e   0x00000002   PAD
    0x08005950   0x08005950   0x00000110   Code   RO         1170    i.HAL_TIM_PWM_Start  stm32h7xx_hal_tim.o
    0x08005a60   0x08005a60   0x00000014   Code   RO           14    i.HAL_TIM_PeriodElapsedCallback  main.o
    0x08005a74   0x08005a74   0x00000002   Code   RO         1181    i.HAL_TIM_TriggerCallback  stm32h7xx_hal_tim.o
    0x08005a76   0x08005a76   0x00000040   Code   RO         6722    i.HAL_UARTEx_DisableFifoMode  stm32h7xx_hal_uart_ex.o
    0x08005ab6   0x08005ab6   0x0000004c   Code   RO         6731    i.HAL_UARTEx_SetRxFifoThreshold  stm32h7xx_hal_uart_ex.o
    0x08005b02   0x08005b02   0x0000004c   Code   RO         6732    i.HAL_UARTEx_SetTxFifoThreshold  stm32h7xx_hal_uart_ex.o
    0x08005b4e   0x08005b4e   0x0000006a   Code   RO         6331    i.HAL_UART_Init     stm32h7xx_hal_uart.o
    0x08005bb8   0x08005bb8   0x0000011c   Code   RO          800    i.HAL_UART_MspInit  usart.o
    0x08005cd4   0x08005cd4   0x000000b0   Code   RO         6340    i.HAL_UART_Transmit  stm32h7xx_hal_uart.o
    0x08005d84   0x08005d84   0x00000002   Code   RO          866    i.HardFault_Handler  stm32h7xx_it.o
    0x08005d86   0x08005d86   0x00000070   Code   RO         5703    i.JPEG_ACHuff_BitsVals_To_SizeCodes  stm32h7xx_hal_jpeg.o
    0x08005df6   0x08005df6   0x00000002   PAD
    0x08005df8   0x08005df8   0x00000064   Code   RO         5704    i.JPEG_Bits_To_SizeCodes  stm32h7xx_hal_jpeg.o
    0x08005e5c   0x08005e5c   0x000000a4   Code   RO         5718    i.JPEG_Set_HuffAC_Mem  stm32h7xx_hal_jpeg.o
    0x08005f00   0x08005f00   0x000000b8   Code   RO         5719    i.JPEG_Set_HuffDC_Mem  stm32h7xx_hal_jpeg.o
    0x08005fb8   0x08005fb8   0x0000005c   Code   RO         5720    i.JPEG_Set_HuffEnc_Mem  stm32h7xx_hal_jpeg.o
    0x08006014   0x08006014   0x000001d0   Code   RO         5721    i.JPEG_Set_Huff_DHTMem  stm32h7xx_hal_jpeg.o
    0x080061e4   0x080061e4   0x0000000a   Code   RO         9197    i.Joystick_Init     joystick.o
    0x080061ee   0x080061ee   0x00000008   Code   RO         2124    i.LL_ADC_INJ_IsConversionOngoing  stm32h7xx_hal_adc.o
    0x080061f6   0x080061f6   0x00000008   Code   RO         2125    i.LL_ADC_REG_IsConversionOngoing  stm32h7xx_hal_adc.o
    0x080061fe   0x080061fe   0x00000008   Code   RO         2342    i.LL_ADC_REG_IsConversionOngoing  stm32h7xx_hal_adc_ex.o
    0x08006206   0x08006206   0x00000002   PAD
    0x08006208   0x08006208   0x0000001c   Code   RO          867    i.MDMA_IRQHandler   stm32h7xx_it.o
    0x08006224   0x08006224   0x000000b0   Code   RO         3384    i.MDMA_Init         stm32h7xx_hal_mdma.o
    0x080062d4   0x080062d4   0x000000b4   Code   RO          441    i.MX_ADC1_Init      adc.o
    0x08006388   0x08006388   0x0000003c   Code   RO          483    i.MX_DCMI_Init      dcmi.o
    0x080063c4   0x080063c4   0x00000048   Code   RO          549    i.MX_DMA2D_Init     dma2d.o
    0x0800640c   0x0800640c   0x0000004c   Code   RO          523    i.MX_DMA_Init       dma.o
    0x08006458   0x08006458   0x00000070   Code   RO          592    i.MX_FMC_Init       fmc.o
    0x080064c8   0x080064c8   0x000000dc   Code   RO          325    i.MX_FREERTOS_Init  freertos.o
    0x080065a4   0x080065a4   0x00000110   Code   RO          300    i.MX_GPIO_Init      gpio.o
    0x080066b4   0x080066b4   0x00000024   Code   RO          639    i.MX_JPEG_Init      jpeg.o
    0x080066d8   0x080066d8   0x0000002c   Code   RO          679    i.MX_MDMA_Init      mdma.o
    0x08006704   0x08006704   0x00000058   Code   RO          705    i.MX_SPI1_Init      spi.o
    0x0800675c   0x0800675c   0x00000074   Code   RO          748    i.MX_TIM3_Init      tim.o
    0x080067d0   0x080067d0   0x00000088   Code   RO          749    i.MX_TIM4_Init      tim.o
    0x08006858   0x08006858   0x00000068   Code   RO          801    i.MX_USART1_UART_Init  usart.o
    0x080068c0   0x080068c0   0x00000068   Code   RO          802    i.MX_USART2_UART_Init  usart.o
    0x08006928   0x08006928   0x0000001c   Code   RO          868    i.MemManage_Handler  stm32h7xx_it.o
    0x08006944   0x08006944   0x00000002   Code   RO          869    i.NMI_Handler       stm32h7xx_it.o
    0x08006946   0x08006946   0x00000002   PAD
    0x08006948   0x08006948   0x00000024   Code   RO         9079    i.PID_Init          pid.o
    0x0800696c   0x0800696c   0x00000120   Code   RO         2664    i.RCCEx_PLL2_Config  stm32h7xx_hal_rcc_ex.o
    0x08006a8c   0x08006a8c   0x00000120   Code   RO         2665    i.RCCEx_PLL3_Config  stm32h7xx_hal_rcc_ex.o
    0x08006bac   0x08006bac   0x00000064   Code   RO         8273    i.SDRAM_Init        sdram.o
    0x08006c10   0x08006c10   0x00000038   Code   RO         8274    i.SDRAM_SendCommand  sdram.o
    0x08006c48   0x08006c48   0x0000000c   Code   RO          870    i.SPI1_IRQHandler   stm32h7xx_it.o
    0x08006c54   0x08006c54   0x000000bc   Code   RO         6004    i.SPI_CloseTransfer  stm32h7xx_hal_spi.o
    0x08006d10   0x08006d10   0x0000001a   Code   RO         6005    i.SPI_DMAAbortOnError  stm32h7xx_hal_spi.o
    0x08006d2a   0x08006d2a   0x00000002   PAD
    0x08006d2c   0x08006d2c   0x00000060   Code   RO         9152    i.Servo_Set_Angle   gimbal.o
    0x08006d8c   0x08006d8c   0x00000008   Code   RO          328    i.StartDefaultTask  freertos.o
    0x08006d94   0x08006d94   0x0000002c   Code   RO         8194    i.SysTick_Handler   port.o
    0x08006dc0   0x08006dc0   0x000000a8   Code   RO           15    i.SystemClock_Config  main.o
    0x08006e68   0x08006e68   0x000000f8   Code   RO         1047    i.SystemInit        system_stm32h7xx.o
    0x08006f60   0x08006f60   0x0000000c   Code   RO          871    i.TIM1_UP_IRQHandler  stm32h7xx_it.o
    0x08006f6c   0x08006f6c   0x000000cc   Code   RO         1183    i.TIM_Base_SetConfig  stm32h7xx_hal_tim.o
    0x08007038   0x08007038   0x0000001a   Code   RO         1184    i.TIM_CCxChannelCmd  stm32h7xx_hal_tim.o
    0x08007052   0x08007052   0x00000002   PAD
    0x08007054   0x08007054   0x000000a4   Code   RO         1196    i.TIM_OC1_SetConfig  stm32h7xx_hal_tim.o
    0x080070f8   0x080070f8   0x00000098   Code   RO         1197    i.TIM_OC2_SetConfig  stm32h7xx_hal_tim.o
    0x08007190   0x08007190   0x00000098   Code   RO         1198    i.TIM_OC3_SetConfig  stm32h7xx_hal_tim.o
    0x08007228   0x08007228   0x00000078   Code   RO         1199    i.TIM_OC4_SetConfig  stm32h7xx_hal_tim.o
    0x080072a0   0x080072a0   0x00000074   Code   RO         1200    i.TIM_OC5_SetConfig  stm32h7xx_hal_tim.o
    0x08007314   0x08007314   0x00000074   Code   RO         1201    i.TIM_OC6_SetConfig  stm32h7xx_hal_tim.o
    0x08007388   0x08007388   0x00000044   Code   RO         6736    i.UARTEx_SetNbDataToProcess  stm32h7xx_hal_uart_ex.o
    0x080073cc   0x080073cc   0x000000c8   Code   RO         6345    i.UART_AdvFeatureConfig  stm32h7xx_hal_uart.o
    0x08007494   0x08007494   0x000000aa   Code   RO         6346    i.UART_CheckIdleState  stm32h7xx_hal_uart.o
    0x0800753e   0x0800753e   0x00000002   PAD
    0x08007540   0x08007540   0x00000054   Code   RO         6357    i.UART_EndRxTransfer  stm32h7xx_hal_uart.o
    0x08007594   0x08007594   0x000003ac   Code   RO         6363    i.UART_SetConfig    stm32h7xx_hal_uart.o
    0x08007940   0x08007940   0x00000094   Code   RO         6370    i.UART_WaitOnFlagUntilTimeout  stm32h7xx_hal_uart.o
    0x080079d4   0x080079d4   0x00000002   Code   RO          872    i.UsageFault_Handler  stm32h7xx_it.o
    0x080079d6   0x080079d6   0x00000002   PAD
    0x080079d8   0x080079d8   0x00000020   Code   RO         9618    i.__0printf         mc_w.l(printfa.o)
    0x080079f8   0x080079f8   0x00000022   Code   RO         3906    i.__NVIC_SetPriority  stm32h7xx_hal_cortex.o
    0x08007a1a   0x08007a1a   0x0000000e   Code   RO         9686    i.__scatterload_copy  mc_w.l(handlers.o)
    0x08007a28   0x08007a28   0x00000002   Code   RO         9687    i.__scatterload_null  mc_w.l(handlers.o)
    0x08007a2a   0x08007a2a   0x0000000e   Code   RO         9688    i.__scatterload_zeroinit  mc_w.l(handlers.o)
    0x08007a38   0x08007a38   0x00000184   Code   RO         9625    i._fp_digits        mc_w.l(printfa.o)
    0x08007bbc   0x08007bbc   0x000006dc   Code   RO         9626    i._printf_core      mc_w.l(printfa.o)
    0x08008298   0x08008298   0x00000024   Code   RO         9627    i._printf_post_padding  mc_w.l(printfa.o)
    0x080082bc   0x080082bc   0x0000002e   Code   RO         9628    i._printf_pre_padding  mc_w.l(printfa.o)
    0x080082ea   0x080082ea   0x00000002   PAD
    0x080082ec   0x080082ec   0x00000018   Code   RO          803    i.fputc             usart.o
    0x08008304   0x08008304   0x0000009e   Code   RO           16    i.main              main.o
    0x080083a2   0x080083a2   0x0000000e   Code   RO         7771    i.makeFreeRtosPriority  cmsis_os.o
    0x080083b0   0x080083b0   0x0000000e   Code   RO         7773    i.osDelay           cmsis_os.o
    0x080083be   0x080083be   0x0000000a   Code   RO         7776    i.osKernelStart     cmsis_os.o
    0x080083c8   0x080083c8   0x00000054   Code   RO         7810    i.osThreadCreate    cmsis_os.o
    0x0800841c   0x0800841c   0x00000070   Code   RO         7311    i.prvAddCurrentTaskToDelayedList  tasks.o
    0x0800848c   0x0800848c   0x000000d0   Code   RO         7312    i.prvAddNewTaskToReadyList  tasks.o
    0x0800855c   0x0800855c   0x00000058   Code   RO         7625    i.prvCheckForValidListAndQueue  timers.o
    0x080085b4   0x080085b4   0x00000026   Code   RO         6981    i.prvCopyDataFromQueue  queue.o
    0x080085da   0x080085da   0x0000006c   Code   RO         6982    i.prvCopyDataToQueue  queue.o
    0x08008646   0x08008646   0x00000034   Code   RO         7313    i.prvDeleteTCB      tasks.o
    0x0800867a   0x0800867a   0x00000002   PAD
    0x0800867c   0x0800867c   0x00000050   Code   RO         8138    i.prvHeapInit       heap_4.o
    0x080086cc   0x080086cc   0x00000060   Code   RO         7314    i.prvIdleTask       tasks.o
    0x0800872c   0x0800872c   0x00000016   Code   RO         6984    i.prvInitialiseNewQueue  queue.o
    0x08008742   0x08008742   0x0000009a   Code   RO         7315    i.prvInitialiseNewTask  tasks.o
    0x080087dc   0x080087dc   0x00000050   Code   RO         7626    i.prvInitialiseNewTimer  timers.o
    0x0800882c   0x0800882c   0x0000004c   Code   RO         8139    i.prvInsertBlockIntoFreeList  heap_4.o
    0x08008878   0x08008878   0x0000003c   Code   RO         7627    i.prvInsertTimerInActiveList  timers.o
    0x080088b4   0x080088b4   0x0000001c   Code   RO         6985    i.prvIsQueueEmpty   queue.o
    0x080088d0   0x080088d0   0x000000e8   Code   RO         7628    i.prvProcessReceivedCommands  timers.o
    0x080089b8   0x080089b8   0x000000c0   Code   RO         7629    i.prvProcessTimerOrBlockTask  timers.o
    0x08008a78   0x08008a78   0x00000020   Code   RO         7316    i.prvResetNextTaskUnblockTime  tasks.o
    0x08008a98   0x08008a98   0x00000028   Code   RO         7630    i.prvSampleTimeNow  timers.o
    0x08008ac0   0x08008ac0   0x0000006c   Code   RO         7631    i.prvSwitchTimerLists  timers.o
    0x08008b2c   0x08008b2c   0x00000028   Code   RO         8195    i.prvTaskExitError  port.o
    0x08008b54   0x08008b54   0x00000024   Code   RO         7632    i.prvTimerTask      timers.o
    0x08008b78   0x08008b78   0x0000006a   Code   RO         6986    i.prvUnlockQueue    queue.o
    0x08008be2   0x08008be2   0x00000002   PAD
    0x08008be4   0x08008be4   0x000000dc   Code   RO         8140    i.pvPortMalloc      heap_4.o
    0x08008cc0   0x08008cc0   0x00000030   Code   RO         8196    i.pxPortInitialiseStack  port.o
    0x08008cf0   0x08008cf0   0x00000024   Code   RO          329    i.test              freertos.o
    0x08008d14   0x08008d14   0x00000026   Code   RO         6941    i.uxListRemove      list.o
    0x08008d3a   0x08008d3a   0x00000002   PAD
    0x08008d3c   0x08008d3c   0x00000018   Code   RO          330    i.vApplicationGetIdleTaskMemory  freertos.o
    0x08008d54   0x08008d54   0x00000018   Code   RO          331    i.vApplicationGetTimerTaskMemory  freertos.o
    0x08008d6c   0x08008d6c   0x00000050   Code   RO         9118    i.vDebounceTimerCallback  software_timer.o
    0x08008dbc   0x08008dbc   0x00000016   Code   RO         6942    i.vListInitialise   list.o
    0x08008dd2   0x08008dd2   0x00000006   Code   RO         6943    i.vListInitialiseItem  list.o
    0x08008dd8   0x08008dd8   0x00000030   Code   RO         6944    i.vListInsert       list.o
    0x08008e08   0x08008e08   0x00000018   Code   RO         6945    i.vListInsertEnd    list.o
    0x08008e20   0x08008e20   0x00000040   Code   RO         8198    i.vPortEnterCritical  port.o
    0x08008e60   0x08008e60   0x00000028   Code   RO         8199    i.vPortExitCritical  port.o
    0x08008e88   0x08008e88   0x00000064   Code   RO         8141    i.vPortFree         heap_4.o
    0x08008eec   0x08008eec   0x00000024   Code   RO         8200    i.vPortSetupTimerInterrupt  port.o
    0x08008f10   0x08008f10   0x00000054   Code   RO         8201    i.vPortValidateInterruptPriority  port.o
    0x08008f64   0x08008f64   0x00000028   Code   RO         6990    i.vQueueAddToRegistry  queue.o
    0x08008f8c   0x08008f8c   0x00000044   Code   RO         6993    i.vQueueWaitForMessageRestricted  queue.o
    0x08008fd0   0x08008fd0   0x0000004c   Code   RO         7325    i.vTaskDelay        tasks.o
    0x0800901c   0x0800901c   0x00000010   Code   RO         7328    i.vTaskInternalSetTimeOutState  tasks.o
    0x0800902c   0x0800902c   0x0000000c   Code   RO         7329    i.vTaskMissedYield  tasks.o
    0x08009038   0x08009038   0x00000030   Code   RO         7331    i.vTaskPlaceOnEventList  tasks.o
    0x08009068   0x08009068   0x00000038   Code   RO         7332    i.vTaskPlaceOnEventListRestricted  tasks.o
    0x080090a0   0x080090a0   0x00000088   Code   RO         7339    i.vTaskStartScheduler  tasks.o
    0x08009128   0x08009128   0x00000010   Code   RO         7341    i.vTaskSuspendAll   tasks.o
    0x08009138   0x08009138   0x0000005c   Code   RO         7342    i.vTaskSwitchContext  tasks.o
    0x08009194   0x08009194   0x000000f4   Code   RO         8202    i.xPortStartScheduler  port.o
    0x08009288   0x08009288   0x00000042   Code   RO         6996    i.xQueueGenericCreate  queue.o
    0x080092ca   0x080092ca   0x00000066   Code   RO         6997    i.xQueueGenericCreateStatic  queue.o
    0x08009330   0x08009330   0x00000094   Code   RO         6998    i.xQueueGenericReset  queue.o
    0x080093c4   0x080093c4   0x00000160   Code   RO         6999    i.xQueueGenericSend  queue.o
    0x08009524   0x08009524   0x000000be   Code   RO         7000    i.xQueueGenericSendFromISR  queue.o
    0x080095e2   0x080095e2   0x0000009c   Code   RO         7001    i.xQueueGiveFromISR  queue.o
    0x0800967e   0x0800967e   0x00000002   PAD
    0x08009680   0x08009680   0x0000013c   Code   RO         7006    i.xQueueReceive     queue.o
    0x080097bc   0x080097bc   0x00000078   Code   RO         7344    i.xTaskCheckForTimeOut  tasks.o
    0x08009834   0x08009834   0x0000005a   Code   RO         7345    i.xTaskCreate       tasks.o
    0x0800988e   0x0800988e   0x00000056   Code   RO         7346    i.xTaskCreateStatic  tasks.o
    0x080098e4   0x080098e4   0x0000001c   Code   RO         7350    i.xTaskGetSchedulerState  tasks.o
    0x08009900   0x08009900   0x0000000c   Code   RO         7351    i.xTaskGetTickCount  tasks.o
    0x0800990c   0x0800990c   0x00000010   Code   RO         7352    i.xTaskGetTickCountFromISR  tasks.o
    0x0800991c   0x0800991c   0x000000cc   Code   RO         7353    i.xTaskIncrementTick  tasks.o
    0x080099e8   0x080099e8   0x000000a0   Code   RO         7356    i.xTaskPriorityDisinherit  tasks.o
    0x08009a88   0x08009a88   0x00000074   Code   RO         7358    i.xTaskRemoveFromEventList  tasks.o
    0x08009afc   0x08009afc   0x000000c4   Code   RO         7359    i.xTaskResumeAll    tasks.o
    0x08009bc0   0x08009bc0   0x00000034   Code   RO         7637    i.xTimerCreate      timers.o
    0x08009bf4   0x08009bf4   0x00000060   Code   RO         7639    i.xTimerCreateTimerTask  timers.o
    0x08009c54   0x08009c54   0x00000060   Code   RO         7640    i.xTimerGenericCommand  timers.o
    0x08009cb4   0x08009cb4   0x0000001c   Data   RO          334    .constdata          freertos.o
    0x08009cd0   0x08009cd0   0x00000010   Data   RO         1048    .constdata          system_stm32h7xx.o
    0x08009ce0   0x08009ce0   0x00000008   Data   RO         3195    .constdata          stm32h7xx_hal_dma.o
    0x08009ce8   0x08009ce8   0x0000025c   Data   RO         5724    .constdata          stm32h7xx_hal_jpeg.o
    0x08009f44   0x08009f44   0x00000018   Data   RO         6371    .constdata          stm32h7xx_hal_uart.o
    0x08009f5c   0x08009f5c   0x00000010   Data   RO         6737    .constdata          stm32h7xx_hal_uart_ex.o
    0x08009f6c   0x08009f6c   0x0000000c   Data   RO          335    .conststring        freertos.o
    0x08009f78   0x08009f78   0x00000020   Data   RO         9684    Region$$Table       anon$$obj.o


    Execution Region RW_IRAM1 (Exec base: 0x20000000, Load base: 0x08009f98, Size: 0x00000000, Max: 0x00020000, ABSOLUTE)

    **** No section assigned to this execution region ****


    Execution Region RW_IRAM2 (Exec base: 0x24000000, Load base: 0x08009f98, Size: 0x000050e0, Max: 0x00080000, ABSOLUTE)

    Exec Addr    Load Addr    Size         Type   Attr      Idx    E Section Name        Object

    0x24000000   0x08009f98   0x00000020   Data   RW          336    .data               freertos.o
    0x24000020   0x08009fb8   0x00000008   Data   RW          594    .data               fmc.o
    0x24000028   0x08009fc0   0x00000008   Data   RW          873    .data               stm32h7xx_it.o
    0x24000030   0x08009fc8   0x00000008   Data   RW         1049    .data               system_stm32h7xx.o
    0x24000038   0x08009fd0   0x0000000c   Data   RW         4086    .data               stm32h7xx_hal.o
    0x24000044   0x08009fdc   0x0000003c   Data   RW         7362    .data               tasks.o
    0x24000080   0x0800a018   0x00000014   Data   RW         7646    .data               timers.o
    0x24000094   0x0800a02c   0x00000020   Data   RW         8147    .data               heap_4.o
    0x240000b4   0x0800a04c   0x0000000c   Data   RW         8203    .data               port.o
    0x240000c0   0x0800a058   0x00000004   Data   RW         9119    .data               software_timer.o
    0x240000c4   0x0800a05c   0x00000004   Data   RW         9660    .data               mc_w.l(stdout.o)
    0x240000c8        -       0x0000070c   Zero   RW          333    .bss                freertos.o
    0x240007d4        -       0x000000dc   Zero   RW          442    .bss                adc.o
    0x240008b0        -       0x000000c8   Zero   RW          484    .bss                dcmi.o
    0x24000978        -       0x00000068   Zero   RW          550    .bss                dma2d.o
    0x240009e0        -       0x00000034   Zero   RW          593    .bss                fmc.o
    0x24000a14        -       0x00000130   Zero   RW          640    .bss                jpeg.o
    0x24000b44        -       0x00000100   Zero   RW          706    .bss                spi.o
    0x24000c44        -       0x00000098   Zero   RW          750    .bss                tim.o
    0x24000cdc        -       0x000001a0   Zero   RW          804    .bss                usart.o
    0x24000e7c        -       0x0000004c   Zero   RW         1009    .bss                stm32h7xx_hal_timebase_tim.o
    0x24000ec8        -       0x00000040   Zero   RW         7009    .bss                queue.o
    0x24000f08        -       0x000000f0   Zero   RW         7361    .bss                tasks.o
    0x24000ff8        -       0x000000e8   Zero   RW         7645    .bss                timers.o
    0x240010e0        -       0x00003c00   Zero   RW         8146    .bss                heap_4.o
    0x24004ce0        -       0x00000400   Zero   RW            1    STACK               startup_stm32h743xx.o


==============================================================================

Image component sizes


      Code (inc. data)   RO Data    RW Data    ZI Data      Debug   Object Name

       440         44          0          0        220       2219   adc.o
       122          0          0          0          0      23509   cmsis_os.o
       408         46          0          0        200       2128   dcmi.o
        76          4          0          0          0        938   dma.o
       112         18          0          0        104       1757   dma2d.o
         0          0          0          0          0      20008   event_groups.o
       324         40          0          8         52       2504   fmc.o
       312         84         40         32       1804      10877   freertos.o
       276         52          0          0          0       2084   gimbal.o
       272         18          0          0          0       1259   gpio.o
       476         24          0         32      15360       5071   heap_4.o
        10          0          0          0          0       1108   joystick.o
       264         24          0          0        304       2033   jpeg.o
       138          0          0          0          0       3758   list.o
       350         14          0          0          0    1423348   main.o
        44          4          0          0          0        935   mdma.o
        36          6          0          0          0       1139   pid.o
       790         84          0         12          0      12133   port.o
      1740         22          0          0         64      20146   queue.o
       156         12          0          0          0       1361   sdram.o
        80         40          0          4          0        846   software_timer.o
       368         38          0          0        256       2118   spi.o
        44         12        664          0       1024        852   startup_stm32h743xx.o
       168         36          0         12          0      22901   stm32h7xx_hal.o
      2000        210          0          0          0      69138   stm32h7xx_hal_adc.o
       460         32          0          0          0      64473   stm32h7xx_hal_adc_ex.o
       316         28          0          0          0      41220   stm32h7xx_hal_cortex.o
       352          8          0          0          0       4509   stm32h7xx_hal_dcmi.o
      3912        152          8          0          0       8807   stm32h7xx_hal_dma.o
       336         16          0          0          0       2445   stm32h7xx_hal_dma2d.o
       602         50          0          0          0       4251   stm32h7xx_hal_gpio.o
      1272         32        604          0          0      10220   stm32h7xx_hal_jpeg.o
       734         12          0          0          0       4203   stm32h7xx_hal_mdma.o
        36          4          0          0          0        978   stm32h7xx_hal_msp.o
        84          6          0          0          0        801   stm32h7xx_hal_pwr_ex.o
      2558        110          0          0          0       8001   stm32h7xx_hal_rcc.o
      4776        174          0          0          0      10707   stm32h7xx_hal_rcc_ex.o
       186          4          0          0          0       3036   stm32h7xx_hal_sdram.o
      1152         18          0          0          0       7403   stm32h7xx_hal_spi.o
      2288        260          0          0          0      15815   stm32h7xx_hal_tim.o
       170         30          0          0          0       3312   stm32h7xx_hal_tim_ex.o
       132         22          0          0         76       1623   stm32h7xx_hal_timebase_tim.o
      1824        112         24          0          0      27002   stm32h7xx_hal_uart.o
       284          6         16          0          0       3889   stm32h7xx_hal_uart_ex.o
       402        148          0          8          0       9652   stm32h7xx_it.o
       338         12          0          0          0       4436   stm32h7xx_ll_fmc.o
         0          0          0          0          0        408   stream_buffer.o
       276         48         16          8          0       2073   system_stm32h7xx.o
      2134        164          0         60        240      27851   tasks.o
       448         52          0          0        152       3312   tim.o
      1080         80          0         20        232      32242   timers.o
       516         48          0          0        416       4918   usart.o

    ----------------------------------------------------------------------
     35726       2460       1404        196      20504    1941757   Object Totals
         0          0         32          0          0          0   (incl. Generated)
        52          0          0          0          0          0   (incl. Padding)

    ----------------------------------------------------------------------

      Code (inc. data)   RO Data    RW Data    ZI Data      Debug   Library Member Name

         0          0          0          0          0          0   entry.o
         0          0          0          0          0          0   entry10a.o
         0          0          0          0          0          0   entry11a.o
         8          4          0          0          0          0   entry2.o
         4          0          0          0          0          0   entry5.o
         0          0          0          0          0          0   entry7b.o
         0          0          0          0          0          0   entry8b.o
         8          4          0          0          0          0   entry9a.o
        30          0          0          0          0          0   handlers.o
        36          8          0          0          0         68   init.o
         0          0          0          0          0          0   iusefp.o
        30          0          0          0          0         68   llshl.o
        36          0          0          0          0         68   llsshr.o
        32          0          0          0          0         68   llushr.o
        36          0          0          0          0         68   memcpya.o
        36          0          0          0          0        108   memseta.o
      2258         90          0          0          0        452   printfa.o
         0          0          0          4          0          0   stdout.o
        44          0          0          0          0         80   uidiv.o
        98          0          0          0          0         92   uldiv.o
        48          0          0          0          0         68   cdrcmple.o
       334          0          0          0          0        148   dadd.o
       222          0          0          0          0        100   ddiv.o
       186          0          0          0          0        176   depilogue.o
        48          0          0          0          0         68   dfixul.o
       228          0          0          0          0         96   dmul.o

    ----------------------------------------------------------------------
      3726        106          0          4          0       1728   Library Totals
         4          0          0          0          0          0   (incl. Padding)

    ----------------------------------------------------------------------

      Code (inc. data)   RO Data    RW Data    ZI Data      Debug   Library Name

      2656        106          0          4          0       1072   mc_w.l
      1066          0          0          0          0        656   mf_w.l

    ----------------------------------------------------------------------
      3726        106          0          4          0       1728   Library Totals

    ----------------------------------------------------------------------

==============================================================================


      Code (inc. data)   RO Data    RW Data    ZI Data      Debug   

     39452       2566       1404        200      20504    1919105   Grand Totals
     39452       2566       1404        200      20504    1919105   ELF Image Totals
     39452       2566       1404        200          0          0   ROM Totals

==============================================================================

    Total RO  Size (Code + RO Data)                40856 (  39.90kB)
    Total RW  Size (RW Data + ZI Data)             20704 (  20.22kB)
    Total ROM Size (Code + RO Data + RW Data)      41056 (  40.09kB)

==============================================================================

